15:24:48 raspberrypi kernel: [94274.626450] unexport_store: invalid GPIO 59
Jul 14 15:24:48 raspberrypi kernel: [94274.626580] unexport_store: invalid GPIO 60
Jul 14 15:24:48 raspberrypi kernel: [94274.626803] unexport_store: invalid GPIO 61
Jul 14 15:24:48 raspberrypi kernel: [94274.626944] unexport_store: invalid GPIO 62
Jul 14 15:24:48 raspberrypi rsyslogd-2007: action 'action 17' suspended, next retry is Fri Jul 14 15:26:18 2017 [try http://www.rsyslog.com/e/2007 ]
Jul 14 15:24:54 raspberrypi kernel: [94280.766632] unexport_store: invalid GPIO 54
Jul 14 15:24:54 raspberrypi kernel: [94280.767032] unexport_store: invalid GPIO 55
Jul 14 15:24:54 raspberrypi kernel: [94280.767230] unexport_store: invalid GPIO 56
Jul 14 15:24:54 raspberrypi kernel: [94280.767362] unexport_store: invalid GPIO 57
Jul 14 15:24:54 raspberrypi kernel: [94280.767492] unexport_store: invalid GPIO 58
Jul 14 15:24:54 raspberrypi kernel: [94280.767622] unexport_store: invalid GPIO 59
Jul 14 15:24:54 raspberrypi kernel: [94280.767751] unexport_store: invalid GPIO 60
Jul 14 15:24:54 raspberrypi kernel: [94280.767879] unexport_store: invalid GPIO 61
Jul 14 15:24:54 raspberrypi kernel: [94280.768008] unexport_store: invalid GPIO 62
Jul 14 15:25:00 raspberrypi kernel: [94286.897152] unexport_store: invalid GPIO 54
Jul 14 15:25:00 raspberrypi kernel: [94286.897290] unexport_store: invalid GPIO 55
Jul 14 15:25:00 raspberrypi kernel: [94286.897420] unexport_store: invalid GPIO 56
Jul 14 15:25:00 raspberrypi kernel: [94286.897548] unexport_store: invalid GPIO 57
Jul 14 15:25:00 raspberrypi kernel: [94286.897677] unexport_store: invalid GPIO 58
Jul 14 15:25:00 raspberrypi kernel: [94286.897806] unexport_store: invalid GPIO 59
Jul 14 15:25:00 raspberrypi kernel: [94286.897968] unexport_store: invalid GPIO 60
Jul 14 15:25:00 raspberrypi kernel: [94286.898097] unexport_store: invalid GPIO 61
Jul 14 15:25:00 raspberrypi kernel: [94286.898227] unexport_store: invalid GPIO 62
Jul 14 15:25:06 raspberrypi kernel: [94293.029117] unexport_store: invalid GPIO 54
Jul 14 15:25:06 raspberrypi kernel: [94293.029256] unexport_store: invalid GPIO 55
Jul 14 15:25:06 raspberrypi kernel: [94293.029386] unexport_store: invalid GPIO 56
Jul 14 15:25:06 raspberrypi kernel: [94293.029517] unexport_store: invalid GPIO 57
Jul 14 15:25:06 raspberrypi kernel: [94293.029647] unexport_store: invalid GPIO 58
Jul 14 15:25:06 raspberrypi kernel: [94293.029776] unexport_store: invalid GPIO 59
Jul 14 15:25:06 raspberrypi kernel: [94293.029905] unexport_store: invalid GPIO 60
Jul 14 15:25:06 raspberrypi kernel: [94293.030036] unexport_store: invalid GPIO 61
Jul 14 15:25:06 raspberrypi kernel: [94293.030166] unexport_store: invalid GPIO 62
Jul 14 15:25:12 raspberrypi kernel: [94299.166047] unexport_store: invalid GPIO 54
Jul 14 15:25:12 raspberrypi kernel: [94299.166185] unexport_store: invalid GPIO 55
Jul 14 15:25:12 raspberrypi kernel: [94299.166315] unexport_store: invalid GPIO 56
Jul 14 15:25:12 raspberrypi kernel: [94299.166445] unexport_store: invalid GPIO 57
Jul 14 15:25:12 raspberrypi kernel: [94299.166574] unexport_store: invalid GPIO 58
Jul 14 15:25:12 raspberrypi kernel: [94299.166703] unexport_store: invalid GPIO 59
Jul 14 15:25:12 raspberrypi kernel: [94299.166838] unexport_store: invalid GPIO 60
Jul 14 15:25:12 raspberrypi kernel: [94299.167174] unexport_store: invalid GPIO 61
Jul 14 15:25:12 raspberrypi kernel: [94299.167306] unexport_store: invalid GPIO 62
Jul 14 15:25:18 raspberrypi kernel: [94305.309044] unexport_store: invalid GPIO 54
Jul 14 15:25:18 raspberrypi kernel: [94305.309183] unexport_store: invalid GPIO 55
Jul 14 15:25:18 raspberrypi kernel: [94305.309312] unexport_store: invalid GPIO 56
Jul 14 15:25:18 raspberrypi kernel: [94305.309441] unexport_store: invalid GPIO 57
Jul 14 15:25:18 raspberrypi kernel: [94305.309570] unexport_store: invalid GPIO 58
Jul 14 15:25:18 raspberrypi kernel: [94305.309699] unexport_store: invalid GPIO 59
Jul 14 15:25:18 raspberrypi kernel: [94305.309828] unexport_store: invalid GPIO 60
Jul 14 15:25:18 raspberrypi kernel: [94305.309956] unexport_store: invalid GPIO 61
Jul 14 15:25:18 raspberrypi kernel: [94305.310085] unexport_store: invalid GPIO 62
Jul 14 15:25:24 raspberrypi kernel: [94311.440851] unexport_store: invalid GPIO 54
Jul 14 15:25:24 raspberrypi kernel: [94311.440990] unexport_store: invalid GPIO 55
Jul 14 15:25:24 raspberrypi kernel: [94311.441120] unexport_store: invalid GPIO 56
Jul 14 15:25:24 raspberrypi kernel: [94311.441248] unexport_store: invalid GPIO 57
Jul 14 15:25:24 raspberrypi kernel: [94311.441376] unexport_store: invalid GPIO 58
Jul 14 15:25:24 raspberrypi kernel: [94311.441506] unexport_store: invalid GPIO 59
Jul 14 15:25:24 raspberrypi kernel: [94311.441635] unexport_store: invalid GPIO 60
Jul 14 15:25:24 raspberrypi kernel: [94311.441763] unexport_store: invalid GPIO 61
Jul 14 15:25:24 raspberrypi kernel: [94311.441892] unexport_store: invalid GPIO 62
Jul 14 15:25:31 raspberrypi kernel: [94317.579523] unexport_store: invalid GPIO 54
Jul 14 15:25:31 raspberrypi kernel: [94317.579660] unexport_store: invalid GPIO 55
Jul 14 15:25:31 raspberrypi kernel: [94317.579791] unexport_store: invalid GPIO 56
Jul 14 15:25:31 raspberrypi kernel: [94317.579929] unexport_store: invalid GPIO 57
Jul 14 15:25:31 raspberrypi kernel: [94317.580085] unexport_store: invalid GPIO 58
Jul 14 15:25:31 raspberrypi kernel: [94317.580241] unexport_store: invalid GPIO 59
Jul 14 15:25:31 raspberrypi kernel: [94317.580370] unexport_store: invalid GPIO 60
Jul 14 15:25:31 raspberrypi kernel: [94317.580499] unexport_store: invalid GPIO 61
Jul 14 15:25:31 raspberrypi kernel: [94317.580629] unexport_store: invalid GPIO 62
Jul 14 15:25:37 raspberrypi kernel: [94323.708628] unexport_store: invalid GPIO 54
Jul 14 15:25:37 raspberrypi kernel: [94323.708768] unexport_store: invalid GPIO 55
Jul 14 15:25:37 raspberrypi kernel: [94323.708956] unexport_store: invalid GPIO 56
Jul 14 15:25:37 raspberrypi kernel: [94323.709087] unexport_store: invalid GPIO 57
Jul 14 15:25:37 raspberrypi kernel: [94323.709218] unexport_store: invalid GPIO 58
Jul 14 15:25:37 raspberrypi kernel: [94323.709347] unexport_store: invalid GPIO 59
Jul 14 15:25:37 raspberrypi kernel: [94323.709476] unexport_store: invalid GPIO 60
Jul 14 15:25:37 raspberrypi kernel: [94323.709605] unexport_store: invalid GPIO 61
Jul 14 15:25:37 raspberrypi kernel: [94323.709735] unexport_store: invalid GPIO 62
Jul 14 15:25:43 raspberrypi kernel: [94329.837262] unexport_store: invalid GPIO 54
Jul 14 15:25:43 raspberrypi kernel: [94329.837405] unexport_store: invalid GPIO 55
Jul 14 15:25:43 raspberrypi kernel: [94329.837537] unexport_store: invalid GPIO 56
Jul 14 15:25:43 raspberrypi kernel: [94329.837695] unexport_store: invalid GPIO 57
Jul 14 15:25:43 raspberrypi kernel: [94329.837853] unexport_store: invalid GPIO 58
Jul 14 15:25:43 raspberrypi kernel: [94329.837985] unexport_store: invalid GPIO 59
Jul 14 15:25:43 raspberrypi kernel: [94329.838117] unexport_store: invalid GPIO 60
Jul 14 15:25:43 raspberrypi kernel: [94329.838249] unexport_store: invalid GPIO 61
Jul 14 15:25:43 raspberrypi kernel: [94329.838381] unexport_store: invalid GPIO 62
Jul 14 15:25:49 raspberrypi kernel: [94335.979154] unexport_store: invalid GPIO 54
Jul 14 15:25:49 raspberrypi kernel: [94335.979293] unexport_store: invalid GPIO 55
Jul 14 15:25:49 raspberrypi kernel: [94335.979422] unexport_store: invalid GPIO 56
Jul 14 15:25:49 raspberrypi kernel: [94335.979550] unexport_store: invalid GPIO 57
Jul 14 15:25:49 raspberrypi kernel: [94335.979679] unexport_store: invalid GPIO 58
Jul 14 15:25:49 raspberrypi kernel: [94335.979808] unexport_store: invalid GPIO 59
Jul 14 15:25:49 raspberrypi kernel: [94335.979936] unexport_store: invalid GPIO 60
Jul 14 15:25:49 raspberrypi kernel: [94335.980064] unexport_store: invalid GPIO 61
Jul 14 15:25:49 raspberrypi kernel: [94335.980192] unexport_store: invalid GPIO 62
Jul 14 15:25:55 raspberrypi kernel: [94342.104506] unexport_store: invalid GPIO 54
Jul 14 15:25:55 raspberrypi kernel: [94342.104644] unexport_store: invalid GPIO 55
Jul 14 15:25:55 raspberrypi kernel: [94342.104774] unexport_store: invalid GPIO 56
Jul 14 15:25:55 raspberrypi kernel: [94342.104902] unexport_store: invalid GPIO 57
Jul 14 15:25:55 raspberrypi kernel: [94342.105033] unexport_store: invalid GPIO 58
Jul 14 15:25:55 raspberrypi kernel: [94342.105162] unexport_store: invalid GPIO 59
Jul 14 15:25:55 raspberrypi kernel: [94342.105323] unexport_store: invalid GPIO 60
Jul 14 15:25:55 raspberrypi kernel: [94342.105453] unexport_store: invalid GPIO 61
Jul 14 15:25:55 raspberrypi kernel: [94342.105583] unexport_store: invalid GPIO 62
Jul 14 15:26:01 raspberrypi kernel: [94348.234804] unexport_store: invalid GPIO 54
Jul 14 15:26:01 raspberrypi kernel: [94348.234943] unexport_store: invalid GPIO 55
Jul 14 15:26:01 raspberrypi kernel: [94348.235073] unexport_store: invalid GPIO 56
Jul 14 15:26:01 raspberrypi kernel: [94348.235203] unexport_store: invalid GPIO 57
Jul 14 15:26:01 raspberrypi kernel: [94348.235332] unexport_store: invalid GPIO 58
Jul 14 15:26:01 raspberrypi kernel: [94348.235461] unexport_store: invalid GPIO 59
Jul 14 15:26:01 raspberrypi kernel: [94348.235590] unexport_store: invalid GPIO 60
Jul 14 15:26:01 raspberrypi kernel: [94348.235720] unexport_store: invalid GPIO 61
Jul 14 15:26:01 raspberrypi kernel: [94348.235850] unexport_store: invalid GPIO 62
Jul 14 15:26:07 raspberrypi kernel: [94354.370344] unexport_store: invalid GPIO 54
Jul 14 15:26:07 raspberrypi kernel: [94354.370483] unexport_store: invalid GPIO 55
Jul 14 15:26:07 raspberrypi kernel: [94354.370613] unexport_store: invalid GPIO 56
Jul 14 15:26:07 raspberrypi kernel: [94354.370742] unexport_store: invalid GPIO 57
Jul 14 15:26:07 raspberrypi kernel: [94354.370873] unexport_store: invalid GPIO 58
Jul 14 15:26:07 raspberrypi kernel: [94354.371002] unexport_store: invalid GPIO 59
Jul 14 15:26:07 raspberrypi kernel: [94354.371131] unexport_store: invalid GPIO 60
Jul 14 15:26:07 raspberrypi kernel: [94354.371262] unexport_store: invalid GPIO 61
Jul 14 15:26:07 raspberrypi kernel: [94354.371391] unexport_store: invalid GPIO 62
Jul 14 15:26:13 raspberrypi kernel: [94360.500319] unexport_store: invalid GPIO 54
Jul 14 15:26:13 raspberrypi kernel: [94360.500458] unexport_store: invalid GPIO 55
Jul 14 15:26:13 raspberrypi kernel: [94360.500587] unexport_store: invalid GPIO 56
Jul 14 15:26:13 raspberrypi kernel: [94360.500716] unexport_store: invalid GPIO 57
Jul 14 15:26:13 raspberrypi kernel: [94360.500845] unexport_store: invalid GPIO 58
Jul 14 15:26:13 raspberrypi kernel: [94360.500973] unexport_store: invalid GPIO 59
Jul 14 15:26:13 raspberrypi kernel: [94360.501102] unexport_store: invalid GPIO 60
Jul 14 15:26:13 raspberrypi kernel: [94360.501230] unexport_store: invalid GPIO 61
Jul 14 15:26:13 raspberrypi kernel: [94360.501358] unexport_store: invalid GPIO 62
Jul 14 15:26:20 raspberrypi kernel: [94366.622133] unexport_store: invalid GPIO 54
Jul 14 15:26:20 raspberrypi kernel: [94366.622271] unexport_store: invalid GPIO 55
Jul 14 15:26:20 raspberrypi kernel: [94366.622401] unexport_store: invalid GPIO 56
Jul 14 15:26:20 raspberrypi kernel: [94366.622533] unexport_store: invalid GPIO 57
Jul 14 15:26:20 raspberrypi kernel: [94366.622663] unexport_store: invalid GPIO 58
Jul 14 15:26:20 raspberrypi kernel: [94366.622792] unexport_store: invalid GPIO 59
Jul 14 15:26:20 raspberrypi kernel: [94366.622921] unexport_store: invalid GPIO 60
Jul 14 15:26:20 raspberrypi kernel: [94366.623050] unexport_store: invalid GPIO 61
Jul 14 15:26:20 raspberrypi kernel: [94366.623179] unexport_store: invalid GPIO 62
Jul 14 15:26:20 raspberrypi rsyslogd-2007: action 'action 17' suspended, next retry is Fri Jul 14 15:27:50 2017 [try http://www.rsyslog.com/e/2007 ]
Jul 14 15:26:26 raspberrypi kernel: [94373.014592] unexport_store: invalid GPIO 54
Jul 14 15:26:26 raspberrypi kernel: [94373.014731] unexport_store: invalid GPIO 55
Jul 14 15:26:26 raspberrypi kernel: [94373.014861] unexport_store: invalid GPIO 56
Jul 14 15:26:26 raspberrypi kernel: [94373.014991] unexport_store: invalid GPIO 57
Jul 14 15:26:26 raspberrypi kernel: [94373.015121] unexport_store: invalid GPIO 58
Jul 14 15:26:26 raspberrypi kernel: [94373.015250] unexport_store: invalid GPIO 59
Jul 14 15:26:26 raspberrypi kernel: [94373.015378] unexport_store: invalid GPIO 60
Jul 14 15:26:26 raspberrypi kernel: [94373.015508] unexport_store: invalid GPIO 61
Jul 14 15:26:26 raspberrypi kernel: [94373.015637] unexport_store: invalid GPIO 62
Jul 14 15:26:32 raspberrypi kernel: [94379.152095] unexport_store: invalid GPIO 54
Jul 14 15:26:32 raspberrypi kernel: [94379.152234] unexport_store: invalid GPIO 55
Jul 14 15:26:32 raspberrypi kernel: [94379.152364] unexport_store: invalid GPIO 56
Jul 14 15:26:32 raspberrypi kernel: [94379.152494] unexport_store: invalid GPIO 57
Jul 14 15:26:32 raspberrypi kernel: [94379.152624] unexport_store: invalid GPIO 58
Jul 14 15:26:32 raspberrypi kernel: [94379.152753] unexport_store: invalid GPIO 59
Jul 14 15:26:32 raspberrypi kernel: [94379.152882] unexport_store: invalid GPIO 60
Jul 14 15:26:32 raspberrypi kernel: [94379.153011] unexport_store: invalid GPIO 61
Jul 14 15:26:32 raspberrypi kernel: [94379.153140] unexport_store: invalid GPIO 62
Jul 14 15:26:38 raspberrypi kernel: [94385.282452] unexport_store: invalid GPIO 54
Jul 14 15:26:38 raspberrypi kernel: [94385.282592] unexport_store: invalid GPIO 55
Jul 14 15:26:38 raspberrypi kernel: [94385.282722] unexport_store: invalid GPIO 56
Jul 14 15:26:38 raspberrypi kernel: [94385.282852] unexport_store: invalid GPIO 57
Jul 14 15:26:38 raspberrypi kernel: [94385.282982] unexport_store: invalid GPIO 58
Jul 14 15:26:38 raspberrypi kernel: [94385.283112] unexport_store: invalid GPIO 59
Jul 14 15:26:38 raspberrypi kernel: [94385.283241] unexport_store: invalid GPIO 60
Jul 14 15:26:38 raspberrypi kernel: [94385.283370] unexport_store: invalid GPIO 61
Jul 14 15:26:38 raspberrypi kernel: [94385.283502] unexport_store: invalid GPIO 62
Jul 14 15:26:44 raspberrypi kernel: [94391.412198] unexport_store: invalid GPIO 54
Jul 14 15:26:44 raspberrypi kernel: [94391.412338] unexport_store: invalid GPIO 55
Jul 14 15:26:44 raspberrypi kernel: [94391.412467] unexport_store: invalid GPIO 56
Jul 14 15:26:44 raspberrypi kernel: [94391.412597] unexport_store: invalid GPIO 57
Jul 14 15:26:44 raspberrypi kernel: [94391.412726] unexport_store: invalid GPIO 58
Jul 14 15:26:44 raspberrypi kernel: [94391.412855] unexport_store: invalid GPIO 59
Jul 14 15:26:44 raspberrypi kernel: [94391.412984] unexport_store: invalid GPIO 60
Jul 14 15:26:44 raspberrypi kernel: [94391.413113] unexport_store: invalid GPIO 61
Jul 14 15:26:44 raspberrypi kernel: [94391.413242] unexport_store: invalid GPIO 62
Jul 14 15:26:51 raspberrypi kernel: [94397.542150] unexport_store: invalid GPIO 54
Jul 14 15:26:51 raspberrypi kernel: [94397.542289] unexport_store: invalid GPIO 55
Jul 14 15:26:51 raspberrypi kernel: [94397.542418] unexport_store: invalid GPIO 56
Jul 14 15:26:51 raspberrypi kernel: [94397.542553] unexport_store: invalid GPIO 57
Jul 14 15:26:51 raspberrypi kernel: [94397.542708] unexport_store: invalid GPIO 58
Jul 14 15:26:51 raspberrypi kernel: [94397.542863] unexport_store: invalid GPIO 59
Jul 14 15:26:51 raspberrypi kernel: [94397.542992] unexport_store: invalid GPIO 60
Jul 14 15:26:51 raspberrypi kernel: [94397.543120] unexport_store: invalid GPIO 61
Jul 14 15:26:51 raspberrypi kernel: [94397.543249] unexport_store: invalid GPIO 62
Jul 14 15:26:57 raspberrypi kernel: [94403.682352] unexport_store: invalid GPIO 54
Jul 14 15:26:57 raspberrypi kernel: [94403.682491] unexport_store: invalid GPIO 55
Jul 14 15:26:57 raspberrypi kernel: [94403.682627] unexport_store: invalid GPIO 56
Jul 14 15:26:57 raspberrypi kernel: [94403.682756] unexport_store: invalid GPIO 57
Jul 14 15:26:57 raspberrypi kernel: [94403.682885] unexport_store: invalid GPIO 58
Jul 14 15:26:57 raspberrypi kernel: [94403.683013] unexport_store: invalid GPIO 59
Jul 14 15:26:57 raspberrypi kernel: [94403.683142] unexport_store: invalid GPIO 60
Jul 14 15:26:57 raspberrypi kernel: [94403.683271] unexport_store: invalid GPIO 61
Jul 14 15:26:57 raspberrypi kernel: [94403.683399] unexport_store: invalid GPIO 62
Jul 14 15:27:03 raspberrypi kernel: [94409.811753] unexport_store: invalid GPIO 54
Jul 14 15:27:03 raspberrypi kernel: [94409.811892] unexport_store: invalid GPIO 55
Jul 14 15:27:03 raspberrypi kernel: [94409.812022] unexport_store: invalid GPIO 56
Jul 14 15:27:03 raspberrypi kernel: [94409.812152] unexport_store: invalid GPIO 57
Jul 14 15:27:03 raspberrypi kernel: [94409.812280] unexport_store: invalid GPIO 58
Jul 14 15:27:03 raspberrypi kernel: [94409.812409] unexport_store: invalid GPIO 59
Jul 14 15:27:03 raspberrypi kernel: [94409.812538] unexport_store: invalid GPIO 60
Jul 14 15:27:03 raspberrypi kernel: [94409.812667] unexport_store: invalid GPIO 61
Jul 14 15:27:03 raspberrypi kernel: [94409.812795] unexport_store: invalid GPIO 62
Jul 14 15:27:09 raspberrypi kernel: [94415.937980] unexport_store: invalid GPIO 54
Jul 14 15:27:09 raspberrypi kernel: [94415.938120] unexport_store: invalid GPIO 55
Jul 14 15:27:09 raspberrypi kernel: [94415.938249] unexport_store: invalid GPIO 56
Jul 14 15:27:09 raspberrypi kernel: [94415.938378] unexport_store: invalid GPIO 57
Jul 14 15:27:09 raspberrypi kernel: [94415.938507] unexport_store: invalid GPIO 58
Jul 14 15:27:09 raspberrypi kernel: [94415.938636] unexport_store: invalid GPIO 59
Jul 14 15:27:09 raspberrypi kernel: [94415.938766] unexport_store: invalid GPIO 60
Jul 14 15:27:09 raspberrypi kernel: [94415.938894] unexport_store: invalid GPIO 61
Jul 14 15:27:09 raspberrypi kernel: [94415.939023] unexport_store: invalid GPIO 62
Jul 14 15:27:15 raspberrypi kernel: [94422.075617] unexport_store: invalid GPIO 54
Jul 14 15:27:15 raspberrypi kernel: [94422.075759] unexport_store: invalid GPIO 55
Jul 14 15:27:15 raspberrypi kernel: [94422.075892] unexport_store: invalid GPIO 56
Jul 14 15:27:15 raspberrypi kernel: [94422.076025] unexport_store: invalid GPIO 57
Jul 14 15:27:15 raspberrypi kernel: [94422.076157] unexport_store: invalid GPIO 58
Jul 14 15:27:15 raspberrypi kernel: [94422.076290] unexport_store: invalid GPIO 59
Jul 14 15:27:15 raspberrypi kernel: [94422.076423] unexport_store: invalid GPIO 60
Jul 14 15:27:15 raspberrypi kernel: [94422.076555] unexport_store: invalid GPIO 61
Jul 14 15:27:15 raspberrypi kernel: [94422.076687] unexport_store: invalid GPIO 62
Jul 14 15:27:21 raspberrypi kernel: [94428.204302] unexport_store: invalid GPIO 54
Jul 14 15:27:21 raspberrypi kernel: [94428.204443] unexport_store: invalid GPIO 55
Jul 14 15:27:21 raspberrypi kernel: [94428.204574] unexport_store: invalid GPIO 56
Jul 14 15:27:21 raspberrypi kernel: [94428.204707] unexport_store: invalid GPIO 57
Jul 14 15:27:21 raspberrypi kernel: [94428.204838] unexport_store: invalid GPIO 58
Jul 14 15:27:21 raspberrypi kernel: [94428.204969] unexport_store: invalid GPIO 59
Jul 14 15:27:21 raspberrypi kernel: [94428.205100] unexport_store: invalid GPIO 60
Jul 14 15:27:21 raspberrypi kernel: [94428.205231] unexport_store: invalid GPIO 61
Jul 14 15:27:21 raspberrypi kernel: [94428.205361] unexport_store: invalid GPIO 62
Jul 14 15:27:27 raspberrypi kernel: [94434.336632] unexport_store: invalid GPIO 54
Jul 14 15:27:27 raspberrypi kernel: [94434.336772] unexport_store: invalid GPIO 55
Jul 14 15:27:27 raspberrypi kernel: [94434.336901] unexport_store: invalid GPIO 56
Jul 14 15:27:27 raspberrypi kernel: [94434.337030] unexport_store: invalid GPIO 57
Jul 14 15:27:27 raspberrypi kernel: [94434.337159] unexport_store: invalid GPIO 58
Jul 14 15:27:27 raspberrypi kernel: [94434.337287] unexport_store: invalid GPIO 59
Jul 14 15:27:27 raspberrypi kernel: [94434.337416] unexport_store: invalid GPIO 60
Jul 14 15:27:27 raspberrypi kernel: [94434.337545] unexport_store: invalid GPIO 61
Jul 14 15:27:27 raspberrypi kernel: [94434.337673] unexport_store: invalid GPIO 62
Jul 14 15:27:33 raspberrypi kernel: [94440.466971] unexport_store: invalid GPIO 54
Jul 14 15:27:33 raspberrypi kernel: [94440.467109] unexport_store: invalid GPIO 55
Jul 14 15:27:33 raspberrypi kernel: [94440.467240] unexport_store: invalid GPIO 56
Jul 14 15:27:33 raspberrypi kernel: [94440.467369] unexport_store: invalid GPIO 57
Jul 14 15:27:33 raspberrypi kernel: [94440.467498] unexport_store: invalid GPIO 58
Jul 14 15:27:33 raspberrypi kernel: [94440.467628] unexport_store: invalid GPIO 59
Jul 14 15:27:33 raspberrypi kernel: [94440.467756] unexport_store: invalid GPIO 60
Jul 14 15:27:33 raspberrypi kernel: [94440.467971] unexport_store: invalid GPIO 61
Jul 14 15:27:33 raspberrypi kernel: [94440.468124] unexport_store: invalid GPIO 62
Jul 14 15:27:40 raspberrypi kernel: [94446.572589] unexport_store: invalid GPIO 54
Jul 14 15:27:40 raspberrypi kernel: [94446.572770] unexport_store: invalid GPIO 55
Jul 14 15:27:40 raspberrypi kernel: [94446.572930] unexport_store: invalid GPIO 56
Jul 14 15:27:40 raspberrypi kernel: [94446.573062] unexport_store: invalid GPIO 57
Jul 14 15:27:40 raspberrypi kernel: [94446.573274] unexport_store: invalid GPIO 58
Jul 14 15:27:40 raspberrypi kernel: [94446.573463] unexport_store: invalid GPIO 59
Jul 14 15:27:40 raspberrypi kernel: [94446.573593] unexport_store: invalid GPIO 60
Jul 14 15:27:40 raspberrypi kernel: [94446.573722] unexport_store: invalid GPIO 61
Jul 14 15:27:40 raspberrypi kernel: [94446.573852] unexport_store: invalid GPIO 62
Jul 14 15:27:40 raspberrypi kernel: [94446.579898] unexport_store: invalid GPIO 54
Jul 14 15:27:40 raspberrypi kernel: [94446.580034] unexport_store: invalid GPIO 55
Jul 14 15:27:40 raspberrypi kernel: [94446.580163] unexport_store: invalid GPIO 56
Jul 14 15:27:40 raspberrypi kernel: [94446.580296] unexport_store: invalid GPIO 57
Jul 14 15:27:40 raspberrypi kernel: [94446.580424] unexport_store: invalid GPIO 58
Jul 14 15:27:40 raspberrypi kernel: [94446.580553] unexport_store: invalid GPIO 59
Jul 14 15:27:40 raspberrypi kernel: [94446.580682] unexport_store: invalid GPIO 60
Jul 14 15:27:40 raspberrypi kernel: [94446.580811] unexport_store: invalid GPIO 61
Jul 14 15:27:40 raspberrypi kernel: [94446.580939] unexport_store: invalid GPIO 62
Jul 14 15:27:46 raspberrypi kernel: [94452.850393] unexport_store: invalid GPIO 54
Jul 14 15:27:46 raspberrypi kernel: [94452.850533] unexport_store: invalid GPIO 55
Jul 14 15:27:46 raspberrypi kernel: [94452.850663] unexport_store: invalid GPIO 56
Jul 14 15:27:46 raspberrypi kernel: [94452.850793] unexport_store: invalid GPIO 57
Jul 14 15:27:46 raspberrypi kernel: [94452.850923] unexport_store: invalid GPIO 58
Jul 14 15:27:46 raspberrypi kernel: [94452.851052] unexport_store: invalid GPIO 59
Jul 14 15:27:46 raspberrypi kernel: [94452.851181] unexport_store: invalid GPIO 60
Jul 14 15:27:46 raspberrypi kernel: [94452.851310] unexport_store: invalid GPIO 61
Jul 14 15:27:46 raspberrypi kernel: [94452.851439] unexport_store: invalid GPIO 62
Jul 14 15:27:52 raspberrypi kernel: [94458.976573] unexport_store: invalid GPIO 54
Jul 14 15:27:52 raspberrypi kernel: [94458.976712] unexport_store: invalid GPIO 55
Jul 14 15:27:52 raspberrypi kernel: [94458.976846] unexport_store: invalid GPIO 56
Jul 14 15:27:52 raspberrypi kernel: [94458.976976] unexport_store: invalid GPIO 57
Jul 14 15:27:52 raspberrypi kernel: [94458.977106] unexport_store: invalid GPIO 58
Jul 14 15:27:52 raspberrypi kernel: [94458.977235] unexport_store: invalid GPIO 59
Jul 14 15:27:52 raspberrypi kernel: [94458.977363] unexport_store: invalid GPIO 60
Jul 14 15:27:52 raspberrypi kernel: [94458.977491] unexport_store: invalid GPIO 61
Jul 14 15:27:52 raspberrypi kernel: [94458.977620] unexport_store: invalid GPIO 62
Jul 14 15:27:52 raspberrypi rsyslogd-2007: action 'action 17' suspended, next retry is Fri Jul 14 15:29:22 2017 [try http://www.rsyslog.com/e/2007 ]
Jul 14 15:27:58 raspberrypi kernel: [94465.106668] unexport_store: invalid GPIO 54
Jul 14 15:27:58 raspberrypi kernel: [94465.106809] unexport_store: invalid GPIO 55
Jul 14 15:27:58 raspberrypi kernel: [94465.106940] unexport_store: invalid GPIO 56
Jul 14 15:27:58 raspberrypi kernel: [94465.107072] unexport_store: invalid GPIO 57
Jul 14 15:27:58 raspberrypi kernel: [94465.107203] unexport_store: invalid GPIO 58
Jul 14 15:27:58 raspberrypi kernel: [94465.107335] unexport_store: invalid GPIO 59
Jul 14 15:27:58 raspberrypi kernel: [94465.107465] unexport_store: invalid GPIO 60
Jul 14 15:27:58 raspberrypi kernel: [94465.107597] unexport_store: invalid GPIO 61
Jul 14 15:27:58 raspberrypi kernel: [94465.107727] unexport_store: invalid GPIO 62
Jul 14 15:28:04 raspberrypi kernel: [94471.246471] unexport_store: invalid GPIO 54
Jul 14 15:28:04 raspberrypi kernel: [94471.246609] unexport_store: invalid GPIO 55
Jul 14 15:28:04 raspberrypi kernel: [94471.246738] unexport_store: invalid GPIO 56
Jul 14 15:28:04 raspberrypi kernel: [94471.246867] unexport_store: invalid GPIO 57
Jul 14 15:28:04 raspberrypi kernel: [94471.246996] unexport_store: invalid GPIO 58
Jul 14 15:28:04 raspberrypi kernel: [94471.247126] unexport_store: invalid GPIO 59
Jul 14 15:28:04 raspberrypi kernel: [94471.247255] unexport_store: invalid GPIO 60
Jul 14 15:28:04 raspberrypi kernel: [94471.247384] unexport_store: invalid GPIO 61
Jul 14 15:28:04 raspberrypi kernel: [94471.247539] unexport_store: invalid GPIO 62
Jul 14 15:28:10 raspberrypi kernel: [94477.374422] unexport_store: invalid GPIO 54
Jul 14 15:28:10 raspberrypi kernel: [94477.374560] unexport_store: invalid GPIO 55
Jul 14 15:28:10 raspberrypi kernel: [94477.374689] unexport_store: invalid GPIO 56
Jul 14 15:28:10 raspberrypi kernel: [94477.374818] unexport_store: invalid GPIO 57
Jul 14 15:28:10 raspberrypi kernel: [94477.374947] unexport_store: invalid GPIO 58
Jul 14 15:28:10 raspberrypi kernel: [94477.375075] unexport_store: invalid GPIO 59
Jul 14 15:28:10 raspberrypi kernel: [94477.375203] unexport_store: invalid GPIO 60
Jul 14 15:28:10 raspberrypi kernel: [94477.375331] unexport_store: invalid GPIO 61
Jul 14 15:28:10 raspberrypi kernel: [94477.375460] unexport_store: invalid GPIO 62
Jul 14 15:28:16 raspberrypi rsyslogd: [origin software="rsyslogd" swVersion="8.4.2" x-pid="371" x-info="http://www.rsyslog.com"] exiting on signal 15.
Jul 14 15:28:22 raspberrypi rsyslogd: [origin software="rsyslogd" swVersion="8.4.2" x-pid="370" x-info="http://www.rsyslog.com"] start
Jul 14 15:28:22 raspberrypi kernel: [    0.000000] Booting Linux on physical CPU 0x0
Jul 14 15:28:22 raspberrypi kernel: [    0.000000] Initializing cgroup subsys cpuset
Jul 14 15:28:22 raspberrypi kernel: [    0.000000] Initializing cgroup subsys cpu
Jul 14 15:28:22 raspberrypi kernel: [    0.000000] Initializing cgroup subsys cpuacct
Jul 14 15:28:22 raspberrypi kernel: [    0.000000] Linux version 4.1.21-v7+ (harcok@cup) (gcc version 4.8.4 (Ubuntu/Linaro 4.8.4-2ubuntu1~14.04.1) ) #2 SMP Wed Jun 7 13:05:05 CEST 2017
Jul 14 15:28:22 raspberrypi kernel: [    0.000000] CPU: ARMv7 Processor [410fd034] revision 4 (ARMv7), cr=10c5383d
Jul 14 15:28:22 raspberrypi kernel: [    0.000000] CPU: PIPT / VIPT nonaliasing data cache, VIPT aliasing instruction cache
Jul 14 15:28:22 raspberrypi kernel: [    0.000000] Machine model: Raspberry Pi 3 Model B Rev 1.2
Jul 14 15:28:22 raspberrypi kernel: [    0.000000] Memory policy: Data cache writealloc
Jul 14 15:28:22 raspberrypi kernel: [    0.000000] [bcm2709_smp_init_cpus] enter (96e0->f3003010)
Jul 14 15:28:22 raspberrypi kernel: [    0.000000] [bcm2709_smp_init_cpus] ncores=4
Jul 14 15:28:22 raspberrypi kernel: [    0.000000] PERCPU: Embedded 15 pages/cpu @ba75f000 s32512 r8192 d20736 u61440
Jul 14 15:28:22 raspberrypi kernel: [    0.000000] Built 1 zonelists in Zone order, mobility grouping on.  Total pages: 239540
Jul 14 15:28:22 raspberrypi kernel: [    0.000000] Kernel command line: console=ttyAMA0,115200 kgdboc=ttyAMA0,115200 root=/dev/mmcblk0p2 rootfstype=ext4 rootwait 8250.nr_uarts=0 dma.dmachans=0x7f35 bcm2708_fb.fbwidth=1280 bcm2708_fb.fbheight=1024 bcm2709.boardrev=0xa02082 bcm2709.serial=0x50fcc9ca smsc95xx.macaddr=B8:27:EB:FC:C9:CA bcm2708_fb.fbswap=1 bcm2709.uart_clock=48000000 vc_mem.mem_base=0x3dc00000 vc_mem.mem_size=0x3f000000  dwc_otg.lpm_enable=0 console=ttyS0,115200 console=tty1 root=/dev/mmcblk0p2 rootfstype=ext4 elevator=deadline fsck.repair=yes rootwait
Jul 14 15:28:22 raspberrypi kernel: [    0.000000] PID hash table entries: 4096 (order: 2, 16384 bytes)
Jul 14 15:28:22 raspberrypi kernel: [    0.000000] Dentry cache hash table entries: 131072 (order: 7, 524288 bytes)
Jul 14 15:28:22 raspberrypi kernel: [    0.000000] Inode-cache hash table entries: 65536 (order: 6, 262144 bytes)
Jul 14 15:28:22 raspberrypi kernel: [    0.000000] Memory: 947324K/966656K available (6166K kernel code, 571K rwdata, 1684K rodata, 468K init, 786K bss, 19332K reserved, 0K cma-reserved)
Jul 14 15:28:22 raspberrypi kernel: [    0.000000] Virtual kernel memory layout:
Jul 14 15:28:22 raspberrypi kernel: [    0.000000]     vector  : 0xffff0000 - 0xffff1000   (   4 kB)
Jul 14 15:28:22 raspberrypi kernel: [    0.000000]     fixmap  : 0xffc00000 - 0xfff00000   (3072 kB)
Jul 14 15:28:22 raspberrypi kernel: [    0.000000]     vmalloc : 0xbb800000 - 0xff000000   (1080 MB)
Jul 14 15:28:22 raspberrypi kernel: [    0.000000]     lowmem  : 0x80000000 - 0xbb000000   ( 944 MB)
Jul 14 15:28:22 raspberrypi kernel: [    0.000000]     modules : 0x7f000000 - 0x80000000   (  16 MB)
Jul 14 15:28:22 raspberrypi kernel: [    0.000000]       .text : 0x80008000 - 0x807b2ae0   (7851 kB)
Jul 14 15:28:22 raspberrypi kernel: [    0.000000]       .init : 0x807b3000 - 0x80828000   ( 468 kB)
Jul 14 15:28:22 raspberrypi kernel: [    0.000000]       .data : 0x80828000 - 0x808b6f08   ( 572 kB)
Jul 14 15:28:22 raspberrypi kernel: [    0.000000]        .bss : 0x808b9000 - 0x8097d95c   ( 787 kB)
Jul 14 15:28:22 raspberrypi kernel: [    0.000000] SLUB: HWalign=64, Order=0-3, MinObjects=0, CPUs=4, Nodes=1
Jul 14 15:28:22 raspberrypi kernel: [    0.000000] Hierarchical RCU implementation.
Jul 14 15:28:22 raspberrypi kernel: [    0.000000] 	Additional per-CPU info printed with stalls.
Jul 14 15:28:22 raspberrypi kernel: [    0.000000] NR_IRQS:608
Jul 14 15:28:22 raspberrypi kernel: [    0.000000] Architected cp15 timer(s) running at 19.20MHz (phys).
Jul 14 15:28:22 raspberrypi kernel: [    0.000000] I-pipe, 19.200 MHz clocksource, wrap in 960767920505705 ms
Jul 14 15:28:22 raspberrypi kernel: [    0.000000] clocksource ipipe_tsc: mask: 0xffffffffffffffff max_cycles: 0x46d987e47, max_idle_ns: 440795202767 ns
Jul 14 15:28:22 raspberrypi kernel: [    0.000000] clocksource arch_sys_counter: mask: 0xffffffffffffff max_cycles: 0x46d987e47, max_idle_ns: 440795202767 ns
Jul 14 15:28:22 raspberrypi kernel: [    0.000000] sched_clock: 56 bits at 19MHz, resolution 52ns, wraps every 4398046511078ns
Jul 14 15:28:22 raspberrypi kernel: [    0.000001] Switching to timer-based delay loop, resolution 52ns
Jul 14 15:28:22 raspberrypi kernel: [    0.000901] Interrupt pipeline (release #9)
Jul 14 15:28:22 raspberrypi kernel: [    0.001143] Console: colour dummy device 80x30
Jul 14 15:28:22 raspberrypi kernel: [    0.002604] console [tty1] enabled
Jul 14 15:28:22 raspberrypi kernel: [    0.002663] Calibrating delay loop (skipped), value calculated using timer frequency.. 38.40 BogoMIPS (lpj=192000)
Jul 14 15:28:22 raspberrypi kernel: [    0.002746] pid_max: default: 32768 minimum: 301
Jul 14 15:28:22 raspberrypi kernel: [    0.002934] Mount-cache hash table entries: 2048 (order: 1, 8192 bytes)
Jul 14 15:28:22 raspberrypi kernel: [    0.002986] Mountpoint-cache hash table entries: 2048 (order: 1, 8192 bytes)
Jul 14 15:28:22 raspberrypi kernel: [    0.004132] Initializing cgroup subsys blkio
Jul 14 15:28:22 raspberrypi kernel: [    0.004190] Initializing cgroup subsys memory
Jul 14 15:28:22 raspberrypi kernel: [    0.004246] Initializing cgroup subsys devices
Jul 14 15:28:22 raspberrypi kernel: [    0.004299] Initializing cgroup subsys freezer
Jul 14 15:28:22 raspberrypi kernel: [    0.004351] Initializing cgroup subsys net_cls
Jul 14 15:28:22 raspberrypi kernel: [    0.004446] CPU: Testing write buffer coherency: ok
Jul 14 15:28:22 raspberrypi kernel: [    0.005092] CPU0: update cpu_capacity 1024
Jul 14 15:28:22 raspberrypi kernel: [    0.005134] CPU0: thread -1, cpu 0, socket 0, mpidr 80000000
Jul 14 15:28:22 raspberrypi kernel: [    0.005179] [bcm2709_smp_prepare_cpus] enter
Jul 14 15:28:22 raspberrypi kernel: [    0.005321] Setting up static identity map for 0x8240 - 0x8274
Jul 14 15:28:22 raspberrypi kernel: [    0.007836] [bcm2709_boot_secondary] cpu:1 started (0) 18
Jul 14 15:28:22 raspberrypi kernel: [    0.008035] [bcm2709_secondary_init] enter cpu:1
Jul 14 15:28:22 raspberrypi kernel: [    0.008087] CPU1: update cpu_capacity 1024
Jul 14 15:28:22 raspberrypi kernel: [    0.008094] CPU1: thread -1, cpu 1, socket 0, mpidr 80000001
Jul 14 15:28:22 raspberrypi kernel: [    0.008717] [bcm2709_boot_secondary] cpu:2 started (0) 16
Jul 14 15:28:22 raspberrypi kernel: [    0.008882] [bcm2709_secondary_init] enter cpu:2
Jul 14 15:28:22 raspberrypi kernel: [    0.008912] CPU2: update cpu_capacity 1024
Jul 14 15:28:22 raspberrypi kernel: [    0.008919] CPU2: thread -1, cpu 2, socket 0, mpidr 80000002
Jul 14 15:28:22 raspberrypi kernel: [    0.009526] [bcm2709_boot_secondary] cpu:3 started (0) 17
Jul 14 15:28:22 raspberrypi kernel: [    0.009657] [bcm2709_secondary_init] enter cpu:3
Jul 14 15:28:22 raspberrypi kernel: [    0.009685] CPU3: update cpu_capacity 1024
Jul 14 15:28:22 raspberrypi kernel: [    0.009692] CPU3: thread -1, cpu 3, socket 0, mpidr 80000003
Jul 14 15:28:22 raspberrypi kernel: [    0.009830] Brought up 4 CPUs
Jul 14 15:28:22 raspberrypi kernel: [    0.009868] SMP: Total of 4 processors activated (153.60 BogoMIPS).
Jul 14 15:28:22 raspberrypi kernel: [    0.009912] CPU: All CPU(s) started in HYP mode.
Jul 14 15:28:22 raspberrypi kernel: [    0.009950] CPU: Virtualization extensions available.
Jul 14 15:28:22 raspberrypi kernel: [    0.011555] devtmpfs: initialized
Jul 14 15:28:22 raspberrypi kernel: [    0.041531] VFP support v0.3: implementor 41 architecture 3 part 40 variant 3 rev 4
Jul 14 15:28:22 raspberrypi kernel: [    0.041887] clocksource jiffies: mask: 0xffffffff max_cycles: 0xffffffff, max_idle_ns: 19112604462750000 ns
Jul 14 15:28:22 raspberrypi kernel: [    0.042622] pinctrl core: initialized pinctrl subsystem
Jul 14 15:28:22 raspberrypi kernel: [    0.043330] NET: Registered protocol family 16
Jul 14 15:28:22 raspberrypi kernel: [    0.048693] DMA: preallocated 4096 KiB pool for atomic coherent allocations
Jul 14 15:28:22 raspberrypi kernel: [    0.050351] bcm2709.uart_clock = 48000000
Jul 14 15:28:22 raspberrypi kernel: [    0.057211] hw-breakpoint: found 5 (+1 reserved) breakpoint and 4 watchpoint registers.
Jul 14 15:28:22 raspberrypi kernel: [    0.057278] hw-breakpoint: maximum watchpoint size is 8 bytes.
Jul 14 15:28:22 raspberrypi kernel: [    0.057527] Serial: AMBA PL011 UART driver
Jul 14 15:28:22 raspberrypi kernel: [    0.057620] uart-pl011 3f201000.uart: could not find pctldev for node /soc/gpio@7e200000/uart0_pins, deferring probe
Jul 14 15:28:22 raspberrypi kernel: [    0.057912] bcm2835-mbox 3f00b880.mailbox: mailbox enabled
Jul 14 15:28:22 raspberrypi kernel: [    0.142109] bcm2708-dmaengine 3f007000.dma: DMA legacy API manager at f3007000, dmachans=0xf35
Jul 14 15:28:22 raspberrypi kernel: [    0.142211] bcm2708-dmaengine 3f007000.dma: Initialized 7 DMA channels (+ 1 legacy)
Jul 14 15:28:22 raspberrypi kernel: [    0.143088] bcm2708-dmaengine 3f007000.dma: Load BCM2835 DMA engine driver
Jul 14 15:28:22 raspberrypi kernel: [    0.143140] bcm2708-dmaengine 3f007000.dma: dma_debug:0
Jul 14 15:28:22 raspberrypi kernel: [    0.143996] SCSI subsystem initialized
Jul 14 15:28:22 raspberrypi kernel: [    0.144290] usbcore: registered new interface driver usbfs
Jul 14 15:28:22 raspberrypi kernel: [    0.144446] usbcore: registered new interface driver hub
Jul 14 15:28:22 raspberrypi kernel: [    0.144633] usbcore: registered new device driver usb
Jul 14 15:28:22 raspberrypi kernel: [    0.145391] raspberrypi-firmware soc:firmware: Attached to firmware from 2016-05-20 19:01
Jul 14 15:28:22 raspberrypi kernel: [    0.173276] Switched to clocksource ipipe_tsc
Jul 14 15:28:22 raspberrypi kernel: [    0.239325] FS-Cache: Loaded
Jul 14 15:28:22 raspberrypi kernel: [    0.239704] CacheFiles: Loaded
Jul 14 15:28:22 raspberrypi kernel: [    0.254961] NET: Registered protocol family 2
Jul 14 15:28:22 raspberrypi kernel: [    0.256164] TCP established hash table entries: 8192 (order: 3, 32768 bytes)
Jul 14 15:28:22 raspberrypi kernel: [    0.256324] TCP bind hash table entries: 8192 (order: 4, 65536 bytes)
Jul 14 15:28:22 raspberrypi kernel: [    0.256549] TCP: Hash tables configured (established 8192 bind 8192)
Jul 14 15:28:22 raspberrypi kernel: [    0.256690] UDP hash table entries: 512 (order: 2, 16384 bytes)
Jul 14 15:28:22 raspberrypi kernel: [    0.256775] UDP-Lite hash table entries: 512 (order: 2, 16384 bytes)
Jul 14 15:28:22 raspberrypi kernel: [    0.257262] NET: Registered protocol family 1
Jul 14 15:28:22 raspberrypi kernel: [    0.257730] RPC: Registered named UNIX socket transport module.
Jul 14 15:28:22 raspberrypi kernel: [    0.257777] RPC: Registered udp transport module.
Jul 14 15:28:22 raspberrypi kernel: [    0.257817] RPC: Registered tcp transport module.
Jul 14 15:28:22 raspberrypi kernel: [    0.257856] RPC: Registered tcp NFSv4.1 backchannel transport module.
Jul 14 15:28:22 raspberrypi kernel: [    0.259438] hw perfevents: enabled with armv7_cortex_a7 PMU driver, 7 counters available
Jul 14 15:28:22 raspberrypi kernel: [    0.260981] futex hash table entries: 1024 (order: 4, 65536 bytes)
Jul 14 15:28:22 raspberrypi kernel: [    0.261767] [Xenomai] scheduling class idle registered.
Jul 14 15:28:22 raspberrypi kernel: [    0.261812] [Xenomai] scheduling class rt registered.
Jul 14 15:28:22 raspberrypi kernel: [    0.262051] I-pipe: head domain Xenomai registered.
Jul 14 15:28:22 raspberrypi kernel: [    0.265035] [Xenomai] Cobalt v3.0.5 (Sisyphus's Boulder) 
Jul 14 15:28:22 raspberrypi kernel: [    0.284501] VFS: Disk quotas dquot_6.6.0
Jul 14 15:28:22 raspberrypi kernel: [    0.284991] VFS: Dquot-cache hash table entries: 1024 (order 0, 4096 bytes)
Jul 14 15:28:22 raspberrypi kernel: [    0.288065] FS-Cache: Netfs 'nfs' registered for caching
Jul 14 15:28:22 raspberrypi kernel: [    0.289476] NFS: Registering the id_resolver key type
Jul 14 15:28:22 raspberrypi kernel: [    0.289562] Key type id_resolver registered
Jul 14 15:28:22 raspberrypi kernel: [    0.289602] Key type id_legacy registered
Jul 14 15:28:22 raspberrypi kernel: [    0.292733] Block layer SCSI generic (bsg) driver version 0.4 loaded (major 250)
Jul 14 15:28:22 raspberrypi kernel: [    0.293003] io scheduler noop registered
Jul 14 15:28:22 raspberrypi kernel: [    0.293058] io scheduler deadline registered (default)
Jul 14 15:28:22 raspberrypi kernel: [    0.293546] io scheduler cfq registered
Jul 14 15:28:22 raspberrypi kernel: [    0.295553] BCM2708FB: allocated DMA memory fa3f0000
Jul 14 15:28:22 raspberrypi kernel: [    0.295620] BCM2708FB: allocated DMA channel 0 @ f3007000
Jul 14 15:28:22 raspberrypi kernel: [    0.315552] Console: switching to colour frame buffer device 160x64
Jul 14 15:28:22 raspberrypi kernel: [    0.327529] Serial: 8250/16550 driver, 0 ports, IRQ sharing disabled
Jul 14 15:28:22 raspberrypi kernel: [    0.329075] vc-mem: phys_addr:0x00000000 mem_base=0x3dc00000 mem_size:0x3f000000(1008 MiB)
Jul 14 15:28:22 raspberrypi kernel: [    0.346708] brd: module loaded
Jul 14 15:28:22 raspberrypi kernel: [    0.357379] loop: module loaded
Jul 14 15:28:22 raspberrypi kernel: [    0.358380] vchiq: vchiq_init_state: slot_zero = 0xbbd48000, is_master = 0
Jul 14 15:28:22 raspberrypi kernel: [    0.360198] Loading iSCSI transport class v2.0-870.
Jul 14 15:28:22 raspberrypi kernel: [    0.361200] usbcore: registered new interface driver smsc95xx
Jul 14 15:28:22 raspberrypi kernel: [    0.361362] dwc_otg: version 3.00a 10-AUG-2012 (platform bus)
Jul 14 15:28:22 raspberrypi kernel: [    0.561932] Core Release: 2.80a
Jul 14 15:28:22 raspberrypi kernel: [    0.562014] Setting default values for core params
Jul 14 15:28:22 raspberrypi kernel: [    0.562146] Finished setting default values for core params
Jul 14 15:28:22 raspberrypi kernel: [    0.762811] Using Buffer DMA mode
Jul 14 15:28:22 raspberrypi kernel: [    0.762890] Periodic Transfer Interrupt Enhancement - disabled
Jul 14 15:28:22 raspberrypi kernel: [    0.763003] Multiprocessor Interrupt Enhancement - disabled
Jul 14 15:28:22 raspberrypi kernel: [    0.763113] OTG VER PARAM: 0, OTG VER FLAG: 0
Jul 14 15:28:22 raspberrypi kernel: [    0.763218] Dedicated Tx FIFOs mode
Jul 14 15:28:22 raspberrypi kernel: [    0.763551] WARN::dwc_otg_hcd_init:1047: FIQ DMA bounce buffers: virt = 0xbbd92000 dma = 0xf95a4000 len=9024
Jul 14 15:28:22 raspberrypi kernel: [    0.763748] FIQ FSM acceleration enabled for :
Jul 14 15:28:22 raspberrypi kernel: [    0.763748] Non-periodic Split Transactions
Jul 14 15:28:22 raspberrypi kernel: [    0.763748] Periodic Split Transactions
Jul 14 15:28:22 raspberrypi kernel: [    0.763748] High-Speed Isochronous Endpoints
Jul 14 15:28:22 raspberrypi kernel: [    0.764098] WARN::hcd_init_fiq:412: FIQ on core 1 at 0x8042fb58
Jul 14 15:28:22 raspberrypi kernel: [    0.764224] WARN::hcd_init_fiq:413: FIQ ASM at 0x8042feb8 length 36
Jul 14 15:28:22 raspberrypi kernel: [    0.764351] WARN::hcd_init_fiq:438: MPHI regs_base at 0xbbd8c000
Jul 14 15:28:22 raspberrypi kernel: [    0.764507] dwc_otg 3f980000.usb: DWC OTG Controller
Jul 14 15:28:22 raspberrypi kernel: [    0.764643] dwc_otg 3f980000.usb: new USB bus registered, assigned bus number 1
Jul 14 15:28:22 raspberrypi kernel: [    0.764808] dwc_otg 3f980000.usb: irq 32, io mem 0x00000000
Jul 14 15:28:22 raspberrypi kernel: [    0.764972] Init: Port Power? op_state=1
Jul 14 15:28:22 raspberrypi kernel: [    0.765055] Init: Power Port (0)
Jul 14 15:28:22 raspberrypi kernel: [    0.770417] usb usb1: New USB device found, idVendor=1d6b, idProduct=0002
Jul 14 15:28:22 raspberrypi kernel: [    0.775550] usb usb1: New USB device strings: Mfr=3, Product=2, SerialNumber=1
Jul 14 15:28:22 raspberrypi kernel: [    0.780629] usb usb1: Product: DWC OTG Controller
Jul 14 15:28:22 raspberrypi kernel: [    0.785709] usb usb1: Manufacturer: Linux 4.1.21-v7+ dwc_otg_hcd
Jul 14 15:28:22 raspberrypi kernel: [    0.790763] usb usb1: SerialNumber: 3f980000.usb
Jul 14 15:28:22 raspberrypi kernel: [    0.796796] hub 1-0:1.0: USB hub found
Jul 14 15:28:22 raspberrypi kernel: [    0.801880] hub 1-0:1.0: 1 port detected
Jul 14 15:28:22 raspberrypi kernel: [    0.808050] usbcore: registered new interface driver usb-storage
Jul 14 15:28:22 raspberrypi kernel: [    0.813480] mousedev: PS/2 mouse device common for all mice
Jul 14 15:28:22 raspberrypi kernel: [    0.819394] sdhci: Secure Digital Host Controller Interface driver
Jul 14 15:28:22 raspberrypi kernel: [    0.824494] sdhci: Copyright(c) Pierre Ossman
Jul 14 15:28:22 raspberrypi kernel: [    0.829794] sdhost: log_buf @ bbd98000 (f957b000)
Jul 14 15:28:22 raspberrypi kernel: [    0.913349] mmc0: sdhost-bcm2835 loaded - DMA enabled (>1)
Jul 14 15:28:22 raspberrypi kernel: [    0.940999] mmc-bcm2835 3f300000.mmc: mmc_debug:0 mmc_debug2:0
Jul 14 15:28:22 raspberrypi kernel: [    0.946080] mmc-bcm2835 3f300000.mmc: DMA channel allocated
Jul 14 15:28:22 raspberrypi kernel: [    0.983471] sdhci-pltfm: SDHCI platform and OF driver helper
Jul 14 15:28:22 raspberrypi kernel: [    0.988987] ledtrig-cpu: registered to indicate activity on CPUs
Jul 14 15:28:22 raspberrypi kernel: [    0.994212] hidraw: raw HID events driver (C) Jiri Kosina
Jul 14 15:28:22 raspberrypi kernel: [    0.999453] usbcore: registered new interface driver usbhid
Jul 14 15:28:22 raspberrypi kernel: [    1.003423] Indeed it is in host mode hprt0 = 00021501
Jul 14 15:28:22 raspberrypi kernel: [    1.009447] usbhid: USB HID core driver
Jul 14 15:28:22 raspberrypi kernel: [    1.015720] Initializing XFRM netlink socket
Jul 14 15:28:22 raspberrypi kernel: [    1.020722] NET: Registered protocol family 17
Jul 14 15:28:22 raspberrypi kernel: [    1.025144] mmc0: host does not support reading read-only switch, assuming write-enable
Jul 14 15:28:22 raspberrypi kernel: [    1.027648] mmc0: new high speed SDHC card at address aaaa
Jul 14 15:28:22 raspberrypi kernel: [    1.035866] Key type dns_resolver registered
Jul 14 15:28:22 raspberrypi kernel: [    1.041726] Registering SWP/SWPB emulation handler
Jul 14 15:28:22 raspberrypi kernel: [    1.047703] registered taskstats version 1
Jul 14 15:28:22 raspberrypi kernel: [    1.052926] vc-sm: Videocore shared memory driver
Jul 14 15:28:22 raspberrypi kernel: [    1.058033] [vc_sm_connected_init]: start
Jul 14 15:28:22 raspberrypi kernel: [    1.063335] mmcblk0: mmc0:aaaa SL16G 14.8 GiB 
Jul 14 15:28:22 raspberrypi kernel: [    1.068913] [vc_sm_connected_init]: end - returning 0
Jul 14 15:28:22 raspberrypi kernel: [    1.074289]  mmcblk0: p1 p2
Jul 14 15:28:22 raspberrypi kernel: [    1.075615] 3f201000.uart: ttyAMA0 at MMIO 0x3f201000 (irq = 83, base_baud = 0) is a PL011 rev2
Jul 14 15:28:22 raspberrypi kernel: [    1.108798] mmc1: queuing unknown CIS tuple 0x80 (2 bytes)
Jul 14 15:28:22 raspberrypi kernel: [    1.110471] mmc1: queuing unknown CIS tuple 0x80 (3 bytes)
Jul 14 15:28:22 raspberrypi kernel: [    1.112131] mmc1: queuing unknown CIS tuple 0x80 (3 bytes)
Jul 14 15:28:22 raspberrypi kernel: [    1.115127] mmc1: queuing unknown CIS tuple 0x80 (7 bytes)
Jul 14 15:28:22 raspberrypi kernel: [    1.183348] usb 1-1: new high-speed USB device number 2 using dwc_otg
Jul 14 15:28:22 raspberrypi kernel: [    1.183602] Indeed it is in host mode hprt0 = 00001101
Jul 14 15:28:22 raspberrypi kernel: [    1.215484] mmc1: new high speed SDIO card at address 0001
Jul 14 15:28:22 raspberrypi kernel: [    1.363821] usb 1-1: New USB device found, idVendor=0424, idProduct=9514
Jul 14 15:28:22 raspberrypi kernel: [    1.363831] usb 1-1: New USB device strings: Mfr=0, Product=0, SerialNumber=0
Jul 14 15:28:22 raspberrypi kernel: [    1.364756] hub 1-1:1.0: USB hub found
Jul 14 15:28:22 raspberrypi kernel: [    1.364920] hub 1-1:1.0: 5 ports detected
Jul 14 15:28:22 raspberrypi kernel: [    1.643332] usb 1-1.1: new high-speed USB device number 3 using dwc_otg
Jul 14 15:28:22 raspberrypi kernel: [    1.743797] usb 1-1.1: New USB device found, idVendor=0424, idProduct=ec00
Jul 14 15:28:22 raspberrypi kernel: [    1.743807] usb 1-1.1: New USB device strings: Mfr=0, Product=0, SerialNumber=0
Jul 14 15:28:22 raspberrypi kernel: [    1.746722] smsc95xx v1.0.4
Jul 14 15:28:22 raspberrypi kernel: [    1.809132] smsc95xx 1-1.1:1.0 eth0: register 'smsc95xx' at usb-3f980000.usb-1.1, smsc95xx USB 2.0 Ethernet, b8:27:eb:fc:c9:ca
Jul 14 15:28:22 raspberrypi kernel: [    1.903335] usb 1-1.3: new high-speed USB device number 4 using dwc_otg
Jul 14 15:28:22 raspberrypi kernel: [    2.006391] usb 1-1.3: New USB device found, idVendor=05e3, idProduct=0610
Jul 14 15:28:22 raspberrypi kernel: [    2.006401] usb 1-1.3: New USB device strings: Mfr=1, Product=2, SerialNumber=0
Jul 14 15:28:22 raspberrypi kernel: [    2.006409] usb 1-1.3: Product: USB2.0 Hub
Jul 14 15:28:22 raspberrypi kernel: [    2.006417] usb 1-1.3: Manufacturer: GenesysLogic
Jul 14 15:28:22 raspberrypi kernel: [    2.007555] hub 1-1.3:1.0: USB hub found
Jul 14 15:28:22 raspberrypi kernel: [    2.008063] hub 1-1.3:1.0: 4 ports detected
Jul 14 15:28:22 raspberrypi kernel: [    2.283341] usb 1-1.3.1: new low-speed USB device number 5 using dwc_otg
Jul 14 15:28:22 raspberrypi kernel: [    2.306299] console [ttyAMA0] enabled
Jul 14 15:28:22 raspberrypi kernel: [    2.322553] EXT4-fs (mmcblk0p2): INFO: recovery required on readonly filesystem
Jul 14 15:28:22 raspberrypi kernel: [    2.335084] EXT4-fs (mmcblk0p2): write access will be enabled during recovery
Jul 14 15:28:22 raspberrypi kernel: [    2.391563] usb 1-1.3.1: New USB device found, idVendor=045e, idProduct=0040
Jul 14 15:28:22 raspberrypi kernel: [    2.403808] usb 1-1.3.1: New USB device strings: Mfr=1, Product=3, SerialNumber=0
Jul 14 15:28:22 raspberrypi kernel: [    2.416452] usb 1-1.3.1: Product: Microsoft 3-Button Mouse with IntelliEye(TM)
Jul 14 15:28:22 raspberrypi kernel: [    2.428837] usb 1-1.3.1: Manufacturer: Microsoft
Jul 14 15:28:22 raspberrypi kernel: [    2.445019] input: Microsoft Microsoft 3-Button Mouse with IntelliEye(TM) as /devices/platform/soc/3f980000.usb/usb1/1-1/1-1.3/1-1.3.1/1-1.3.1:1.0/0003:045E:0040.0001/input/input0
Jul 14 15:28:22 raspberrypi kernel: [    2.472271] hid-generic 0003:045E:0040.0001: input,hidraw0: USB HID v1.10 Mouse [Microsoft Microsoft 3-Button Mouse with IntelliEye(TM)] on usb-3f980000.usb-1.3.1/input0
Jul 14 15:28:22 raspberrypi kernel: [    2.513349] EXT4-fs (mmcblk0p2): recovery complete
Jul 14 15:28:22 raspberrypi kernel: [    2.529550] EXT4-fs (mmcblk0p2): mounted filesystem with ordered data mode. Opts: (null)
Jul 14 15:28:22 raspberrypi kernel: [    2.543227] VFS: Mounted root (ext4 filesystem) readonly on device 179:2.
Jul 14 15:28:22 raspberrypi kernel: [    2.567029] devtmpfs: mounted
Jul 14 15:28:22 raspberrypi kernel: [    2.576225] Freeing unused kernel memory: 468K (807b3000 - 80828000)
Jul 14 15:28:22 raspberrypi kernel: [    2.878494] random: systemd urandom read with 72 bits of entropy available
Jul 14 15:28:22 raspberrypi kernel: [    3.061768] NET: Registered protocol family 10
Jul 14 15:28:22 raspberrypi kernel: [    3.153009] uart-pl011 3f201000.uart: no DMA platform data
Jul 14 15:28:22 raspberrypi kernel: [    5.683115] cfg80211: Calling CRDA to update world regulatory domain
Jul 14 15:28:22 raspberrypi kernel: [    5.827837] usbcore: registered new interface driver brcmfmac
Jul 14 15:28:22 raspberrypi kernel: [    6.023927] EXT4-fs (mmcblk0p2): re-mounted. Opts: (null)
Jul 14 15:28:22 raspberrypi kernel: [    6.078123] cfg80211: World regulatory domain updated:
Jul 14 15:28:22 raspberrypi kernel: [    6.078145] cfg80211:  DFS Master region: unset
Jul 14 15:28:22 raspberrypi kernel: [    6.078146] cfg80211:   (start_freq - end_freq @ bandwidth), (max_antenna_gain, max_eirp), (dfs_cac_time)
Jul 14 15:28:22 raspberrypi kernel: [    6.078158] cfg80211:   (2402000 KHz - 2472000 KHz @ 40000 KHz), (N/A, 2000 mBm), (N/A)
Jul 14 15:28:22 raspberrypi kernel: [    6.078169] cfg80211:   (2457000 KHz - 2482000 KHz @ 20000 KHz, 92000 KHz AUTO), (N/A, 2000 mBm), (N/A)
Jul 14 15:28:22 raspberrypi kernel: [    6.078178] cfg80211:   (2474000 KHz - 2494000 KHz @ 20000 KHz), (N/A, 2000 mBm), (N/A)
Jul 14 15:28:22 raspberrypi kernel: [    6.078188] cfg80211:   (5170000 KHz - 5250000 KHz @ 80000 KHz, 160000 KHz AUTO), (N/A, 2000 mBm), (N/A)
Jul 14 15:28:22 raspberrypi kernel: [    6.078199] cfg80211:   (5250000 KHz - 5330000 KHz @ 80000 KHz, 160000 KHz AUTO), (N/A, 2000 mBm), (0 s)
Jul 14 15:28:22 raspberrypi kernel: [    6.078208] cfg80211:   (5490000 KHz - 5730000 KHz @ 160000 KHz), (N/A, 2000 mBm), (0 s)
Jul 14 15:28:22 raspberrypi kernel: [    6.078219] cfg80211:   (5735000 KHz - 5835000 KHz @ 80000 KHz), (N/A, 2000 mBm), (N/A)
Jul 14 15:28:22 raspberrypi kernel: [    6.078228] cfg80211:   (57240000 KHz - 63720000 KHz @ 2160000 KHz), (N/A, 0 mBm), (N/A)
Jul 14 15:28:22 raspberrypi kernel: [    6.250876] bcm2835-rng 3f104000.rng: hwrng registered
Jul 14 15:28:22 raspberrypi kernel: [    6.252658] gpiomem-bcm2835 3f200000.gpiomem: Initialised: Registers at 0x3f200000
Jul 14 15:28:22 raspberrypi kernel: [    7.279918] brcmfmac: power management disabled
Jul 14 15:28:22 raspberrypi kernel: [    7.969041] cfg80211: Calling CRDA for country: NL
Jul 14 15:28:22 raspberrypi kernel: [    7.995176] cfg80211: Regulatory domain changed to country: NL
Jul 14 15:28:22 raspberrypi kernel: [    7.995204] cfg80211:  DFS Master region: ETSI
Jul 14 15:28:22 raspberrypi kernel: [    7.995217] cfg80211:   (start_freq - end_freq @ bandwidth), (max_antenna_gain, max_eirp), (dfs_cac_time)
Jul 14 15:28:22 raspberrypi kernel: [    7.995250] cfg80211:   (2402000 KHz - 2482000 KHz @ 40000 KHz), (N/A, 2000 mBm), (N/A)
Jul 14 15:28:22 raspberrypi kernel: [    7.995281] cfg80211:   (5170000 KHz - 5250000 KHz @ 80000 KHz, 160000 KHz AUTO), (N/A, 2000 mBm), (N/A)
Jul 14 15:28:22 raspberrypi kernel: [    7.995315] cfg80211:   (5250000 KHz - 5330000 KHz @ 80000 KHz, 160000 KHz AUTO), (N/A, 2000 mBm), (0 s)
Jul 14 15:28:22 raspberrypi kernel: [    7.995334] cfg80211:   (5490000 KHz - 5710000 KHz @ 160000 KHz), (N/A, 2700 mBm), (0 s)
Jul 14 15:28:22 raspberrypi kernel: [    7.995350] cfg80211:   (5725000 KHz - 5875000 KHz @ 80000 KHz), (N/A, 1397 mBm), (N/A)
Jul 14 15:28:22 raspberrypi kernel: [    7.995366] cfg80211:   (57000000 KHz - 66000000 KHz @ 2160000 KHz), (N/A, 4000 mBm), (N/A)
Jul 14 15:28:22 raspberrypi /usr/sbin/gpm[490]: *** info [daemon/startup.c(131)]:
Jul 14 15:28:22 raspberrypi /usr/sbin/gpm[490]: Started gpm successfully. Entered daemon mode.
Jul 14 15:28:22 raspberrypi kernel: [    8.190022] Adding 102396k swap on /var/swap.  Priority:-1 extents:3 across:200700k SSFS
Jul 14 15:28:22 raspberrypi kernel: [    8.254657] usb 1-1.3.1: USB disconnect, device number 5
Jul 14 15:28:22 raspberrypi kernel: [    8.255035] random: nonblocking pool is initialized
Jul 14 15:28:23 raspberrypi kernel: [    8.426663] smsc95xx 1-1.1:1.0 eth0: hardware isn't capable of remote wakeup
Jul 14 15:28:23 raspberrypi kernel: [    8.427450] IPv6: ADDRCONF(NETDEV_UP): eth0: link is not ready
Jul 14 15:28:23 raspberrypi kernel: [    8.643344] usb 1-1.3.1: new low-speed USB device number 10 using dwc_otg
Jul 14 15:28:23 raspberrypi kernel: [    8.751668] usb 1-1.3.1: New USB device found, idVendor=045e, idProduct=0040
Jul 14 15:28:23 raspberrypi kernel: [    8.751692] usb 1-1.3.1: New USB device strings: Mfr=1, Product=3, SerialNumber=0
Jul 14 15:28:23 raspberrypi kernel: [    8.751709] usb 1-1.3.1: Product: Microsoft 3-Button Mouse with IntelliEye(TM)
Jul 14 15:28:23 raspberrypi kernel: [    8.751724] usb 1-1.3.1: Manufacturer: Microsoft
Jul 14 15:28:23 raspberrypi kernel: [    8.758289] input: Microsoft Microsoft 3-Button Mouse with IntelliEye(TM) as /devices/platform/soc/3f980000.usb/usb1/1-1/1-1.3/1-1.3.1/1-1.3.1:1.0/0003:045E:0040.0002/input/input1
Jul 14 15:28:23 raspberrypi kernel: [    8.813857] hid-generic 0003:045E:0040.0002: input,hidraw0: USB HID v1.10 Mouse [Microsoft Microsoft 3-Button Mouse with IntelliEye(TM)] on usb-3f980000.usb-1.3.1/input0
Jul 14 15:28:24 raspberrypi kernel: [    9.942878] smsc95xx 1-1.1:1.0 eth0: link up, 100Mbps, full-duplex, lpa 0xC1E1
Jul 14 15:28:24 raspberrypi kernel: [    9.947003] IPv6: ADDRCONF(NETDEV_CHANGE): eth0: link becomes ready
Jul 14 15:32:32 raspberrypi kernel: [  180.773051] unexport_store: invalid GPIO 54
Jul 14 15:32:32 raspberrypi kernel: [  180.773189] unexport_store: invalid GPIO 55
Jul 14 15:32:32 raspberrypi kernel: [  180.773318] unexport_store: invalid GPIO 56
Jul 14 15:32:32 raspberrypi kernel: [  180.773447] unexport_store: invalid GPIO 57
Jul 14 15:32:32 raspberrypi kernel: [  180.773576] unexport_store: invalid GPIO 58
Jul 14 15:32:32 raspberrypi kernel: [  180.773705] unexport_store: invalid GPIO 59
Jul 14 15:32:32 raspberrypi kernel: [  180.773833] unexport_store: invalid GPIO 60
Jul 14 15:32:32 raspberrypi kernel: [  180.773962] unexport_store: invalid GPIO 61
Jul 14 15:32:32 raspberrypi kernel: [  180.774091] unexport_store: invalid GPIO 62
Jul 14 15:33:06 raspberrypi kernel: [  214.911992] unexport_store: invalid GPIO 54
Jul 14 15:33:06 raspberrypi kernel: [  214.912171] unexport_store: invalid GPIO 55
Jul 14 15:33:06 raspberrypi kernel: [  214.912313] unexport_store: invalid GPIO 56
Jul 14 15:33:06 raspberrypi kernel: [  214.912446] unexport_store: invalid GPIO 57
Jul 14 15:33:06 raspberrypi kernel: [  214.912577] unexport_store: invalid GPIO 58
Jul 14 15:33:06 raspberrypi kernel: [  214.912708] unexport_store: invalid GPIO 59
Jul 14 15:33:06 raspberrypi kernel: [  214.912838] unexport_store: invalid GPIO 60
Jul 14 15:33:06 raspberrypi kernel: [  214.912969] unexport_store: invalid GPIO 61
Jul 14 15:33:06 raspberrypi kernel: [  214.913102] unexport_store: invalid GPIO 62
Jul 14 15:33:12 raspberrypi kernel: [  221.042093] unexport_store: invalid GPIO 54
Jul 14 15:33:12 raspberrypi kernel: [  221.042254] unexport_store: invalid GPIO 55
Jul 14 15:33:12 raspberrypi kernel: [  221.042387] unexport_store: invalid GPIO 56
Jul 14 15:33:12 raspberrypi kernel: [  221.042525] unexport_store: invalid GPIO 57
Jul 14 15:33:12 raspberrypi kernel: [  221.042669] unexport_store: invalid GPIO 58
Jul 14 15:33:12 raspberrypi kernel: [  221.042802] unexport_store: invalid GPIO 59
Jul 14 15:33:12 raspberrypi kernel: [  221.042936] unexport_store: invalid GPIO 60
Jul 14 15:33:12 raspberrypi kernel: [  221.043098] unexport_store: invalid GPIO 61
Jul 14 15:33:12 raspberrypi kernel: [  221.043230] unexport_store: invalid GPIO 62
Jul 14 15:33:18 raspberrypi kernel: [  227.170114] unexport_store: invalid GPIO 54
Jul 14 15:33:18 raspberrypi kernel: [  227.170265] unexport_store: invalid GPIO 55
Jul 14 15:33:18 raspberrypi kernel: [  227.170427] unexport_store: invalid GPIO 56
Jul 14 15:33:18 raspberrypi kernel: [  227.170590] unexport_store: invalid GPIO 57
Jul 14 15:33:18 raspberrypi kernel: [  227.170720] unexport_store: invalid GPIO 58
Jul 14 15:33:18 raspberrypi kernel: [  227.170851] unexport_store: invalid GPIO 59
Jul 14 15:33:18 raspberrypi kernel: [  227.170985] unexport_store: invalid GPIO 60
Jul 14 15:33:18 raspberrypi kernel: [  227.171163] unexport_store: invalid GPIO 61
Jul 14 15:33:18 raspberrypi kernel: [  227.171295] unexport_store: invalid GPIO 62
Jul 14 15:33:24 raspberrypi kernel: [  233.306973] unexport_store: invalid GPIO 54
Jul 14 15:33:24 raspberrypi kernel: [  233.307138] unexport_store: invalid GPIO 55
Jul 14 15:33:24 raspberrypi kernel: [  233.307268] unexport_store: invalid GPIO 56
Jul 14 15:33:24 raspberrypi kernel: [  233.307396] unexport_store: invalid GPIO 57
Jul 14 15:33:24 raspberrypi kernel: [  233.307526] unexport_store: invalid GPIO 58
Jul 14 15:33:24 raspberrypi kernel: [  233.307654] unexport_store: invalid GPIO 59
Jul 14 15:33:24 raspberrypi kernel: [  233.307782] unexport_store: invalid GPIO 60
Jul 14 15:33:24 raspberrypi kernel: [  233.307913] unexport_store: invalid GPIO 61
Jul 14 15:33:24 raspberrypi kernel: [  233.308042] unexport_store: invalid GPIO 62
Jul 14 15:33:31 raspberrypi kernel: [  239.439613] unexport_store: invalid GPIO 54
Jul 14 15:33:31 raspberrypi kernel: [  239.439752] unexport_store: invalid GPIO 55
Jul 14 15:33:31 raspberrypi kernel: [  239.439881] unexport_store: invalid GPIO 56
Jul 14 15:33:31 raspberrypi kernel: [  239.440009] unexport_store: invalid GPIO 57
Jul 14 15:33:31 raspberrypi kernel: [  239.440138] unexport_store: invalid GPIO 58
Jul 14 15:33:31 raspberrypi kernel: [  239.440266] unexport_store: invalid GPIO 59
Jul 14 15:33:31 raspberrypi kernel: [  239.440393] unexport_store: invalid GPIO 60
Jul 14 15:33:31 raspberrypi kernel: [  239.440521] unexport_store: invalid GPIO 61
Jul 14 15:33:31 raspberrypi kernel: [  239.440650] unexport_store: invalid GPIO 62
Jul 14 15:33:37 raspberrypi kernel: [  245.566001] unexport_store: invalid GPIO 54
Jul 14 15:33:37 raspberrypi kernel: [  245.566155] unexport_store: invalid GPIO 55
Jul 14 15:33:37 raspberrypi kernel: [  245.566287] unexport_store: invalid GPIO 56
Jul 14 15:33:37 raspberrypi kernel: [  245.566420] unexport_store: invalid GPIO 57
Jul 14 15:33:37 raspberrypi kernel: [  245.566580] unexport_store: invalid GPIO 58
Jul 14 15:33:37 raspberrypi kernel: [  245.566711] unexport_store: invalid GPIO 59
Jul 14 15:33:37 raspberrypi kernel: [  245.566840] unexport_store: invalid GPIO 60
Jul 14 15:33:37 raspberrypi kernel: [  245.566978] unexport_store: invalid GPIO 61
Jul 14 15:33:37 raspberrypi kernel: [  245.567106] unexport_store: invalid GPIO 62
Jul 14 15:33:43 raspberrypi kernel: [  251.698393] unexport_store: invalid GPIO 54
Jul 14 15:33:43 raspberrypi kernel: [  251.698531] unexport_store: invalid GPIO 55
Jul 14 15:33:43 raspberrypi kernel: [  251.698660] unexport_store: invalid GPIO 56
Jul 14 15:33:43 raspberrypi kernel: [  251.698789] unexport_store: invalid GPIO 57
Jul 14 15:33:43 raspberrypi kernel: [  251.698916] unexport_store: invalid GPIO 58
Jul 14 15:33:43 raspberrypi kernel: [  251.699044] unexport_store: invalid GPIO 59
Jul 14 15:33:43 raspberrypi kernel: [  251.699172] unexport_store: invalid GPIO 60
Jul 14 15:33:43 raspberrypi kernel: [  251.699301] unexport_store: invalid GPIO 61
Jul 14 15:33:43 raspberrypi kernel: [  251.699429] unexport_store: invalid GPIO 62
Jul 14 15:33:43 raspberrypi rsyslogd-2007: action 'action 17' suspended, next retry is Fri Jul 14 15:34:13 2017 [try http://www.rsyslog.com/e/2007 ]
Jul 14 15:33:49 raspberrypi kernel: [  257.864541] unexport_store: invalid GPIO 54
Jul 14 15:33:49 raspberrypi kernel: [  257.864694] unexport_store: invalid GPIO 55
Jul 14 15:33:49 raspberrypi kernel: [  257.864856] unexport_store: invalid GPIO 56
Jul 14 15:33:49 raspberrypi kernel: [  257.865073] unexport_store: invalid GPIO 57
Jul 14 15:33:49 raspberrypi kernel: [  257.865210] unexport_store: invalid GPIO 58
Jul 14 15:33:49 raspberrypi kernel: [  257.865352] unexport_store: invalid GPIO 59
Jul 14 15:33:49 raspberrypi kernel: [  257.865487] unexport_store: invalid GPIO 60
Jul 14 15:33:49 raspberrypi kernel: [  257.865621] unexport_store: invalid GPIO 61
Jul 14 15:33:49 raspberrypi kernel: [  257.865767] unexport_store: invalid GPIO 62
Jul 14 15:33:55 raspberrypi kernel: [  263.995301] unexport_store: invalid GPIO 54
Jul 14 15:33:55 raspberrypi kernel: [  263.995455] unexport_store: invalid GPIO 55
Jul 14 15:33:55 raspberrypi kernel: [  263.995612] unexport_store: invalid GPIO 56
Jul 14 15:33:55 raspberrypi kernel: [  263.995752] unexport_store: invalid GPIO 57
Jul 14 15:33:55 raspberrypi kernel: [  263.995882] unexport_store: invalid GPIO 58
Jul 14 15:33:55 raspberrypi kernel: [  263.996022] unexport_store: invalid GPIO 59
Jul 14 15:33:55 raspberrypi kernel: [  263.996154] unexport_store: invalid GPIO 60
Jul 14 15:33:55 raspberrypi kernel: [  263.996288] unexport_store: invalid GPIO 61
Jul 14 15:33:55 raspberrypi kernel: [  263.996433] unexport_store: invalid GPIO 62
Jul 14 15:34:01 raspberrypi kernel: [  270.130673] unexport_store: invalid GPIO 54
Jul 14 15:34:01 raspberrypi kernel: [  270.130810] unexport_store: invalid GPIO 55
Jul 14 15:34:01 raspberrypi kernel: [  270.130939] unexport_store: invalid GPIO 56
Jul 14 15:34:01 raspberrypi kernel: [  270.131068] unexport_store: invalid GPIO 57
Jul 14 15:34:01 raspberrypi kernel: [  270.131198] unexport_store: invalid GPIO 58
Jul 14 15:34:01 raspberrypi kernel: [  270.131327] unexport_store: invalid GPIO 59
Jul 14 15:34:01 raspberrypi kernel: [  270.131455] unexport_store: invalid GPIO 60
Jul 14 15:34:01 raspberrypi kernel: [  270.131583] unexport_store: invalid GPIO 61
Jul 14 15:34:01 raspberrypi kernel: [  270.131713] unexport_store: invalid GPIO 62
Jul 14 15:34:07 raspberrypi kernel: [  276.281395] unexport_store: invalid GPIO 54
Jul 14 15:34:07 raspberrypi kernel: [  276.281557] unexport_store: invalid GPIO 55
Jul 14 15:34:07 raspberrypi kernel: [  276.281718] unexport_store: invalid GPIO 56
Jul 14 15:34:07 raspberrypi kernel: [  276.281855] unexport_store: invalid GPIO 57
Jul 14 15:34:07 raspberrypi kernel: [  276.281999] unexport_store: invalid GPIO 58
Jul 14 15:34:07 raspberrypi kernel: [  276.282141] unexport_store: invalid GPIO 59
Jul 14 15:34:07 raspberrypi kernel: [  276.282275] unexport_store: invalid GPIO 60
Jul 14 15:34:07 raspberrypi kernel: [  276.282407] unexport_store: invalid GPIO 61
Jul 14 15:34:07 raspberrypi kernel: [  276.282537] unexport_store: invalid GPIO 62
Jul 14 15:34:14 raspberrypi kernel: [  282.403574] unexport_store: invalid GPIO 54
Jul 14 15:34:14 raspberrypi kernel: [  282.403715] unexport_store: invalid GPIO 55
Jul 14 15:34:14 raspberrypi kernel: [  282.403844] unexport_store: invalid GPIO 56
Jul 14 15:34:14 raspberrypi kernel: [  282.403973] unexport_store: invalid GPIO 57
Jul 14 15:34:14 raspberrypi kernel: [  282.404101] unexport_store: invalid GPIO 58
Jul 14 15:34:14 raspberrypi kernel: [  282.404229] unexport_store: invalid GPIO 59
Jul 14 15:34:14 raspberrypi kernel: [  282.404360] unexport_store: invalid GPIO 60
Jul 14 15:34:14 raspberrypi kernel: [  282.404488] unexport_store: invalid GPIO 61
Jul 14 15:34:14 raspberrypi kernel: [  282.404616] unexport_store: invalid GPIO 62
Jul 14 15:34:14 raspberrypi rsyslogd-2007: action 'action 17' suspended, next retry is Fri Jul 14 15:34:44 2017 [try http://www.rsyslog.com/e/2007 ]
Jul 14 15:34:20 raspberrypi kernel: [  288.530325] unexport_store: invalid GPIO 54
Jul 14 15:34:20 raspberrypi kernel: [  288.530464] unexport_store: invalid GPIO 55
Jul 14 15:34:20 raspberrypi kernel: [  288.530598] unexport_store: invalid GPIO 56
Jul 14 15:34:20 raspberrypi kernel: [  288.530727] unexport_store: invalid GPIO 57
Jul 14 15:34:20 raspberrypi kernel: [  288.530856] unexport_store: invalid GPIO 58
Jul 14 15:34:20 raspberrypi kernel: [  288.530984] unexport_store: invalid GPIO 59
Jul 14 15:34:20 raspberrypi kernel: [  288.531113] unexport_store: invalid GPIO 60
Jul 14 15:34:20 raspberrypi kernel: [  288.531241] unexport_store: invalid GPIO 61
Jul 14 15:34:20 raspberrypi kernel: [  288.531370] unexport_store: invalid GPIO 62
Jul 14 15:34:26 raspberrypi kernel: [  294.660907] unexport_store: invalid GPIO 54
Jul 14 15:34:26 raspberrypi kernel: [  294.661045] unexport_store: invalid GPIO 55
Jul 14 15:34:26 raspberrypi kernel: [  294.661176] unexport_store: invalid GPIO 56
Jul 14 15:34:26 raspberrypi kernel: [  294.661307] unexport_store: invalid GPIO 57
Jul 14 15:34:26 raspberrypi kernel: [  294.661438] unexport_store: invalid GPIO 58
Jul 14 15:34:26 raspberrypi kernel: [  294.661570] unexport_store: invalid GPIO 59
Jul 14 15:34:26 raspberrypi kernel: [  294.661699] unexport_store: invalid GPIO 60
Jul 14 15:34:26 raspberrypi kernel: [  294.661829] unexport_store: invalid GPIO 61
Jul 14 15:34:26 raspberrypi kernel: [  294.661960] unexport_store: invalid GPIO 62
Jul 14 15:34:32 raspberrypi kernel: [  300.789396] unexport_store: invalid GPIO 54
Jul 14 15:34:32 raspberrypi kernel: [  300.789536] unexport_store: invalid GPIO 55
Jul 14 15:34:32 raspberrypi kernel: [  300.789666] unexport_store: invalid GPIO 56
Jul 14 15:34:32 raspberrypi kernel: [  300.789794] unexport_store: invalid GPIO 57
Jul 14 15:34:32 raspberrypi kernel: [  300.789923] unexport_store: invalid GPIO 58
Jul 14 15:34:32 raspberrypi kernel: [  300.790052] unexport_store: invalid GPIO 59
Jul 14 15:34:32 raspberrypi kernel: [  300.790180] unexport_store: invalid GPIO 60
Jul 14 15:34:32 raspberrypi kernel: [  300.790307] unexport_store: invalid GPIO 61
Jul 14 15:34:32 raspberrypi kernel: [  300.790435] unexport_store: invalid GPIO 62
Jul 14 15:34:38 raspberrypi kernel: [  306.926257] unexport_store: invalid GPIO 54
Jul 14 15:34:38 raspberrypi kernel: [  306.926413] unexport_store: invalid GPIO 55
Jul 14 15:34:38 raspberrypi kernel: [  306.926549] unexport_store: invalid GPIO 56
Jul 14 15:34:38 raspberrypi kernel: [  306.926686] unexport_store: invalid GPIO 57
Jul 14 15:34:38 raspberrypi kernel: [  306.926842] unexport_store: invalid GPIO 58
Jul 14 15:34:38 raspberrypi kernel: [  306.926975] unexport_store: invalid GPIO 59
Jul 14 15:34:38 raspberrypi kernel: [  306.927114] unexport_store: invalid GPIO 60
Jul 14 15:34:38 raspberrypi kernel: [  306.927245] unexport_store: invalid GPIO 61
Jul 14 15:34:38 raspberrypi kernel: [  306.927377] unexport_store: invalid GPIO 62
Jul 14 15:34:44 raspberrypi kernel: [  313.063420] unexport_store: invalid GPIO 54
Jul 14 15:34:44 raspberrypi kernel: [  313.063568] unexport_store: invalid GPIO 55
Jul 14 15:34:44 raspberrypi kernel: [  313.063707] unexport_store: invalid GPIO 56
Jul 14 15:34:44 raspberrypi kernel: [  313.063903] unexport_store: invalid GPIO 57
Jul 14 15:34:44 raspberrypi kernel: [  313.064079] unexport_store: invalid GPIO 58
Jul 14 15:34:44 raspberrypi kernel: [  313.064239] unexport_store: invalid GPIO 59
Jul 14 15:34:44 raspberrypi kernel: [  313.064405] unexport_store: invalid GPIO 60
Jul 14 15:34:44 raspberrypi kernel: [  313.064572] unexport_store: invalid GPIO 61
Jul 14 15:34:44 raspberrypi kernel: [  313.064705] unexport_store: invalid GPIO 62
Jul 14 15:34:44 raspberrypi rsyslogd-2007: action 'action 17' suspended, next retry is Fri Jul 14 15:35:14 2017 [try http://www.rsyslog.com/e/2007 ]
Jul 14 15:34:50 raspberrypi kernel: [  319.188246] unexport_store: invalid GPIO 54
Jul 14 15:34:50 raspberrypi kernel: [  319.188391] unexport_store: invalid GPIO 55
Jul 14 15:34:50 raspberrypi kernel: [  319.188543] unexport_store: invalid GPIO 56
Jul 14 15:34:50 raspberrypi kernel: [  319.188697] unexport_store: invalid GPIO 57
Jul 14 15:34:50 raspberrypi kernel: [  319.188869] unexport_store: invalid GPIO 58
Jul 14 15:34:50 raspberrypi kernel: [  319.189010] unexport_store: invalid GPIO 59
Jul 14 15:34:50 raspberrypi kernel: [  319.189153] unexport_store: invalid GPIO 60
Jul 14 15:34:50 raspberrypi kernel: [  319.189300] unexport_store: invalid GPIO 61
Jul 14 15:34:50 raspberrypi kernel: [  319.189433] unexport_store: invalid GPIO 62
Jul 14 15:34:56 raspberrypi kernel: [  325.317692] unexport_store: invalid GPIO 54
Jul 14 15:34:56 raspberrypi kernel: [  325.317855] unexport_store: invalid GPIO 55
Jul 14 15:34:56 raspberrypi kernel: [  325.318016] unexport_store: invalid GPIO 56
Jul 14 15:34:56 raspberrypi kernel: [  325.318150] unexport_store: invalid GPIO 57
Jul 14 15:34:56 raspberrypi kernel: [  325.318287] unexport_store: invalid GPIO 58
Jul 14 15:34:56 raspberrypi kernel: [  325.318428] unexport_store: invalid GPIO 59
Jul 14 15:34:56 raspberrypi kernel: [  325.318562] unexport_store: invalid GPIO 60
Jul 14 15:34:56 raspberrypi kernel: [  325.318695] unexport_store: invalid GPIO 61
Jul 14 15:34:56 raspberrypi kernel: [  325.318853] unexport_store: invalid GPIO 62
Jul 14 15:35:03 raspberrypi kernel: [  331.443827] unexport_store: invalid GPIO 54
Jul 14 15:35:03 raspberrypi kernel: [  331.443983] unexport_store: invalid GPIO 55
Jul 14 15:35:03 raspberrypi kernel: [  331.444143] unexport_store: invalid GPIO 56
Jul 14 15:35:03 raspberrypi kernel: [  331.444277] unexport_store: invalid GPIO 57
Jul 14 15:35:03 raspberrypi kernel: [  331.444406] unexport_store: invalid GPIO 58
Jul 14 15:35:03 raspberrypi kernel: [  331.444547] unexport_store: invalid GPIO 59
Jul 14 15:35:03 raspberrypi kernel: [  331.444676] unexport_store: invalid GPIO 60
Jul 14 15:35:03 raspberrypi kernel: [  331.444811] unexport_store: invalid GPIO 61
Jul 14 15:35:03 raspberrypi kernel: [  331.444959] unexport_store: invalid GPIO 62
Jul 14 15:35:09 raspberrypi kernel: [  337.568332] unexport_store: invalid GPIO 54
Jul 14 15:35:09 raspberrypi kernel: [  337.568482] unexport_store: invalid GPIO 55
Jul 14 15:35:09 raspberrypi kernel: [  337.568650] unexport_store: invalid GPIO 56
Jul 14 15:35:09 raspberrypi kernel: [  337.568796] unexport_store: invalid GPIO 57
Jul 14 15:35:09 raspberrypi kernel: [  337.568927] unexport_store: invalid GPIO 58
Jul 14 15:35:09 raspberrypi kernel: [  337.569068] unexport_store: invalid GPIO 59
Jul 14 15:35:09 raspberrypi kernel: [  337.569202] unexport_store: invalid GPIO 60
Jul 14 15:35:09 raspberrypi kernel: [  337.569335] unexport_store: invalid GPIO 61
Jul 14 15:35:09 raspberrypi kernel: [  337.569484] unexport_store: invalid GPIO 62
Jul 14 15:35:15 raspberrypi kernel: [  343.688904] unexport_store: invalid GPIO 54
Jul 14 15:35:15 raspberrypi kernel: [  343.689043] unexport_store: invalid GPIO 55
Jul 14 15:35:15 raspberrypi kernel: [  343.689172] unexport_store: invalid GPIO 56
Jul 14 15:35:15 raspberrypi kernel: [  343.689301] unexport_store: invalid GPIO 57
Jul 14 15:35:15 raspberrypi kernel: [  343.689430] unexport_store: invalid GPIO 58
Jul 14 15:35:15 raspberrypi kernel: [  343.689558] unexport_store: invalid GPIO 59
Jul 14 15:35:15 raspberrypi kernel: [  343.689688] unexport_store: invalid GPIO 60
Jul 14 15:35:15 raspberrypi kernel: [  343.689816] unexport_store: invalid GPIO 61
Jul 14 15:35:15 raspberrypi kernel: [  343.689944] unexport_store: invalid GPIO 62
Jul 14 15:35:15 raspberrypi rsyslogd-2007: action 'action 17' suspended, next retry is Fri Jul 14 15:35:45 2017 [try http://www.rsyslog.com/e/2007 ]
Jul 14 15:35:21 raspberrypi kernel: [  349.819905] unexport_store: invalid GPIO 54
Jul 14 15:35:21 raspberrypi kernel: [  349.820045] unexport_store: invalid GPIO 55
Jul 14 15:35:21 raspberrypi kernel: [  349.820173] unexport_store: invalid GPIO 56
Jul 14 15:35:21 raspberrypi kernel: [  349.820302] unexport_store: invalid GPIO 57
Jul 14 15:35:21 raspberrypi kernel: [  349.820431] unexport_store: invalid GPIO 58
Jul 14 15:35:21 raspberrypi kernel: [  349.820559] unexport_store: invalid GPIO 59
Jul 14 15:35:21 raspberrypi kernel: [  349.820691] unexport_store: invalid GPIO 60
Jul 14 15:35:21 raspberrypi kernel: [  349.820818] unexport_store: invalid GPIO 61
Jul 14 15:35:21 raspberrypi kernel: [  349.820947] unexport_store: invalid GPIO 62
Jul 14 15:35:27 raspberrypi kernel: [  355.953250] unexport_store: invalid GPIO 54
Jul 14 15:35:27 raspberrypi kernel: [  355.953391] unexport_store: invalid GPIO 55
Jul 14 15:35:27 raspberrypi kernel: [  355.953522] unexport_store: invalid GPIO 56
Jul 14 15:35:27 raspberrypi kernel: [  355.953657] unexport_store: invalid GPIO 57
Jul 14 15:35:27 raspberrypi kernel: [  355.953789] unexport_store: invalid GPIO 58
Jul 14 15:35:27 raspberrypi kernel: [  355.953920] unexport_store: invalid GPIO 59
Jul 14 15:35:27 raspberrypi kernel: [  355.954051] unexport_store: invalid GPIO 60
Jul 14 15:35:27 raspberrypi kernel: [  355.954180] unexport_store: invalid GPIO 61
Jul 14 15:35:27 raspberrypi kernel: [  355.954310] unexport_store: invalid GPIO 62
Jul 14 15:35:33 raspberrypi kernel: [  362.082922] unexport_store: invalid GPIO 54
Jul 14 15:35:33 raspberrypi kernel: [  362.083091] unexport_store: invalid GPIO 55
Jul 14 15:35:33 raspberrypi kernel: [  362.083230] unexport_store: invalid GPIO 56
Jul 14 15:35:33 raspberrypi kernel: [  362.083361] unexport_store: invalid GPIO 57
Jul 14 15:35:33 raspberrypi kernel: [  362.083499] unexport_store: invalid GPIO 58
Jul 14 15:35:33 raspberrypi kernel: [  362.083638] unexport_store: invalid GPIO 59
Jul 14 15:35:33 raspberrypi kernel: [  362.083770] unexport_store: invalid GPIO 60
Jul 14 15:35:33 raspberrypi kernel: [  362.083903] unexport_store: invalid GPIO 61
Jul 14 15:35:33 raspberrypi kernel: [  362.084062] unexport_store: invalid GPIO 62
Jul 14 15:36:17 raspberrypi rsyslogd-2007: action 'action 17' suspended, next retry is Fri Jul 14 15:36:47 2017 [try http://www.rsyslog.com/e/2007 ]
Jul 14 15:37:05 raspberrypi rsyslogd-2007: action 'action 17' suspended, next retry is Fri Jul 14 15:37:35 2017 [try http://www.rsyslog.com/e/2007 ]
Jul 14 15:37:05 raspberrypi rsyslogd: [origin software="rsyslogd" swVersion="8.4.2" x-pid="370" x-info="http://www.rsyslog.com"] exiting on signal 15.
Jul 14 15:37:11 raspberrypi rsyslogd: [origin software="rsyslogd" swVersion="8.4.2" x-pid="333" x-info="http://www.rsyslog.com"] start
Jul 14 15:37:11 raspberrypi kernel: [    0.000000] Booting Linux on physical CPU 0xf00
Jul 14 15:37:11 raspberrypi kernel: [    0.000000] Initializing cgroup subsys cpuset
Jul 14 15:37:11 raspberrypi kernel: [    0.000000] Initializing cgroup subsys cpu
Jul 14 15:37:11 raspberrypi kernel: [    0.000000] Initializing cgroup subsys cpuacct
Jul 14 15:37:11 raspberrypi kernel: [    0.000000] Linux version 4.1.21-v7+ (harcok@cup) (gcc version 4.8.4 (Ubuntu/Linaro 4.8.4-2ubuntu1~14.04.1) ) #2 SMP Wed Jun 7 13:05:05 CEST 2017
Jul 14 15:37:11 raspberrypi kernel: [    0.000000] CPU: ARMv7 Processor [410fc075] revision 5 (ARMv7), cr=10c5387d
Jul 14 15:37:11 raspberrypi kernel: [    0.000000] CPU: PIPT / VIPT nonaliasing data cache, VIPT aliasing instruction cache
Jul 14 15:37:11 raspberrypi kernel: [    0.000000] Machine model: Raspberry Pi 2 Model B Rev 1.1
Jul 14 15:37:11 raspberrypi kernel: [    0.000000] Memory policy: Data cache writealloc
Jul 14 15:37:11 raspberrypi kernel: [    0.000000] [bcm2709_smp_init_cpus] enter (96e0->f3003010)
Jul 14 15:37:11 raspberrypi kernel: [    0.000000] [bcm2709_smp_init_cpus] ncores=4
Jul 14 15:37:11 raspberrypi kernel: [    0.000000] PERCPU: Embedded 15 pages/cpu @ba760000 s32512 r8192 d20736 u61440
Jul 14 15:37:11 raspberrypi kernel: [    0.000000] Built 1 zonelists in Zone order, mobility grouping on.  Total pages: 239540
Jul 14 15:37:11 raspberrypi kernel: [    0.000000] Kernel command line: console=ttyAMA0,115200 kgdboc=ttyAMA0,115200 root=/dev/mmcblk0p2 rootfstype=ext4 rootwait dma.dmachans=0x7f35 bcm2708_fb.fbwidth=656 bcm2708_fb.fbheight=416 bcm2709.boardrev=0xa01041 bcm2709.serial=0x80f1dbd9 smsc95xx.macaddr=B8:27:EB:F1:DB:D9 bcm2708_fb.fbswap=1 bcm2709.uart_clock=3000000 bcm2709.disk_led_gpio=47 bcm2709.disk_led_active_low=0 vc_mem.mem_base=0x3dc00000 vc_mem.mem_size=0x3f000000  dwc_otg.lpm_enable=0 console=ttyAMA0,115200 console=tty1 root=/dev/mmcblk0p2 rootfstype=ext4 elevator=deadline fsck.repair=yes rootwait
Jul 14 15:37:11 raspberrypi kernel: [    0.000000] PID hash table entries: 4096 (order: 2, 16384 bytes)
Jul 14 15:37:11 raspberrypi kernel: [    0.000000] Dentry cache hash table entries: 131072 (order: 7, 524288 bytes)
Jul 14 15:37:11 raspberrypi kernel: [    0.000000] Inode-cache hash table entries: 65536 (order: 6, 262144 bytes)
Jul 14 15:37:11 raspberrypi kernel: [    0.000000] Memory: 947328K/966656K available (6166K kernel code, 571K rwdata, 1684K rodata, 468K init, 786K bss, 19328K reserved, 0K cma-reserved)
Jul 14 15:37:11 raspberrypi kernel: [    0.000000] Virtual kernel memory layout:
Jul 14 15:37:11 raspberrypi kernel: [    0.000000]     vector  : 0xffff0000 - 0xffff1000   (   4 kB)
Jul 14 15:37:11 raspberrypi kernel: [    0.000000]     fixmap  : 0xffc00000 - 0xfff00000   (3072 kB)
Jul 14 15:37:11 raspberrypi kernel: [    0.000000]     vmalloc : 0xbb800000 - 0xff000000   (1080 MB)
Jul 14 15:37:11 raspberrypi kernel: [    0.000000]     lowmem  : 0x80000000 - 0xbb000000   ( 944 MB)
Jul 14 15:37:11 raspberrypi kernel: [    0.000000]     modules : 0x7f000000 - 0x80000000   (  16 MB)
Jul 14 15:37:11 raspberrypi kernel: [    0.000000]       .text : 0x80008000 - 0x807b2ae0   (7851 kB)
Jul 14 15:37:11 raspberrypi kernel: [    0.000000]       .init : 0x807b3000 - 0x80828000   ( 468 kB)
Jul 14 15:37:11 raspberrypi kernel: [    0.000000]       .data : 0x80828000 - 0x808b6f08   ( 572 kB)
Jul 14 15:37:11 raspberrypi kernel: [    0.000000]        .bss : 0x808b9000 - 0x8097d95c   ( 787 kB)
Jul 14 15:37:11 raspberrypi kernel: [    0.000000] SLUB: HWalign=64, Order=0-3, MinObjects=0, CPUs=4, Nodes=1
Jul 14 15:37:11 raspberrypi kernel: [    0.000000] Hierarchical RCU implementation.
Jul 14 15:37:11 raspberrypi kernel: [    0.000000] 	Additional per-CPU info printed with stalls.
Jul 14 15:37:11 raspberrypi kernel: [    0.000000] NR_IRQS:608
Jul 14 15:37:11 raspberrypi kernel: [    0.000000] Architected cp15 timer(s) running at 19.20MHz (phys).
Jul 14 15:37:11 raspberrypi kernel: [    0.000000] I-pipe, 19.200 MHz clocksource, wrap in 960767920505705 ms
Jul 14 15:37:11 raspberrypi kernel: [    0.000000] clocksource ipipe_tsc: mask: 0xffffffffffffffff max_cycles: 0x46d987e47, max_idle_ns: 440795202767 ns
Jul 14 15:37:11 raspberrypi kernel: [    0.000000] clocksource arch_sys_counter: mask: 0xffffffffffffff max_cycles: 0x46d987e47, max_idle_ns: 440795202767 ns
Jul 14 15:37:11 raspberrypi kernel: [    0.000000] sched_clock: 56 bits at 19MHz, resolution 52ns, wraps every 4398046511078ns
Jul 14 15:37:11 raspberrypi kernel: [    0.000001] Switching to timer-based delay loop, resolution 52ns
Jul 14 15:37:11 raspberrypi kernel: [    0.000935] Interrupt pipeline (release #9)
Jul 14 15:37:11 raspberrypi kernel: [    0.001239] Console: colour dummy device 80x30
Jul 14 15:37:11 raspberrypi kernel: [    0.002825] console [tty1] enabled
Jul 14 15:37:11 raspberrypi kernel: [    0.002889] Calibrating delay loop (skipped), value calculated using timer frequency.. 38.40 BogoMIPS (lpj=192000)
Jul 14 15:37:11 raspberrypi kernel: [    0.002979] pid_max: default: 32768 minimum: 301
Jul 14 15:37:11 raspberrypi kernel: [    0.003215] Mount-cache hash table entries: 2048 (order: 1, 8192 bytes)
Jul 14 15:37:11 raspberrypi kernel: [    0.003275] Mountpoint-cache hash table entries: 2048 (order: 1, 8192 bytes)
Jul 14 15:37:11 raspberrypi kernel: [    0.004707] Initializing cgroup subsys blkio
Jul 14 15:37:11 raspberrypi kernel: [    0.004786] Initializing cgroup subsys memory
Jul 14 15:37:11 raspberrypi kernel: [    0.004853] Initializing cgroup subsys devices
Jul 14 15:37:11 raspberrypi kernel: [    0.004913] Initializing cgroup subsys freezer
Jul 14 15:37:11 raspberrypi kernel: [    0.004975] Initializing cgroup subsys net_cls
Jul 14 15:37:11 raspberrypi kernel: [    0.005108] CPU: Testing write buffer coherency: ok
Jul 14 15:37:11 raspberrypi kernel: [    0.005925] CPU0: update cpu_capacity 1024
Jul 14 15:37:11 raspberrypi kernel: [    0.005979] CPU0: thread -1, cpu 0, socket 15, mpidr 80000f00
Jul 14 15:37:11 raspberrypi kernel: [    0.006028] [bcm2709_smp_prepare_cpus] enter
Jul 14 15:37:11 raspberrypi kernel: [    0.006181] Setting up static identity map for 0x8240 - 0x8274
Jul 14 15:37:11 raspberrypi kernel: [    0.009416] [bcm2709_boot_secondary] cpu:1 started (0) 18
Jul 14 15:37:11 raspberrypi kernel: [    0.009855] [bcm2709_secondary_init] enter cpu:1
Jul 14 15:37:11 raspberrypi kernel: [    0.009917] CPU1: update cpu_capacity 1024
Jul 14 15:37:11 raspberrypi kernel: [    0.009927] CPU1: thread -1, cpu 1, socket 15, mpidr 80000f01
Jul 14 15:37:11 raspberrypi kernel: [    0.010863] [bcm2709_boot_secondary] cpu:2 started (0) 16
Jul 14 15:37:11 raspberrypi kernel: [    0.011223] [bcm2709_secondary_init] enter cpu:2
Jul 14 15:37:11 raspberrypi kernel: [    0.011267] CPU2: update cpu_capacity 1024
Jul 14 15:37:11 raspberrypi kernel: [    0.011277] CPU2: thread -1, cpu 2, socket 15, mpidr 80000f02
Jul 14 15:37:11 raspberrypi kernel: [    0.012069] [bcm2709_boot_secondary] cpu:3 started (0) 18
Jul 14 15:37:11 raspberrypi kernel: [    0.012327] [bcm2709_secondary_init] enter cpu:3
Jul 14 15:37:11 raspberrypi kernel: [    0.012367] CPU3: update cpu_capacity 1024
Jul 14 15:37:11 raspberrypi kernel: [    0.012377] CPU3: thread -1, cpu 3, socket 15, mpidr 80000f03
Jul 14 15:37:11 raspberrypi kernel: [    0.012500] Brought up 4 CPUs
Jul 14 15:37:11 raspberrypi kernel: [    0.012649] SMP: Total of 4 processors activated (153.60 BogoMIPS).
Jul 14 15:37:11 raspberrypi kernel: [    0.012697] CPU: All CPU(s) started in HYP mode.
Jul 14 15:37:11 raspberrypi kernel: [    0.012738] CPU: Virtualization extensions available.
Jul 14 15:37:11 raspberrypi kernel: [    0.014563] devtmpfs: initialized
Jul 14 15:37:11 raspberrypi kernel: [    0.050745] VFP support v0.3: implementor 41 architecture 2 part 30 variant 7 rev 5
Jul 14 15:37:11 raspberrypi kernel: [    0.051207] clocksource jiffies: mask: 0xffffffff max_cycles: 0xffffffff, max_idle_ns: 19112604462750000 ns
Jul 14 15:37:11 raspberrypi kernel: [    0.052170] pinctrl core: initialized pinctrl subsystem
Jul 14 15:37:11 raspberrypi kernel: [    0.053137] NET: Registered protocol family 16
Jul 14 15:37:11 raspberrypi kernel: [    0.059122] DMA: preallocated 4096 KiB pool for atomic coherent allocations
Jul 14 15:37:11 raspberrypi kernel: [    0.061036] bcm2709.uart_clock = 3000000
Jul 14 15:37:11 raspberrypi kernel: [    0.068683] hw-breakpoint: found 5 (+1 reserved) breakpoint and 4 watchpoint registers.
Jul 14 15:37:11 raspberrypi kernel: [    0.068763] hw-breakpoint: maximum watchpoint size is 8 bytes.
Jul 14 15:37:11 raspberrypi kernel: [    0.069066] Serial: AMBA PL011 UART driver
Jul 14 15:37:11 raspberrypi kernel: [    0.069358] 3f201000.uart: ttyAMA0 at MMIO 0x3f201000 (irq = 83, base_baud = 0) is a PL011 rev2
Jul 14 15:37:11 raspberrypi kernel: [    0.588062] console [ttyAMA0] enabled
Jul 14 15:37:11 raspberrypi kernel: [    0.592522] bcm2835-mbox 3f00b880.mailbox: mailbox enabled
Jul 14 15:37:11 raspberrypi kernel: [    0.690572] bcm2708-dmaengine 3f007000.dma: DMA legacy API manager at f3007000, dmachans=0xf35
Jul 14 15:37:11 raspberrypi kernel: [    0.699366] bcm2708-dmaengine 3f007000.dma: Initialized 7 DMA channels (+ 1 legacy)
Jul 14 15:37:11 raspberrypi kernel: [    0.708074] bcm2708-dmaengine 3f007000.dma: Load BCM2835 DMA engine driver
Jul 14 15:37:11 raspberrypi kernel: [    0.715017] bcm2708-dmaengine 3f007000.dma: dma_debug:0
Jul 14 15:37:11 raspberrypi kernel: [    0.721263] SCSI subsystem initialized
Jul 14 15:37:11 raspberrypi kernel: [    0.725400] usbcore: registered new interface driver usbfs
Jul 14 15:37:11 raspberrypi kernel: [    0.731054] usbcore: registered new interface driver hub
Jul 14 15:37:11 raspberrypi kernel: [    0.736614] usbcore: registered new device driver usb
Jul 14 15:37:11 raspberrypi kernel: [    0.742555] raspberrypi-firmware soc:firmware: Attached to firmware from 2016-05-20 19:01
Jul 14 15:37:11 raspberrypi kernel: [    0.779010] Switched to clocksource ipipe_tsc
Jul 14 15:37:11 raspberrypi kernel: [    0.858523] FS-Cache: Loaded
Jul 14 15:37:11 raspberrypi kernel: [    0.861976] CacheFiles: Loaded
Jul 14 15:37:11 raspberrypi kernel: [    0.880677] NET: Registered protocol family 2
Jul 14 15:37:11 raspberrypi kernel: [    0.886602] TCP established hash table entries: 8192 (order: 3, 32768 bytes)
Jul 14 15:37:11 raspberrypi kernel: [    0.893874] TCP bind hash table entries: 8192 (order: 4, 65536 bytes)
Jul 14 15:37:11 raspberrypi kernel: [    0.900579] TCP: Hash tables configured (established 8192 bind 8192)
Jul 14 15:37:11 raspberrypi kernel: [    0.907120] UDP hash table entries: 512 (order: 2, 16384 bytes)
Jul 14 15:37:11 raspberrypi kernel: [    0.913171] UDP-Lite hash table entries: 512 (order: 2, 16384 bytes)
Jul 14 15:37:11 raspberrypi kernel: [    0.920191] NET: Registered protocol family 1
Jul 14 15:37:11 raspberrypi kernel: [    0.925135] RPC: Registered named UNIX socket transport module.
Jul 14 15:37:11 raspberrypi kernel: [    0.931148] RPC: Registered udp transport module.
Jul 14 15:37:11 raspberrypi kernel: [    0.935882] RPC: Registered tcp transport module.
Jul 14 15:37:11 raspberrypi kernel: [    0.940643] RPC: Registered tcp NFSv4.1 backchannel transport module.
Jul 14 15:37:11 raspberrypi kernel: [    0.949134] hw perfevents: enabled with armv7_cortex_a7 PMU driver, 5 counters available
Jul 14 15:37:11 raspberrypi kernel: [    0.959175] futex hash table entries: 1024 (order: 4, 65536 bytes)
Jul 14 15:37:11 raspberrypi kernel: [    0.966365] [Xenomai] scheduling class idle registered.
Jul 14 15:37:11 raspberrypi kernel: [    0.971682] [Xenomai] scheduling class rt registered.
Jul 14 15:37:11 raspberrypi kernel: [    0.977024] I-pipe: head domain Xenomai registered.
Jul 14 15:37:11 raspberrypi kernel: [    0.985529] [Xenomai] Cobalt v3.0.5 (Sisyphus's Boulder) 
Jul 14 15:37:11 raspberrypi kernel: [    1.012972] VFS: Disk quotas dquot_6.6.0
Jul 14 15:37:11 raspberrypi kernel: [    1.017445] VFS: Dquot-cache hash table entries: 1024 (order 0, 4096 bytes)
Jul 14 15:37:11 raspberrypi kernel: [    1.028090] FS-Cache: Netfs 'nfs' registered for caching
Jul 14 15:37:11 raspberrypi kernel: [    1.035167] NFS: Registering the id_resolver key type
Jul 14 15:37:11 raspberrypi kernel: [    1.040377] Key type id_resolver registered
Jul 14 15:37:11 raspberrypi kernel: [    1.044590] Key type id_legacy registered
Jul 14 15:37:11 raspberrypi kernel: [    1.052787] Block layer SCSI generic (bsg) driver version 0.4 loaded (major 250)
Jul 14 15:37:11 raspberrypi kernel: [    1.060591] io scheduler noop registered
Jul 14 15:37:11 raspberrypi kernel: [    1.064564] io scheduler deadline registered (default)
Jul 14 15:37:11 raspberrypi kernel: [    1.070237] io scheduler cfq registered
Jul 14 15:37:11 raspberrypi kernel: [    1.076124] BCM2708FB: allocated DMA memory f9410000
Jul 14 15:37:11 raspberrypi kernel: [    1.081212] BCM2708FB: allocated DMA channel 0 @ f3007000
Jul 14 15:37:11 raspberrypi kernel: [    1.092513] Console: switching to colour frame buffer device 82x26
Jul 14 15:37:11 raspberrypi kernel: [    1.104295] Serial: 8250/16550 driver, 0 ports, IRQ sharing disabled
Jul 14 15:37:11 raspberrypi kernel: [    1.114258] vc-mem: phys_addr:0x00000000 mem_base=0x3dc00000 mem_size:0x3f000000(1008 MiB)
Jul 14 15:37:11 raspberrypi kernel: [    1.147954] brd: module loaded
Jul 14 15:37:11 raspberrypi kernel: [    1.165498] loop: module loaded
Jul 14 15:37:11 raspberrypi kernel: [    1.171643] vchiq: vchiq_init_state: slot_zero = 0xbbe87000, is_master = 0
Jul 14 15:37:11 raspberrypi kernel: [    1.182515] Loading iSCSI transport class v2.0-870.
Jul 14 15:37:11 raspberrypi kernel: [    1.190610] usbcore: registered new interface driver smsc95xx
Jul 14 15:37:11 raspberrypi kernel: [    1.198276] dwc_otg: version 3.00a 10-AUG-2012 (platform bus)
Jul 14 15:37:11 raspberrypi kernel: [    1.406518] Core Release: 2.80a
Jul 14 15:37:11 raspberrypi kernel: [    1.411521] Setting default values for core params
Jul 14 15:37:11 raspberrypi kernel: [    1.418154] Finished setting default values for core params
Jul 14 15:37:11 raspberrypi kernel: [    1.626239] Using Buffer DMA mode
Jul 14 15:37:11 raspberrypi kernel: [    1.631391] Periodic Transfer Interrupt Enhancement - disabled
Jul 14 15:37:11 raspberrypi kernel: [    1.639051] Multiprocessor Interrupt Enhancement - disabled
Jul 14 15:37:11 raspberrypi kernel: [    1.646418] OTG VER PARAM: 0, OTG VER FLAG: 0
Jul 14 15:37:11 raspberrypi kernel: [    1.652618] Dedicated Tx FIFOs mode
Jul 14 15:37:11 raspberrypi kernel: [    1.658170] WARN::dwc_otg_hcd_init:1047: FIQ DMA bounce buffers: virt = 0xbbdd3000 dma = 0xf9584000 len=9024
Jul 14 15:37:11 raspberrypi kernel: [    1.671848] FIQ FSM acceleration enabled for :
Jul 14 15:37:11 raspberrypi kernel: [    1.671848] Non-periodic Split Transactions
Jul 14 15:37:11 raspberrypi kernel: [    1.671848] Periodic Split Transactions
Jul 14 15:37:11 raspberrypi kernel: [    1.671848] High-Speed Isochronous Endpoints
Jul 14 15:37:11 raspberrypi kernel: [    1.695924] WARN::hcd_init_fiq:412: FIQ on core 1 at 0x8042fb58
Jul 14 15:37:11 raspberrypi kernel: [    1.703663] WARN::hcd_init_fiq:413: FIQ ASM at 0x8042feb8 length 36
Jul 14 15:37:11 raspberrypi kernel: [    1.711761] WARN::hcd_init_fiq:438: MPHI regs_base at 0xbbcfe000
Jul 14 15:37:11 raspberrypi kernel: [    1.719596] dwc_otg 3f980000.usb: DWC OTG Controller
Jul 14 15:37:11 raspberrypi kernel: [    1.726362] dwc_otg 3f980000.usb: new USB bus registered, assigned bus number 1
Jul 14 15:37:11 raspberrypi kernel: [    1.735541] dwc_otg 3f980000.usb: irq 32, io mem 0x00000000
Jul 14 15:37:11 raspberrypi kernel: [    1.742977] Init: Port Power? op_state=1
Jul 14 15:37:11 raspberrypi kernel: [    1.748627] Init: Power Port (0)
Jul 14 15:37:11 raspberrypi kernel: [    1.754013] usb usb1: New USB device found, idVendor=1d6b, idProduct=0002
Jul 14 15:37:11 raspberrypi kernel: [    1.762622] usb usb1: New USB device strings: Mfr=3, Product=2, SerialNumber=1
Jul 14 15:37:11 raspberrypi kernel: [    1.771644] usb usb1: Product: DWC OTG Controller
Jul 14 15:37:11 raspberrypi kernel: [    1.778075] usb usb1: Manufacturer: Linux 4.1.21-v7+ dwc_otg_hcd
Jul 14 15:37:11 raspberrypi kernel: [    1.785867] usb usb1: SerialNumber: 3f980000.usb
Jul 14 15:37:11 raspberrypi kernel: [    1.793428] hub 1-0:1.0: USB hub found
Jul 14 15:37:11 raspberrypi kernel: [    1.798959] hub 1-0:1.0: 1 port detected
Jul 14 15:37:11 raspberrypi kernel: [    1.805956] usbcore: registered new interface driver usb-storage
Jul 14 15:37:11 raspberrypi kernel: [    1.814046] mousedev: PS/2 mouse device common for all mice
Jul 14 15:37:11 raspberrypi kernel: [    1.822344] sdhci: Secure Digital Host Controller Interface driver
Jul 14 15:37:11 raspberrypi kernel: [    1.830250] sdhci: Copyright(c) Pierre Ossman
Jul 14 15:37:11 raspberrypi kernel: [    1.836646] sdhost: log_buf @ bbdd9000 (fa230000)
Jul 14 15:37:11 raspberrypi kernel: [    1.919098] mmc0: sdhost-bcm2835 loaded - DMA enabled (>1)
Jul 14 15:37:11 raspberrypi kernel: [    1.926811] sdhci-pltfm: SDHCI platform and OF driver helper
Jul 14 15:37:11 raspberrypi kernel: [    1.955338] ledtrig-cpu: registered to indicate activity on CPUs
Jul 14 15:37:11 raspberrypi kernel: [    1.963530] hidraw: raw HID events driver (C) Jiri Kosina
Jul 14 15:37:11 raspberrypi kernel: [    1.971107] usbcore: registered new interface driver usbhid
Jul 14 15:37:11 raspberrypi kernel: [    1.978421] usbhid: USB HID core driver
Jul 14 15:37:11 raspberrypi kernel: [    1.985581] Initializing XFRM netlink socket
Jul 14 15:37:11 raspberrypi kernel: [    1.991658] NET: Registered protocol family 17
Jul 14 15:37:11 raspberrypi kernel: [    1.998004] Key type dns_resolver registered
Jul 14 15:37:11 raspberrypi kernel: [    2.005020] Indeed it is in host mode hprt0 = 00021501
Jul 14 15:37:11 raspberrypi kernel: [    2.009259] Registering SWP/SWPB emulation handler
Jul 14 15:37:11 raspberrypi kernel: [    2.030481] registered taskstats version 1
Jul 14 15:37:11 raspberrypi kernel: [    2.036490] vc-sm: Videocore shared memory driver
Jul 14 15:37:11 raspberrypi kernel: [    2.045122] [vc_sm_connected_init]: start
Jul 14 15:37:11 raspberrypi kernel: [    2.053573] [vc_sm_connected_init]: end - returning 0
Jul 14 15:37:11 raspberrypi kernel: [    2.055733] mmc0: host does not support reading read-only switch, assuming write-enable
Jul 14 15:37:11 raspberrypi kernel: [    2.058228] mmc0: new high speed SDHC card at address aaaa
Jul 14 15:37:11 raspberrypi kernel: [    2.059083] mmcblk0: mmc0:aaaa SL16G 14.8 GiB 
Jul 14 15:37:11 raspberrypi kernel: [    2.061723]  mmcblk0: p1 p2
Jul 14 15:37:11 raspberrypi kernel: [    2.116201] EXT4-fs (mmcblk0p2): mounted filesystem with ordered data mode. Opts: (null)
Jul 14 15:37:11 raspberrypi kernel: [    2.127957] VFS: Mounted root (ext4 filesystem) readonly on device 179:2.
Jul 14 15:37:11 raspberrypi kernel: [    2.148154] devtmpfs: mounted
Jul 14 15:37:11 raspberrypi kernel: [    2.153895] Freeing unused kernel memory: 468K (807b3000 - 80828000)
Jul 14 15:37:11 raspberrypi kernel: [    2.189110] usb 1-1: new high-speed USB device number 2 using dwc_otg
Jul 14 15:37:11 raspberrypi kernel: [    2.197765] Indeed it is in host mode hprt0 = 00001101
Jul 14 15:37:11 raspberrypi kernel: [    2.399707] usb 1-1: New USB device found, idVendor=0424, idProduct=9514
Jul 14 15:37:11 raspberrypi kernel: [    2.408490] usb 1-1: New USB device strings: Mfr=0, Product=0, SerialNumber=0
Jul 14 15:37:11 raspberrypi kernel: [    2.419161] hub 1-1:1.0: USB hub found
Jul 14 15:37:11 raspberrypi kernel: [    2.425127] hub 1-1:1.0: 5 ports detected
Jul 14 15:37:11 raspberrypi kernel: [    2.472480] random: systemd urandom read with 44 bits of entropy available
Jul 14 15:37:11 raspberrypi kernel: [    2.646161] NET: Registered protocol family 10
Jul 14 15:37:11 raspberrypi kernel: [    2.709188] usb 1-1.1: new high-speed USB device number 3 using dwc_otg
Jul 14 15:37:11 raspberrypi kernel: [    2.719462] uart-pl011 3f201000.uart: no DMA platform data
Jul 14 15:37:11 raspberrypi kernel: [    2.819807] usb 1-1.1: New USB device found, idVendor=0424, idProduct=ec00
Jul 14 15:37:11 raspberrypi kernel: [    2.828734] usb 1-1.1: New USB device strings: Mfr=0, Product=0, SerialNumber=0
Jul 14 15:37:11 raspberrypi kernel: [    2.841349] smsc95xx v1.0.4
Jul 14 15:37:11 raspberrypi kernel: [    2.916219] smsc95xx 1-1.1:1.0 eth0: register 'smsc95xx' at usb-3f980000.usb-1.1, smsc95xx USB 2.0 Ethernet, b8:27:eb:f1:db:d9
Jul 14 15:37:11 raspberrypi kernel: [    5.676455] bcm2835-rng 3f104000.rng: hwrng registered
Jul 14 15:37:11 raspberrypi kernel: [    5.679804] gpiomem-bcm2835 3f200000.gpiomem: Initialised: Registers at 0x3f200000
Jul 14 15:37:11 raspberrypi kernel: [    5.714859] EXT4-fs (mmcblk0p2): re-mounted. Opts: (null)
Jul 14 15:37:11 raspberrypi kernel: [    7.454545] cfg80211: Calling CRDA to update world regulatory domain
Jul 14 15:37:11 raspberrypi kernel: [    7.642251] cfg80211: World regulatory domain updated:
Jul 14 15:37:11 raspberrypi kernel: [    7.642270] cfg80211:  DFS Master region: unset
Jul 14 15:37:11 raspberrypi kernel: [    7.642271] cfg80211:   (start_freq - end_freq @ bandwidth), (max_antenna_gain, max_eirp), (dfs_cac_time)
Jul 14 15:37:11 raspberrypi kernel: [    7.642290] cfg80211:   (2402000 KHz - 2472000 KHz @ 40000 KHz), (N/A, 2000 mBm), (N/A)
Jul 14 15:37:11 raspberrypi kernel: [    7.642304] cfg80211:   (2457000 KHz - 2482000 KHz @ 20000 KHz, 92000 KHz AUTO), (N/A, 2000 mBm), (N/A)
Jul 14 15:37:11 raspberrypi kernel: [    7.642314] cfg80211:   (2474000 KHz - 2494000 KHz @ 20000 KHz), (N/A, 2000 mBm), (N/A)
Jul 14 15:37:11 raspberrypi kernel: [    7.642326] cfg80211:   (5170000 KHz - 5250000 KHz @ 80000 KHz, 160000 KHz AUTO), (N/A, 2000 mBm), (N/A)
Jul 14 15:37:11 raspberrypi kernel: [    7.642339] cfg80211:   (5250000 KHz - 5330000 KHz @ 80000 KHz, 160000 KHz AUTO), (N/A, 2000 mBm), (0 s)
Jul 14 15:37:11 raspberrypi kernel: [    7.642349] cfg80211:   (5490000 KHz - 5730000 KHz @ 160000 KHz), (N/A, 2000 mBm), (0 s)
Jul 14 15:37:11 raspberrypi kernel: [    7.642359] cfg80211:   (5735000 KHz - 5835000 KHz @ 80000 KHz), (N/A, 2000 mBm), (N/A)
Jul 14 15:37:11 raspberrypi kernel: [    7.642369] cfg80211:   (57240000 KHz - 63720000 KHz @ 2160000 KHz), (N/A, 0 mBm), (N/A)
Jul 14 15:37:12 raspberrypi /usr/sbin/gpm[422]: *** info [daemon/startup.c(131)]:
Jul 14 15:37:12 raspberrypi /usr/sbin/gpm[422]: Started gpm successfully. Entered daemon mode.
Jul 14 15:37:12 raspberrypi kernel: [    8.127736] Adding 102396k swap on /var/swap.  Priority:-1 extents:3 across:200700k SSFS
Jul 14 15:37:12 raspberrypi kernel: [    8.342842] smsc95xx 1-1.1:1.0 eth0: hardware isn't capable of remote wakeup
Jul 14 15:37:12 raspberrypi kernel: [    8.343767] IPv6: ADDRCONF(NETDEV_UP): eth0: link is not ready
Jul 14 15:37:14 raspberrypi kernel: [    9.875202] smsc95xx 1-1.1:1.0 eth0: link up, 100Mbps, full-duplex, lpa 0xC1E1
Jul 14 15:37:14 raspberrypi kernel: [    9.880630] IPv6: ADDRCONF(NETDEV_CHANGE): eth0: link becomes ready
Jul 14 15:37:20 raspberrypi kernel: [   15.745856] random: nonblocking pool is initialized
Jul 14 15:38:21 raspberrypi kernel: [   33.079175] usb 1-1.5: new high-speed USB device number 4 using dwc_otg
Jul 14 15:38:21 raspberrypi kernel: [   33.182298] usb 1-1.5: New USB device found, idVendor=05e3, idProduct=0610
Jul 14 15:38:21 raspberrypi kernel: [   33.182327] usb 1-1.5: New USB device strings: Mfr=1, Product=2, SerialNumber=0
Jul 14 15:38:21 raspberrypi kernel: [   33.182347] usb 1-1.5: Product: USB2.0 Hub
Jul 14 15:38:21 raspberrypi kernel: [   33.182366] usb 1-1.5: Manufacturer: GenesysLogic
Jul 14 15:38:21 raspberrypi kernel: [   33.183951] hub 1-1.5:1.0: USB hub found
Jul 14 15:38:21 raspberrypi kernel: [   33.184584] hub 1-1.5:1.0: 4 ports detected
Jul 14 15:38:21 raspberrypi kernel: [   33.459176] usb 1-1.5.1: new low-speed USB device number 5 using dwc_otg
Jul 14 15:38:21 raspberrypi kernel: [   33.612043] usb 1-1.5: USB disconnect, device number 4
Jul 14 15:38:23 raspberrypi kernel: [   35.899188] usb 1-1.4: new high-speed USB device number 9 using dwc_otg
