-v7+ (harcok@cup) (gcc version 4.8.4 (Ubuntu/Linaro 4.8.4-2ubuntu1~14.04.1) ) #2 SMP Wed Jun 7 13:05:05 CEST 2017
Jul 12 15:17:04 raspberrypi kernel: [    0.000000] CPU: ARMv7 Processor [410fd034] revision 4 (ARMv7), cr=10c5383d
Jul 12 15:17:04 raspberrypi kernel: [    0.000000] CPU: PIPT / VIPT nonaliasing data cache, VIPT aliasing instruction cache
Jul 12 15:17:04 raspberrypi kernel: [    0.000000] Machine model: Raspberry Pi 3 Model B Rev 1.2
Jul 12 15:17:04 raspberrypi kernel: [    0.000000] Memory policy: Data cache writealloc
Jul 12 15:17:04 raspberrypi kernel: [    0.000000] [bcm2709_smp_init_cpus] enter (96e0->f3003010)
Jul 12 15:17:04 raspberrypi kernel: [    0.000000] [bcm2709_smp_init_cpus] ncores=4
Jul 12 15:17:04 raspberrypi kernel: [    0.000000] PERCPU: Embedded 15 pages/cpu @ba75f000 s32512 r8192 d20736 u61440
Jul 12 15:17:04 raspberrypi kernel: [    0.000000] Built 1 zonelists in Zone order, mobility grouping on.  Total pages: 239540
Jul 12 15:17:04 raspberrypi kernel: [    0.000000] Kernel command line: console=ttyAMA0,115200 kgdboc=ttyAMA0,115200 root=/dev/mmcblk0p2 rootfstype=ext4 rootwait 8250.nr_uarts=0 dma.dmachans=0x7f35 bcm2708_fb.fbwidth=1280 bcm2708_fb.fbheight=1024 bcm2709.boardrev=0xa02082 bcm2709.serial=0x50fcc9ca smsc95xx.macaddr=B8:27:EB:FC:C9:CA bcm2708_fb.fbswap=1 bcm2709.uart_clock=48000000 vc_mem.mem_base=0x3dc00000 vc_mem.mem_size=0x3f000000  dwc_otg.lpm_enable=0 console=ttyS0,115200 console=tty1 root=/dev/mmcblk0p2 rootfstype=ext4 elevator=deadline fsck.repair=yes rootwait
Jul 12 15:17:04 raspberrypi kernel: [    0.000000] PID hash table entries: 4096 (order: 2, 16384 bytes)
Jul 12 15:17:04 raspberrypi kernel: [    0.000000] Dentry cache hash table entries: 131072 (order: 7, 524288 bytes)
Jul 12 15:17:04 raspberrypi kernel: [    0.000000] Inode-cache hash table entries: 65536 (order: 6, 262144 bytes)
Jul 12 15:17:04 raspberrypi kernel: [    0.000000] Memory: 947324K/966656K available (6166K kernel code, 571K rwdata, 1684K rodata, 468K init, 786K bss, 19332K reserved, 0K cma-reserved)
Jul 12 15:17:04 raspberrypi kernel: [    0.000000] Virtual kernel memory layout:
Jul 12 15:17:04 raspberrypi kernel: [    0.000000]     vector  : 0xffff0000 - 0xffff1000   (   4 kB)
Jul 12 15:17:04 raspberrypi kernel: [    0.000000]     fixmap  : 0xffc00000 - 0xfff00000   (3072 kB)
Jul 12 15:17:04 raspberrypi kernel: [    0.000000]     vmalloc : 0xbb800000 - 0xff000000   (1080 MB)
Jul 12 15:17:04 raspberrypi kernel: [    0.000000]     lowmem  : 0x80000000 - 0xbb000000   ( 944 MB)
Jul 12 15:17:04 raspberrypi kernel: [    0.000000]     modules : 0x7f000000 - 0x80000000   (  16 MB)
Jul 12 15:17:04 raspberrypi kernel: [    0.000000]       .text : 0x80008000 - 0x807b2ae0   (7851 kB)
Jul 12 15:17:04 raspberrypi kernel: [    0.000000]       .init : 0x807b3000 - 0x80828000   ( 468 kB)
Jul 12 15:17:04 raspberrypi kernel: [    0.000000]       .data : 0x80828000 - 0x808b6f08   ( 572 kB)
Jul 12 15:17:04 raspberrypi kernel: [    0.000000]        .bss : 0x808b9000 - 0x8097d95c   ( 787 kB)
Jul 12 15:17:04 raspberrypi kernel: [    0.000000] SLUB: HWalign=64, Order=0-3, MinObjects=0, CPUs=4, Nodes=1
Jul 12 15:17:04 raspberrypi kernel: [    0.000000] Hierarchical RCU implementation.
Jul 12 15:17:04 raspberrypi kernel: [    0.000000] 	Additional per-CPU info printed with stalls.
Jul 12 15:17:04 raspberrypi kernel: [    0.000000] NR_IRQS:608
Jul 12 15:17:04 raspberrypi kernel: [    0.000000] Architected cp15 timer(s) running at 19.20MHz (phys).
Jul 12 15:17:04 raspberrypi kernel: [    0.000000] I-pipe, 19.200 MHz clocksource, wrap in 960767920505705 ms
Jul 12 15:17:04 raspberrypi kernel: [    0.000000] clocksource ipipe_tsc: mask: 0xffffffffffffffff max_cycles: 0x46d987e47, max_idle_ns: 440795202767 ns
Jul 12 15:17:04 raspberrypi kernel: [    0.000000] clocksource arch_sys_counter: mask: 0xffffffffffffff max_cycles: 0x46d987e47, max_idle_ns: 440795202767 ns
Jul 12 15:17:04 raspberrypi kernel: [    0.000000] sched_clock: 56 bits at 19MHz, resolution 52ns, wraps every 4398046511078ns
Jul 12 15:17:04 raspberrypi kernel: [    0.000001] Switching to timer-based delay loop, resolution 52ns
Jul 12 15:17:04 raspberrypi kernel: [    0.000902] Interrupt pipeline (release #9)
Jul 12 15:17:04 raspberrypi kernel: [    0.001144] Console: colour dummy device 80x30
Jul 12 15:17:04 raspberrypi kernel: [    0.002604] console [tty1] enabled
Jul 12 15:17:04 raspberrypi kernel: [    0.002664] Calibrating delay loop (skipped), value calculated using timer frequency.. 38.40 BogoMIPS (lpj=192000)
Jul 12 15:17:04 raspberrypi kernel: [    0.002748] pid_max: default: 32768 minimum: 301
Jul 12 15:17:04 raspberrypi kernel: [    0.002928] Mount-cache hash table entries: 2048 (order: 1, 8192 bytes)
Jul 12 15:17:04 raspberrypi kernel: [    0.002980] Mountpoint-cache hash table entries: 2048 (order: 1, 8192 bytes)
Jul 12 15:17:04 raspberrypi kernel: [    0.004126] Initializing cgroup subsys blkio
Jul 12 15:17:04 raspberrypi kernel: [    0.004184] Initializing cgroup subsys memory
Jul 12 15:17:04 raspberrypi kernel: [    0.004238] Initializing cgroup subsys devices
Jul 12 15:17:04 raspberrypi kernel: [    0.004291] Initializing cgroup subsys freezer
Jul 12 15:17:04 raspberrypi kernel: [    0.004343] Initializing cgroup subsys net_cls
Jul 12 15:17:04 raspberrypi kernel: [    0.004438] CPU: Testing write buffer coherency: ok
Jul 12 15:17:04 raspberrypi kernel: [    0.005087] CPU0: update cpu_capacity 1024
Jul 12 15:17:04 raspberrypi kernel: [    0.005131] CPU0: thread -1, cpu 0, socket 0, mpidr 80000000
Jul 12 15:17:04 raspberrypi kernel: [    0.005176] [bcm2709_smp_prepare_cpus] enter
Jul 12 15:17:04 raspberrypi kernel: [    0.005317] Setting up static identity map for 0x8240 - 0x8274
Jul 12 15:17:04 raspberrypi kernel: [    0.007848] [bcm2709_boot_secondary] cpu:1 started (0) 17
Jul 12 15:17:04 raspberrypi kernel: [    0.008059] [bcm2709_secondary_init] enter cpu:1
Jul 12 15:17:04 raspberrypi kernel: [    0.008111] CPU1: update cpu_capacity 1024
Jul 12 15:17:04 raspberrypi kernel: [    0.008119] CPU1: thread -1, cpu 1, socket 0, mpidr 80000001
Jul 12 15:17:04 raspberrypi kernel: [    0.008742] [bcm2709_boot_secondary] cpu:2 started (0) 18
Jul 12 15:17:04 raspberrypi kernel: [    0.008907] [bcm2709_secondary_init] enter cpu:2
Jul 12 15:17:04 raspberrypi kernel: [    0.008937] CPU2: update cpu_capacity 1024
Jul 12 15:17:04 raspberrypi kernel: [    0.008945] CPU2: thread -1, cpu 2, socket 0, mpidr 80000002
Jul 12 15:17:04 raspberrypi kernel: [    0.009550] [bcm2709_boot_secondary] cpu:3 started (0) 17
Jul 12 15:17:04 raspberrypi kernel: [    0.009681] [bcm2709_secondary_init] enter cpu:3
Jul 12 15:17:04 raspberrypi kernel: [    0.009710] CPU3: update cpu_capacity 1024
Jul 12 15:17:04 raspberrypi kernel: [    0.009716] CPU3: thread -1, cpu 3, socket 0, mpidr 80000003
Jul 12 15:17:04 raspberrypi kernel: [    0.009853] Brought up 4 CPUs
Jul 12 15:17:04 raspberrypi kernel: [    0.009892] SMP: Total of 4 processors activated (153.60 BogoMIPS).
Jul 12 15:17:04 raspberrypi kernel: [    0.009936] CPU: All CPU(s) started in HYP mode.
Jul 12 15:17:04 raspberrypi kernel: [    0.009974] CPU: Virtualization extensions available.
Jul 12 15:17:04 raspberrypi kernel: [    0.011579] devtmpfs: initialized
Jul 12 15:17:04 raspberrypi kernel: [    0.041565] VFP support v0.3: implementor 41 architecture 3 part 40 variant 3 rev 4
Jul 12 15:17:04 raspberrypi kernel: [    0.041917] clocksource jiffies: mask: 0xffffffff max_cycles: 0xffffffff, max_idle_ns: 19112604462750000 ns
Jul 12 15:17:04 raspberrypi kernel: [    0.042657] pinctrl core: initialized pinctrl subsystem
Jul 12 15:17:04 raspberrypi kernel: [    0.043366] NET: Registered protocol family 16
Jul 12 15:17:04 raspberrypi kernel: [    0.048732] DMA: preallocated 4096 KiB pool for atomic coherent allocations
Jul 12 15:17:04 raspberrypi kernel: [    0.050391] bcm2709.uart_clock = 48000000
Jul 12 15:17:04 raspberrypi kernel: [    0.057249] hw-breakpoint: found 5 (+1 reserved) breakpoint and 4 watchpoint registers.
Jul 12 15:17:04 raspberrypi kernel: [    0.057316] hw-breakpoint: maximum watchpoint size is 8 bytes.
Jul 12 15:17:04 raspberrypi kernel: [    0.057565] Serial: AMBA PL011 UART driver
Jul 12 15:17:04 raspberrypi kernel: [    0.057657] uart-pl011 3f201000.uart: could not find pctldev for node /soc/gpio@7e200000/uart0_pins, deferring probe
Jul 12 15:17:04 raspberrypi kernel: [    0.057952] bcm2835-mbox 3f00b880.mailbox: mailbox enabled
Jul 12 15:17:04 raspberrypi kernel: [    0.142126] bcm2708-dmaengine 3f007000.dma: DMA legacy API manager at f3007000, dmachans=0xf35
Jul 12 15:17:04 raspberrypi kernel: [    0.142227] bcm2708-dmaengine 3f007000.dma: Initialized 7 DMA channels (+ 1 legacy)
Jul 12 15:17:04 raspberrypi kernel: [    0.143103] bcm2708-dmaengine 3f007000.dma: Load BCM2835 DMA engine driver
Jul 12 15:17:04 raspberrypi kernel: [    0.143156] bcm2708-dmaengine 3f007000.dma: dma_debug:0
Jul 12 15:17:04 raspberrypi kernel: [    0.144010] SCSI subsystem initialized
Jul 12 15:17:04 raspberrypi kernel: [    0.144305] usbcore: registered new interface driver usbfs
Jul 12 15:17:04 raspberrypi kernel: [    0.144461] usbcore: registered new interface driver hub
Jul 12 15:17:04 raspberrypi kernel: [    0.144648] usbcore: registered new device driver usb
Jul 12 15:17:04 raspberrypi kernel: [    0.145404] raspberrypi-firmware soc:firmware: Attached to firmware from 2016-05-20 19:01
Jul 12 15:17:04 raspberrypi kernel: [    0.173291] Switched to clocksource ipipe_tsc
Jul 12 15:17:04 raspberrypi kernel: [    0.239349] FS-Cache: Loaded
Jul 12 15:17:04 raspberrypi kernel: [    0.239730] CacheFiles: Loaded
Jul 12 15:17:04 raspberrypi kernel: [    0.254952] NET: Registered protocol family 2
Jul 12 15:17:04 raspberrypi kernel: [    0.256154] TCP established hash table entries: 8192 (order: 3, 32768 bytes)
Jul 12 15:17:04 raspberrypi kernel: [    0.256312] TCP bind hash table entries: 8192 (order: 4, 65536 bytes)
Jul 12 15:17:04 raspberrypi kernel: [    0.256538] TCP: Hash tables configured (established 8192 bind 8192)
Jul 12 15:17:04 raspberrypi kernel: [    0.256677] UDP hash table entries: 512 (order: 2, 16384 bytes)
Jul 12 15:17:04 raspberrypi kernel: [    0.256762] UDP-Lite hash table entries: 512 (order: 2, 16384 bytes)
Jul 12 15:17:04 raspberrypi kernel: [    0.257250] NET: Registered protocol family 1
Jul 12 15:17:04 raspberrypi kernel: [    0.257715] RPC: Registered named UNIX socket transport module.
Jul 12 15:17:04 raspberrypi kernel: [    0.257762] RPC: Registered udp transport module.
Jul 12 15:17:04 raspberrypi kernel: [    0.257802] RPC: Registered tcp transport module.
Jul 12 15:17:04 raspberrypi kernel: [    0.257841] RPC: Registered tcp NFSv4.1 backchannel transport module.
Jul 12 15:17:04 raspberrypi kernel: [    0.259424] hw perfevents: enabled with armv7_cortex_a7 PMU driver, 7 counters available
Jul 12 15:17:04 raspberrypi kernel: [    0.260969] futex hash table entries: 1024 (order: 4, 65536 bytes)
Jul 12 15:17:04 raspberrypi kernel: [    0.261756] [Xenomai] scheduling class idle registered.
Jul 12 15:17:04 raspberrypi kernel: [    0.261800] [Xenomai] scheduling class rt registered.
Jul 12 15:17:04 raspberrypi kernel: [    0.262041] I-pipe: head domain Xenomai registered.
Jul 12 15:17:04 raspberrypi kernel: [    0.265022] [Xenomai] Cobalt v3.0.5 (Sisyphus's Boulder) 
Jul 12 15:17:04 raspberrypi kernel: [    0.284476] VFS: Disk quotas dquot_6.6.0
Jul 12 15:17:04 raspberrypi kernel: [    0.284967] VFS: Dquot-cache hash table entries: 1024 (order 0, 4096 bytes)
Jul 12 15:17:04 raspberrypi kernel: [    0.288044] FS-Cache: Netfs 'nfs' registered for caching
Jul 12 15:17:04 raspberrypi kernel: [    0.289452] NFS: Registering the id_resolver key type
Jul 12 15:17:04 raspberrypi kernel: [    0.289538] Key type id_resolver registered
Jul 12 15:17:04 raspberrypi kernel: [    0.289579] Key type id_legacy registered
Jul 12 15:17:04 raspberrypi kernel: [    0.292707] Block layer SCSI generic (bsg) driver version 0.4 loaded (major 250)
Jul 12 15:17:04 raspberrypi kernel: [    0.292977] io scheduler noop registered
Jul 12 15:17:04 raspberrypi kernel: [    0.293031] io scheduler deadline registered (default)
Jul 12 15:17:04 raspberrypi kernel: [    0.293525] io scheduler cfq registered
Jul 12 15:17:04 raspberrypi kernel: [    0.295528] BCM2708FB: allocated DMA memory fa3f0000
Jul 12 15:17:04 raspberrypi kernel: [    0.295595] BCM2708FB: allocated DMA channel 0 @ f3007000
Jul 12 15:17:04 raspberrypi kernel: [    0.315460] Console: switching to colour frame buffer device 160x64
Jul 12 15:17:04 raspberrypi kernel: [    0.327447] Serial: 8250/16550 driver, 0 ports, IRQ sharing disabled
Jul 12 15:17:04 raspberrypi kernel: [    0.328994] vc-mem: phys_addr:0x00000000 mem_base=0x3dc00000 mem_size:0x3f000000(1008 MiB)
Jul 12 15:17:04 raspberrypi kernel: [    0.346648] brd: module loaded
Jul 12 15:17:04 raspberrypi kernel: [    0.357339] loop: module loaded
Jul 12 15:17:04 raspberrypi kernel: [    0.358351] vchiq: vchiq_init_state: slot_zero = 0xbbd48000, is_master = 0
Jul 12 15:17:04 raspberrypi kernel: [    0.360163] Loading iSCSI transport class v2.0-870.
Jul 12 15:17:04 raspberrypi kernel: [    0.361167] usbcore: registered new interface driver smsc95xx
Jul 12 15:17:04 raspberrypi kernel: [    0.361329] dwc_otg: version 3.00a 10-AUG-2012 (platform bus)
Jul 12 15:17:04 raspberrypi kernel: [    0.561897] Core Release: 2.80a
Jul 12 15:17:04 raspberrypi kernel: [    0.561979] Setting default values for core params
Jul 12 15:17:04 raspberrypi kernel: [    0.562110] Finished setting default values for core params
Jul 12 15:17:04 raspberrypi kernel: [    0.762776] Using Buffer DMA mode
Jul 12 15:17:04 raspberrypi kernel: [    0.762855] Periodic Transfer Interrupt Enhancement - disabled
Jul 12 15:17:04 raspberrypi kernel: [    0.762968] Multiprocessor Interrupt Enhancement - disabled
Jul 12 15:17:04 raspberrypi kernel: [    0.763077] OTG VER PARAM: 0, OTG VER FLAG: 0
Jul 12 15:17:04 raspberrypi kernel: [    0.763182] Dedicated Tx FIFOs mode
Jul 12 15:17:04 raspberrypi kernel: [    0.763518] WARN::dwc_otg_hcd_init:1047: FIQ DMA bounce buffers: virt = 0xbbd92000 dma = 0xf95a4000 len=9024
Jul 12 15:17:04 raspberrypi kernel: [    0.763714] FIQ FSM acceleration enabled for :
Jul 12 15:17:04 raspberrypi kernel: [    0.763714] Non-periodic Split Transactions
Jul 12 15:17:04 raspberrypi kernel: [    0.763714] Periodic Split Transactions
Jul 12 15:17:04 raspberrypi kernel: [    0.763714] High-Speed Isochronous Endpoints
Jul 12 15:17:04 raspberrypi kernel: [    0.764064] WARN::hcd_init_fiq:412: FIQ on core 1 at 0x8042fb58
Jul 12 15:17:04 raspberrypi kernel: [    0.764190] WARN::hcd_init_fiq:413: FIQ ASM at 0x8042feb8 length 36
Jul 12 15:17:04 raspberrypi kernel: [    0.764317] WARN::hcd_init_fiq:438: MPHI regs_base at 0xbbd8c000
Jul 12 15:17:04 raspberrypi kernel: [    0.764472] dwc_otg 3f980000.usb: DWC OTG Controller
Jul 12 15:17:04 raspberrypi kernel: [    0.764608] dwc_otg 3f980000.usb: new USB bus registered, assigned bus number 1
Jul 12 15:17:04 raspberrypi kernel: [    0.764773] dwc_otg 3f980000.usb: irq 32, io mem 0x00000000
Jul 12 15:17:04 raspberrypi kernel: [    0.764934] Init: Port Power? op_state=1
Jul 12 15:17:04 raspberrypi kernel: [    0.765017] Init: Power Port (0)
Jul 12 15:17:04 raspberrypi kernel: [    0.770383] usb usb1: New USB device found, idVendor=1d6b, idProduct=0002
Jul 12 15:17:04 raspberrypi kernel: [    0.775520] usb usb1: New USB device strings: Mfr=3, Product=2, SerialNumber=1
Jul 12 15:17:04 raspberrypi kernel: [    0.780604] usb usb1: Product: DWC OTG Controller
Jul 12 15:17:04 raspberrypi kernel: [    0.785687] usb usb1: Manufacturer: Linux 4.1.21-v7+ dwc_otg_hcd
Jul 12 15:17:04 raspberrypi kernel: [    0.790742] usb usb1: SerialNumber: 3f980000.usb
Jul 12 15:17:04 raspberrypi kernel: [    0.796779] hub 1-0:1.0: USB hub found
Jul 12 15:17:04 raspberrypi kernel: [    0.801869] hub 1-0:1.0: 1 port detected
Jul 12 15:17:04 raspberrypi kernel: [    0.808052] usbcore: registered new interface driver usb-storage
Jul 12 15:17:04 raspberrypi kernel: [    0.813491] mousedev: PS/2 mouse device common for all mice
Jul 12 15:17:04 raspberrypi kernel: [    0.819404] sdhci: Secure Digital Host Controller Interface driver
Jul 12 15:17:04 raspberrypi kernel: [    0.824513] sdhci: Copyright(c) Pierre Ossman
Jul 12 15:17:04 raspberrypi kernel: [    0.829824] sdhost: log_buf @ bbd98000 (f957b000)
Jul 12 15:17:04 raspberrypi kernel: [    0.913365] mmc0: sdhost-bcm2835 loaded - DMA enabled (>1)
Jul 12 15:17:04 raspberrypi kernel: [    0.941023] mmc-bcm2835 3f300000.mmc: mmc_debug:0 mmc_debug2:0
Jul 12 15:17:04 raspberrypi kernel: [    0.946117] mmc-bcm2835 3f300000.mmc: DMA channel allocated
Jul 12 15:17:04 raspberrypi kernel: [    0.983486] sdhci-pltfm: SDHCI platform and OF driver helper
Jul 12 15:17:04 raspberrypi kernel: [    0.989008] ledtrig-cpu: registered to indicate activity on CPUs
Jul 12 15:17:04 raspberrypi kernel: [    0.994242] hidraw: raw HID events driver (C) Jiri Kosina
Jul 12 15:17:04 raspberrypi kernel: [    0.999499] usbcore: registered new interface driver usbhid
Jul 12 15:17:04 raspberrypi kernel: [    1.003441] Indeed it is in host mode hprt0 = 00021501
Jul 12 15:17:04 raspberrypi kernel: [    1.009517] usbhid: USB HID core driver
Jul 12 15:17:04 raspberrypi kernel: [    1.015797] Initializing XFRM netlink socket
Jul 12 15:17:04 raspberrypi kernel: [    1.020827] NET: Registered protocol family 17
Jul 12 15:17:04 raspberrypi kernel: [    1.024983] mmc0: host does not support reading read-only switch, assuming write-enable
Jul 12 15:17:04 raspberrypi kernel: [    1.027487] mmc0: new high speed SDHC card at address aaaa
Jul 12 15:17:04 raspberrypi kernel: [    1.036029] Key type dns_resolver registered
Jul 12 15:17:04 raspberrypi kernel: [    1.041903] Registering SWP/SWPB emulation handler
Jul 12 15:17:04 raspberrypi kernel: [    1.047890] registered taskstats version 1
Jul 12 15:17:04 raspberrypi kernel: [    1.053128] vc-sm: Videocore shared memory driver
Jul 12 15:17:04 raspberrypi kernel: [    1.058246] [vc_sm_connected_init]: start
Jul 12 15:17:04 raspberrypi kernel: [    1.063597] mmcblk0: mmc0:aaaa SL16G 14.8 GiB 
Jul 12 15:17:04 raspberrypi kernel: [    1.069188] [vc_sm_connected_init]: end - returning 0
Jul 12 15:17:04 raspberrypi kernel: [    1.075863] 3f201000.uart: ttyAMA0 at MMIO 0x3f201000 (irq = 83, base_baud = 0) is a PL011 rev2
Jul 12 15:17:04 raspberrypi kernel: [    1.079429]  mmcblk0: p1 p2
Jul 12 15:17:04 raspberrypi kernel: [    1.106195] mmc1: queuing unknown CIS tuple 0x80 (2 bytes)
Jul 12 15:17:04 raspberrypi kernel: [    1.107869] mmc1: queuing unknown CIS tuple 0x80 (3 bytes)
Jul 12 15:17:04 raspberrypi kernel: [    1.109522] mmc1: queuing unknown CIS tuple 0x80 (3 bytes)
Jul 12 15:17:04 raspberrypi kernel: [    1.112522] mmc1: queuing unknown CIS tuple 0x80 (7 bytes)
Jul 12 15:17:04 raspberrypi kernel: [    1.183365] usb 1-1: new high-speed USB device number 2 using dwc_otg
Jul 12 15:17:04 raspberrypi kernel: [    1.183586] Indeed it is in host mode hprt0 = 00001101
Jul 12 15:17:04 raspberrypi kernel: [    1.213087] mmc1: new high speed SDIO card at address 0001
Jul 12 15:17:04 raspberrypi kernel: [    1.363847] usb 1-1: New USB device found, idVendor=0424, idProduct=9514
Jul 12 15:17:04 raspberrypi kernel: [    1.363858] usb 1-1: New USB device strings: Mfr=0, Product=0, SerialNumber=0
Jul 12 15:17:04 raspberrypi kernel: [    1.364779] hub 1-1:1.0: USB hub found
Jul 12 15:17:04 raspberrypi kernel: [    1.364942] hub 1-1:1.0: 5 ports detected
Jul 12 15:17:04 raspberrypi kernel: [    1.643354] usb 1-1.1: new high-speed USB device number 3 using dwc_otg
Jul 12 15:17:04 raspberrypi kernel: [    1.743817] usb 1-1.1: New USB device found, idVendor=0424, idProduct=ec00
Jul 12 15:17:04 raspberrypi kernel: [    1.743827] usb 1-1.1: New USB device strings: Mfr=0, Product=0, SerialNumber=0
Jul 12 15:17:04 raspberrypi kernel: [    1.746733] smsc95xx v1.0.4
Jul 12 15:17:04 raspberrypi kernel: [    1.809139] smsc95xx 1-1.1:1.0 eth0: register 'smsc95xx' at usb-3f980000.usb-1.1, smsc95xx USB 2.0 Ethernet, b8:27:eb:fc:c9:ca
Jul 12 15:17:04 raspberrypi kernel: [    1.903354] usb 1-1.3: new high-speed USB device number 4 using dwc_otg
Jul 12 15:17:04 raspberrypi kernel: [    2.006263] usb 1-1.3: New USB device found, idVendor=05e3, idProduct=0610
Jul 12 15:17:04 raspberrypi kernel: [    2.006274] usb 1-1.3: New USB device strings: Mfr=1, Product=2, SerialNumber=0
Jul 12 15:17:04 raspberrypi kernel: [    2.006282] usb 1-1.3: Product: USB2.0 Hub
Jul 12 15:17:04 raspberrypi kernel: [    2.006290] usb 1-1.3: Manufacturer: GenesysLogic
Jul 12 15:17:04 raspberrypi kernel: [    2.007428] hub 1-1.3:1.0: USB hub found
Jul 12 15:17:04 raspberrypi kernel: [    2.007938] hub 1-1.3:1.0: 4 ports detected
Jul 12 15:17:04 raspberrypi kernel: [    2.283357] usb 1-1.3.1: new low-speed USB device number 5 using dwc_otg
Jul 12 15:17:04 raspberrypi kernel: [    2.307859] console [ttyAMA0] enabled
Jul 12 15:17:04 raspberrypi kernel: [    2.324109] EXT4-fs (mmcblk0p2): INFO: recovery required on readonly filesystem
Jul 12 15:17:04 raspberrypi kernel: [    2.336585] EXT4-fs (mmcblk0p2): write access will be enabled during recovery
Jul 12 15:17:04 raspberrypi kernel: [    2.391845] usb 1-1.3.1: New USB device found, idVendor=045e, idProduct=0040
Jul 12 15:17:04 raspberrypi kernel: [    2.404077] usb 1-1.3.1: New USB device strings: Mfr=1, Product=3, SerialNumber=0
Jul 12 15:17:04 raspberrypi kernel: [    2.416702] usb 1-1.3.1: Product: Microsoft 3-Button Mouse with IntelliEye(TM)
Jul 12 15:17:04 raspberrypi kernel: [    2.429070] usb 1-1.3.1: Manufacturer: Microsoft
Jul 12 15:17:04 raspberrypi kernel: [    2.445513] input: Microsoft Microsoft 3-Button Mouse with IntelliEye(TM) as /devices/platform/soc/3f980000.usb/usb1/1-1/1-1.3/1-1.3.1/1-1.3.1:1.0/0003:045E:0040.0001/input/input0
Jul 12 15:17:04 raspberrypi kernel: [    2.472623] hid-generic 0003:045E:0040.0001: input,hidraw0: USB HID v1.10 Mouse [Microsoft Microsoft 3-Button Mouse with IntelliEye(TM)] on usb-3f980000.usb-1.3.1/input0
Jul 12 15:17:04 raspberrypi kernel: [    2.849662] EXT4-fs (mmcblk0p2): recovery complete
Jul 12 15:17:04 raspberrypi kernel: [    2.865862] EXT4-fs (mmcblk0p2): mounted filesystem with ordered data mode. Opts: (null)
Jul 12 15:17:04 raspberrypi kernel: [    2.879544] VFS: Mounted root (ext4 filesystem) readonly on device 179:2.
Jul 12 15:17:04 raspberrypi kernel: [    2.904038] devtmpfs: mounted
Jul 12 15:17:04 raspberrypi kernel: [    2.913195] Freeing unused kernel memory: 468K (807b3000 - 80828000)
Jul 12 15:17:04 raspberrypi kernel: [    3.206163] random: systemd urandom read with 77 bits of entropy available
Jul 12 15:17:04 raspberrypi kernel: [    3.391031] NET: Registered protocol family 10
Jul 12 15:17:04 raspberrypi kernel: [    3.471631] uart-pl011 3f201000.uart: no DMA platform data
Jul 12 15:17:04 raspberrypi kernel: [    6.016635] cfg80211: Calling CRDA to update world regulatory domain
Jul 12 15:17:04 raspberrypi kernel: [    6.094145] usbcore: registered new interface driver brcmfmac
Jul 12 15:17:04 raspberrypi kernel: [    6.428053] EXT4-fs (mmcblk0p2): re-mounted. Opts: (null)
Jul 12 15:17:04 raspberrypi kernel: [    6.439226] cfg80211: World regulatory domain updated:
Jul 12 15:17:04 raspberrypi kernel: [    6.439240] cfg80211:  DFS Master region: unset
Jul 12 15:17:04 raspberrypi kernel: [    6.439253] cfg80211:   (start_freq - end_freq @ bandwidth), (max_antenna_gain, max_eirp), (dfs_cac_time)
Jul 12 15:17:04 raspberrypi kernel: [    6.439272] cfg80211:   (2402000 KHz - 2472000 KHz @ 40000 KHz), (N/A, 2000 mBm), (N/A)
Jul 12 15:17:04 raspberrypi kernel: [    6.439292] cfg80211:   (2457000 KHz - 2482000 KHz @ 20000 KHz, 92000 KHz AUTO), (N/A, 2000 mBm), (N/A)
Jul 12 15:17:04 raspberrypi kernel: [    6.439310] cfg80211:   (2474000 KHz - 2494000 KHz @ 20000 KHz), (N/A, 2000 mBm), (N/A)
Jul 12 15:17:04 raspberrypi kernel: [    6.439327] cfg80211:   (5170000 KHz - 5250000 KHz @ 80000 KHz, 160000 KHz AUTO), (N/A, 2000 mBm), (N/A)
Jul 12 15:17:04 raspberrypi kernel: [    6.439345] cfg80211:   (5250000 KHz - 5330000 KHz @ 80000 KHz, 160000 KHz AUTO), (N/A, 2000 mBm), (0 s)
Jul 12 15:17:04 raspberrypi kernel: [    6.439362] cfg80211:   (5490000 KHz - 5730000 KHz @ 160000 KHz), (N/A, 2000 mBm), (0 s)
Jul 12 15:17:04 raspberrypi kernel: [    6.439377] cfg80211:   (5735000 KHz - 5835000 KHz @ 80000 KHz), (N/A, 2000 mBm), (N/A)
Jul 12 15:17:04 raspberrypi kernel: [    6.439393] cfg80211:   (57240000 KHz - 63720000 KHz @ 2160000 KHz), (N/A, 0 mBm), (N/A)
Jul 12 15:17:04 raspberrypi kernel: [    6.576961] bcm2835-rng 3f104000.rng: hwrng registered
Jul 12 15:17:04 raspberrypi kernel: [    6.578243] gpiomem-bcm2835 3f200000.gpiomem: Initialised: Registers at 0x3f200000
Jul 12 15:17:04 raspberrypi kernel: [    7.537775] brcmfmac: power management disabled
Jul 12 15:17:04 raspberrypi kernel: [    7.938919] cfg80211: Calling CRDA for country: NL
Jul 12 15:17:04 raspberrypi kernel: [    7.970954] cfg80211: Regulatory domain changed to country: NL
Jul 12 15:17:04 raspberrypi kernel: [    7.970970] cfg80211:  DFS Master region: ETSI
Jul 12 15:17:04 raspberrypi kernel: [    7.970972] cfg80211:   (start_freq - end_freq @ bandwidth), (max_antenna_gain, max_eirp), (dfs_cac_time)
Jul 12 15:17:04 raspberrypi kernel: [    7.970987] cfg80211:   (2402000 KHz - 2482000 KHz @ 40000 KHz), (N/A, 2000 mBm), (N/A)
Jul 12 15:17:04 raspberrypi kernel: [    7.971002] cfg80211:   (5170000 KHz - 5250000 KHz @ 80000 KHz, 160000 KHz AUTO), (N/A, 2000 mBm), (N/A)
Jul 12 15:17:04 raspberrypi kernel: [    7.971015] cfg80211:   (5250000 KHz - 5330000 KHz @ 80000 KHz, 160000 KHz AUTO), (N/A, 2000 mBm), (0 s)
Jul 12 15:17:04 raspberrypi kernel: [    7.971025] cfg80211:   (5490000 KHz - 5710000 KHz @ 160000 KHz), (N/A, 2700 mBm), (0 s)
Jul 12 15:17:04 raspberrypi kernel: [    7.971033] cfg80211:   (5725000 KHz - 5875000 KHz @ 80000 KHz), (N/A, 1397 mBm), (N/A)
Jul 12 15:17:04 raspberrypi kernel: [    7.971042] cfg80211:   (57000000 KHz - 66000000 KHz @ 2160000 KHz), (N/A, 4000 mBm), (N/A)
Jul 12 15:17:04 raspberrypi kernel: [    8.098375] random: nonblocking pool is initialized
Jul 12 15:17:04 raspberrypi kernel: [    8.254443] usb 1-1.3.1: USB disconnect, device number 5
Jul 12 15:17:04 raspberrypi /usr/sbin/gpm[461]: *** info [daemon/startup.c(131)]:
Jul 12 15:17:04 raspberrypi /usr/sbin/gpm[461]: Started gpm successfully. Entered daemon mode.
Jul 12 15:17:05 raspberrypi kernel: [    8.640590] Adding 102396k swap on /var/swap.  Priority:-1 extents:3 across:200700k SSFS
Jul 12 15:17:05 raspberrypi kernel: [    8.683456] usb 1-1.3.1: new low-speed USB device number 10 using dwc_otg
Jul 12 15:17:05 raspberrypi kernel: [    8.791701] usb 1-1.3.1: New USB device found, idVendor=045e, idProduct=0040
Jul 12 15:17:05 raspberrypi kernel: [    8.791728] usb 1-1.3.1: New USB device strings: Mfr=1, Product=3, SerialNumber=0
Jul 12 15:17:05 raspberrypi kernel: [    8.791745] usb 1-1.3.1: Product: Microsoft 3-Button Mouse with IntelliEye(TM)
Jul 12 15:17:05 raspberrypi kernel: [    8.791761] usb 1-1.3.1: Manufacturer: Microsoft
Jul 12 15:17:05 raspberrypi kernel: [    8.799206] input: Microsoft Microsoft 3-Button Mouse with IntelliEye(TM) as /devices/platform/soc/3f980000.usb/usb1/1-1/1-1.3/1-1.3.1/1-1.3.1:1.0/0003:045E:0040.0002/input/input1
Jul 12 15:17:05 raspberrypi kernel: [    8.854281] hid-generic 0003:045E:0040.0002: input,hidraw0: USB HID v1.10 Mouse [Microsoft Microsoft 3-Button Mouse with IntelliEye(TM)] on usb-3f980000.usb-1.3.1/input0
Jul 12 15:17:05 raspberrypi kernel: [    8.937311] smsc95xx 1-1.1:1.0 eth0: hardware isn't capable of remote wakeup
Jul 12 15:17:05 raspberrypi kernel: [    8.937601] IPv6: ADDRCONF(NETDEV_UP): eth0: link is not ready
Jul 12 15:17:06 raspberrypi kernel: [   10.493860] smsc95xx 1-1.1:1.0 eth0: link up, 100Mbps, full-duplex, lpa 0xC1E1
Jul 12 15:17:06 raspberrypi kernel: [   10.497638] IPv6: ADDRCONF(NETDEV_CHANGE): eth0: link becomes ready
Jul 13 06:25:08 raspberrypi rsyslogd-2007: action 'action 17' suspended, next retry is Thu Jul 13 06:25:38 2017 [try http://www.rsyslog.com/e/2007 ]
Jul 13 06:25:28 raspberrypi rsyslogd: [origin software="rsyslogd" swVersion="8.4.2" x-pid="374" x-info="http://www.rsyslog.com"] rsyslogd was HUPed
Jul 13 06:43:54 raspberrypi rsyslogd0: action 'action 17' resumed (module 'builtin:ompipe') [try http://www.rsyslog.com/e/0 ]
Jul 13 06:43:54 raspberrypi rsyslogd-2359: action 'action 17' resumed (module 'builtin:ompipe') [try http://www.rsyslog.com/e/2359 ]
Jul 13 10:17:04 raspberrypi rsyslogd: [origin software="rsyslogd" swVersion="8.4.2" x-pid="371" x-info="http://www.rsyslog.com"] start
Jul 13 10:17:04 raspberrypi kernel: [    0.000000] Booting Linux on physical CPU 0x0
Jul 13 10:17:04 raspberrypi kernel: [    0.000000] Initializing cgroup subsys cpuset
Jul 13 10:17:04 raspberrypi kernel: [    0.000000] Initializing cgroup subsys cpu
Jul 13 10:17:04 raspberrypi kernel: [    0.000000] Initializing cgroup subsys cpuacct
Jul 13 10:17:04 raspberrypi kernel: [    0.000000] Linux version 4.1.21-v7+ (harcok@cup) (gcc version 4.8.4 (Ubuntu/Linaro 4.8.4-2ubuntu1~14.04.1) ) #2 SMP Wed Jun 7 13:05:05 CEST 2017
Jul 13 10:17:04 raspberrypi kernel: [    0.000000] CPU: ARMv7 Processor [410fd034] revision 4 (ARMv7), cr=10c5383d
Jul 13 10:17:04 raspberrypi kernel: [    0.000000] CPU: PIPT / VIPT nonaliasing data cache, VIPT aliasing instruction cache
Jul 13 10:17:04 raspberrypi kernel: [    0.000000] Machine model: Raspberry Pi 3 Model B Rev 1.2
Jul 13 10:17:04 raspberrypi kernel: [    0.000000] Memory policy: Data cache writealloc
Jul 13 10:17:04 raspberrypi kernel: [    0.000000] [bcm2709_smp_init_cpus] enter (96e0->f3003010)
Jul 13 10:17:04 raspberrypi kernel: [    0.000000] [bcm2709_smp_init_cpus] ncores=4
Jul 13 10:17:04 raspberrypi kernel: [    0.000000] PERCPU: Embedded 15 pages/cpu @ba75f000 s32512 r8192 d20736 u61440
Jul 13 10:17:04 raspberrypi kernel: [    0.000000] Built 1 zonelists in Zone order, mobility grouping on.  Total pages: 239540
Jul 13 10:17:04 raspberrypi kernel: [    0.000000] Kernel command line: console=ttyAMA0,115200 kgdboc=ttyAMA0,115200 root=/dev/mmcblk0p2 rootfstype=ext4 rootwait 8250.nr_uarts=0 dma.dmachans=0x7f35 bcm2708_fb.fbwidth=1280 bcm2708_fb.fbheight=1024 bcm2709.boardrev=0xa02082 bcm2709.serial=0x50fcc9ca smsc95xx.macaddr=B8:27:EB:FC:C9:CA bcm2708_fb.fbswap=1 bcm2709.uart_clock=48000000 vc_mem.mem_base=0x3dc00000 vc_mem.mem_size=0x3f000000  dwc_otg.lpm_enable=0 console=ttyS0,115200 console=tty1 root=/dev/mmcblk0p2 rootfstype=ext4 elevator=deadline fsck.repair=yes rootwait
Jul 13 10:17:04 raspberrypi kernel: [    0.000000] PID hash table entries: 4096 (order: 2, 16384 bytes)
Jul 13 10:17:04 raspberrypi kernel: [    0.000000] Dentry cache hash table entries: 131072 (order: 7, 524288 bytes)
Jul 13 10:17:04 raspberrypi kernel: [    0.000000] Inode-cache hash table entries: 65536 (order: 6, 262144 bytes)
Jul 13 10:17:04 raspberrypi kernel: [    0.000000] Memory: 947324K/966656K available (6166K kernel code, 571K rwdata, 1684K rodata, 468K init, 786K bss, 19332K reserved, 0K cma-reserved)
Jul 13 10:17:04 raspberrypi kernel: [    0.000000] Virtual kernel memory layout:
Jul 13 10:17:04 raspberrypi kernel: [    0.000000]     vector  : 0xffff0000 - 0xffff1000   (   4 kB)
Jul 13 10:17:04 raspberrypi kernel: [    0.000000]     fixmap  : 0xffc00000 - 0xfff00000   (3072 kB)
Jul 13 10:17:04 raspberrypi kernel: [    0.000000]     vmalloc : 0xbb800000 - 0xff000000   (1080 MB)
Jul 13 10:17:04 raspberrypi kernel: [    0.000000]     lowmem  : 0x80000000 - 0xbb000000   ( 944 MB)
Jul 13 10:17:04 raspberrypi kernel: [    0.000000]     modules : 0x7f000000 - 0x80000000   (  16 MB)
Jul 13 10:17:04 raspberrypi kernel: [    0.000000]       .text : 0x80008000 - 0x807b2ae0   (7851 kB)
Jul 13 10:17:04 raspberrypi kernel: [    0.000000]       .init : 0x807b3000 - 0x80828000   ( 468 kB)
Jul 13 10:17:04 raspberrypi kernel: [    0.000000]       .data : 0x80828000 - 0x808b6f08   ( 572 kB)
Jul 13 10:17:04 raspberrypi kernel: [    0.000000]        .bss : 0x808b9000 - 0x8097d95c   ( 787 kB)
Jul 13 10:17:04 raspberrypi kernel: [    0.000000] SLUB: HWalign=64, Order=0-3, MinObjects=0, CPUs=4, Nodes=1
Jul 13 10:17:04 raspberrypi kernel: [    0.000000] Hierarchical RCU implementation.
Jul 13 10:17:04 raspberrypi kernel: [    0.000000] 	Additional per-CPU info printed with stalls.
Jul 13 10:17:04 raspberrypi kernel: [    0.000000] NR_IRQS:608
Jul 13 10:17:04 raspberrypi kernel: [    0.000000] Architected cp15 timer(s) running at 19.20MHz (phys).
Jul 13 10:17:04 raspberrypi kernel: [    0.000000] I-pipe, 19.200 MHz clocksource, wrap in 960767920505705 ms
Jul 13 10:17:04 raspberrypi kernel: [    0.000000] clocksource ipipe_tsc: mask: 0xffffffffffffffff max_cycles: 0x46d987e47, max_idle_ns: 440795202767 ns
Jul 13 10:17:04 raspberrypi kernel: [    0.000000] clocksource arch_sys_counter: mask: 0xffffffffffffff max_cycles: 0x46d987e47, max_idle_ns: 440795202767 ns
Jul 13 10:17:04 raspberrypi kernel: [    0.000000] sched_clock: 56 bits at 19MHz, resolution 52ns, wraps every 4398046511078ns
Jul 13 10:17:04 raspberrypi kernel: [    0.000001] Switching to timer-based delay loop, resolution 52ns
Jul 13 10:17:04 raspberrypi kernel: [    0.000897] Interrupt pipeline (release #9)
Jul 13 10:17:04 raspberrypi kernel: [    0.001147] Console: colour dummy device 80x30
Jul 13 10:17:04 raspberrypi kernel: [    0.002610] console [tty1] enabled
Jul 13 10:17:04 raspberrypi kernel: [    0.002671] Calibrating delay loop (skipped), value calculated using timer frequency.. 38.40 BogoMIPS (lpj=192000)
Jul 13 10:17:04 raspberrypi kernel: [    0.002754] pid_max: default: 32768 minimum: 301
Jul 13 10:17:04 raspberrypi kernel: [    0.002943] Mount-cache hash table entries: 2048 (order: 1, 8192 bytes)
Jul 13 10:17:04 raspberrypi kernel: [    0.002995] Mountpoint-cache hash table entries: 2048 (order: 1, 8192 bytes)
Jul 13 10:17:04 raspberrypi kernel: [    0.004126] Initializing cgroup subsys blkio
Jul 13 10:17:04 raspberrypi kernel: [    0.004184] Initializing cgroup subsys memory
Jul 13 10:17:04 raspberrypi kernel: [    0.004240] Initializing cgroup subsys devices
Jul 13 10:17:04 raspberrypi kernel: [    0.004292] Initializing cgroup subsys freezer
Jul 13 10:17:04 raspberrypi kernel: [    0.004345] Initializing cgroup subsys net_cls
Jul 13 10:17:04 raspberrypi kernel: [    0.004438] CPU: Testing write buffer coherency: ok
Jul 13 10:17:04 raspberrypi kernel: [    0.005088] CPU0: update cpu_capacity 1024
Jul 13 10:17:04 raspberrypi kernel: [    0.005131] CPU0: thread -1, cpu 0, socket 0, mpidr 80000000
Jul 13 10:17:04 raspberrypi kernel: [    0.005176] [bcm2709_smp_prepare_cpus] enter
Jul 13 10:17:04 raspberrypi kernel: [    0.005322] Setting up static identity map for 0x8240 - 0x8274
Jul 13 10:17:04 raspberrypi kernel: [    0.007849] [bcm2709_boot_secondary] cpu:1 started (0) 17
Jul 13 10:17:04 raspberrypi kernel: [    0.008044] [bcm2709_secondary_init] enter cpu:1
Jul 13 10:17:04 raspberrypi kernel: [    0.008096] CPU1: update cpu_capacity 1024
Jul 13 10:17:04 raspberrypi kernel: [    0.008103] CPU1: thread -1, cpu 1, socket 0, mpidr 80000001
Jul 13 10:17:04 raspberrypi kernel: [    0.008728] [bcm2709_boot_secondary] cpu:2 started (0) 17
Jul 13 10:17:04 raspberrypi kernel: [    0.008893] [bcm2709_secondary_init] enter cpu:2
Jul 13 10:17:04 raspberrypi kernel: [    0.008923] CPU2: update cpu_capacity 1024
Jul 13 10:17:04 raspberrypi kernel: [    0.008931] CPU2: thread -1, cpu 2, socket 0, mpidr 80000002
Jul 13 10:17:04 raspberrypi kernel: [    0.009534] [bcm2709_boot_secondary] cpu:3 started (0) 17
Jul 13 10:17:04 raspberrypi kernel: [    0.009666] [bcm2709_secondary_init] enter cpu:3
Jul 13 10:17:04 raspberrypi kernel: [    0.009694] CPU3: update cpu_capacity 1024
Jul 13 10:17:04 raspberrypi kernel: [    0.009701] CPU3: thread -1, cpu 3, socket 0, mpidr 80000003
Jul 13 10:17:04 raspberrypi kernel: [    0.009838] Brought up 4 CPUs
Jul 13 10:17:04 raspberrypi kernel: [    0.009877] SMP: Total of 4 processors activated (153.60 BogoMIPS).
Jul 13 10:17:04 raspberrypi kernel: [    0.009921] CPU: All CPU(s) started in HYP mode.
Jul 13 10:17:04 raspberrypi kernel: [    0.009959] CPU: Virtualization extensions available.
Jul 13 10:17:04 raspberrypi kernel: [    0.011566] devtmpfs: initialized
Jul 13 10:17:04 raspberrypi kernel: [    0.041553] VFP support v0.3: implementor 41 architecture 3 part 40 variant 3 rev 4
Jul 13 10:17:04 raspberrypi kernel: [    0.041904] clocksource jiffies: mask: 0xffffffff max_cycles: 0xffffffff, max_idle_ns: 19112604462750000 ns
Jul 13 10:17:04 raspberrypi kernel: [    0.042637] pinctrl core: initialized pinctrl subsystem
Jul 13 10:17:04 raspberrypi kernel: [    0.043344] NET: Registered protocol family 16
Jul 13 10:17:04 raspberrypi kernel: [    0.048708] DMA: preallocated 4096 KiB pool for atomic coherent allocations
Jul 13 10:17:04 raspberrypi kernel: [    0.050370] bcm2709.uart_clock = 48000000
Jul 13 10:17:04 raspberrypi kernel: [    0.057232] hw-breakpoint: found 5 (+1 reserved) breakpoint and 4 watchpoint registers.
Jul 13 10:17:04 raspberrypi kernel: [    0.057299] hw-breakpoint: maximum watchpoint size is 8 bytes.
Jul 13 10:17:04 raspberrypi kernel: [    0.057548] Serial: AMBA PL011 UART driver
Jul 13 10:17:04 raspberrypi kernel: [    0.057641] uart-pl011 3f201000.uart: could not find pctldev for node /soc/gpio@7e200000/uart0_pins, deferring probe
Jul 13 10:17:04 raspberrypi kernel: [    0.057935] bcm2835-mbox 3f00b880.mailbox: mailbox enabled
Jul 13 10:17:04 raspberrypi kernel: [    0.142110] bcm2708-dmaengine 3f007000.dma: DMA legacy API manager at f3007000, dmachans=0xf35
Jul 13 10:17:04 raspberrypi kernel: [    0.142211] bcm2708-dmaengine 3f007000.dma: Initialized 7 DMA channels (+ 1 legacy)
Jul 13 10:17:04 raspberrypi kernel: [    0.143087] bcm2708-dmaengine 3f007000.dma: Load BCM2835 DMA engine driver
Jul 13 10:17:04 raspberrypi kernel: [    0.143140] bcm2708-dmaengine 3f007000.dma: dma_debug:0
Jul 13 10:17:04 raspberrypi kernel: [    0.143994] SCSI subsystem initialized
Jul 13 10:17:04 raspberrypi kernel: [    0.144288] usbcore: registered new interface driver usbfs
Jul 13 10:17:04 raspberrypi kernel: [    0.144444] usbcore: registered new interface driver hub
Jul 13 10:17:04 raspberrypi kernel: [    0.144631] usbcore: registered new device driver usb
Jul 13 10:17:04 raspberrypi kernel: [    0.145387] raspberrypi-firmware soc:firmware: Attached to firmware from 2016-05-20 19:01
Jul 13 10:17:04 raspberrypi kernel: [    0.173276] Switched to clocksource ipipe_tsc
Jul 13 10:17:04 raspberrypi kernel: [    0.239362] FS-Cache: Loaded
Jul 13 10:17:04 raspberrypi kernel: [    0.239741] CacheFiles: Loaded
Jul 13 10:17:04 raspberrypi kernel: [    0.254985] NET: Registered protocol family 2
Jul 13 10:17:04 raspberrypi kernel: [    0.256188] TCP established hash table entries: 8192 (order: 3, 32768 bytes)
Jul 13 10:17:04 raspberrypi kernel: [    0.256346] TCP bind hash table entries: 8192 (order: 4, 65536 bytes)
Jul 13 10:17:04 raspberrypi kernel: [    0.256572] TCP: Hash tables configured (established 8192 bind 8192)
Jul 13 10:17:04 raspberrypi kernel: [    0.256714] UDP hash table entries: 512 (order: 2, 16384 bytes)
Jul 13 10:17:04 raspberrypi kernel: [    0.256799] UDP-Lite hash table entries: 512 (order: 2, 16384 bytes)
Jul 13 10:17:04 raspberrypi kernel: [    0.257288] NET: Registered protocol family 1
Jul 13 10:17:04 raspberrypi kernel: [    0.257758] RPC: Registered named UNIX socket transport module.
Jul 13 10:17:04 raspberrypi kernel: [    0.257805] RPC: Registered udp transport module.
Jul 13 10:17:04 raspberrypi kernel: [    0.257845] RPC: Registered tcp transport module.
Jul 13 10:17:04 raspberrypi kernel: [    0.257884] RPC: Registered tcp NFSv4.1 backchannel transport module.
Jul 13 10:17:04 raspberrypi kernel: [    0.259469] hw perfevents: enabled with armv7_cortex_a7 PMU driver, 7 counters available
Jul 13 10:17:04 raspberrypi kernel: [    0.261009] futex hash table entries: 1024 (order: 4, 65536 bytes)
Jul 13 10:17:04 raspberrypi kernel: [    0.261797] [Xenomai] scheduling class idle registered.
Jul 13 10:17:04 raspberrypi kernel: [    0.261841] [Xenomai] scheduling class rt registered.
Jul 13 10:17:04 raspberrypi kernel: [    0.262082] I-pipe: head domain Xenomai registered.
Jul 13 10:17:04 raspberrypi kernel: [    0.265069] [Xenomai] Cobalt v3.0.5 (Sisyphus's Boulder) 
Jul 13 10:17:04 raspberrypi kernel: [    0.284508] VFS: Disk quotas dquot_6.6.0
Jul 13 10:17:04 raspberrypi kernel: [    0.284998] VFS: Dquot-cache hash table entries: 1024 (order 0, 4096 bytes)
Jul 13 10:17:04 raspberrypi kernel: [    0.288074] FS-Cache: Netfs 'nfs' registered for caching
Jul 13 10:17:04 raspberrypi kernel: [    0.289482] NFS: Registering the id_resolver key type
Jul 13 10:17:04 raspberrypi kernel: [    0.289569] Key type id_resolver registered
Jul 13 10:17:04 raspberrypi kernel: [    0.289609] Key type id_legacy registered
Jul 13 10:17:04 raspberrypi kernel: [    0.292738] Block layer SCSI generic (bsg) driver version 0.4 loaded (major 250)
Jul 13 10:17:04 raspberrypi kernel: [    0.293009] io scheduler noop registered
Jul 13 10:17:04 raspberrypi kernel: [    0.293063] io scheduler deadline registered (default)
Jul 13 10:17:04 raspberrypi kernel: [    0.293557] io scheduler cfq registered
Jul 13 10:17:04 raspberrypi kernel: [    0.295565] BCM2708FB: allocated DMA memory fa3f0000
Jul 13 10:17:04 raspberrypi kernel: [    0.295632] BCM2708FB: allocated DMA channel 0 @ f3007000
Jul 13 10:17:04 raspberrypi kernel: [    0.315566] Console: switching to colour frame buffer device 160x64
Jul 13 10:17:04 raspberrypi kernel: [    0.327546] Serial: 8250/16550 driver, 0 ports, IRQ sharing disabled
Jul 13 10:17:04 raspberrypi kernel: [    0.329098] vc-mem: phys_addr:0x00000000 mem_base=0x3dc00000 mem_size:0x3f000000(1008 MiB)
Jul 13 10:17:04 raspberrypi kernel: [    0.346826] brd: module loaded
Jul 13 10:17:04 raspberrypi kernel: [    0.357498] loop: module loaded
Jul 13 10:17:04 raspberrypi kernel: [    0.358498] vchiq: vchiq_init_state: slot_zero = 0xbbd48000, is_master = 0
Jul 13 10:17:04 raspberrypi kernel: [    0.360319] Loading iSCSI transport class v2.0-870.
Jul 13 10:17:04 raspberrypi kernel: [    0.361322] usbcore: registered new interface driver smsc95xx
Jul 13 10:17:04 raspberrypi kernel: [    0.361484] dwc_otg: version 3.00a 10-AUG-2012 (platform bus)
Jul 13 10:17:04 raspberrypi kernel: [    0.562027] Core Release: 2.80a
Jul 13 10:17:04 raspberrypi kernel: [    0.562109] Setting default values for core params
Jul 13 10:17:04 raspberrypi kernel: [    0.562242] Finished setting default values for core params
Jul 13 10:17:04 raspberrypi kernel: [    0.762898] Using Buffer DMA mode
Jul 13 10:17:04 raspberrypi kernel: [    0.762976] Periodic Transfer Interrupt Enhancement - disabled
Jul 13 10:17:04 raspberrypi kernel: [    0.763088] Multiprocessor Interrupt Enhancement - disabled
Jul 13 10:17:04 raspberrypi kernel: [    0.763197] OTG VER PARAM: 0, OTG VER FLAG: 0
Jul 13 10:17:04 raspberrypi kernel: [    0.763336] Dedicated Tx FIFOs mode
Jul 13 10:17:04 raspberrypi kernel: [    0.763630] WARN::dwc_otg_hcd_init:1047: FIQ DMA bounce buffers: virt = 0xbbd92000 dma = 0xf94f0000 len=9024
Jul 13 10:17:04 raspberrypi kernel: [    0.763827] FIQ FSM acceleration enabled for :
Jul 13 10:17:04 raspberrypi kernel: [    0.763827] Non-periodic Split Transactions
Jul 13 10:17:04 raspberrypi kernel: [    0.763827] Periodic Split Transactions
Jul 13 10:17:04 raspberrypi kernel: [    0.763827] High-Speed Isochronous Endpoints
Jul 13 10:17:04 raspberrypi kernel: [    0.764169] WARN::hcd_init_fiq:412: FIQ on core 1 at 0x8042fb58
Jul 13 10:17:04 raspberrypi kernel: [    0.764290] WARN::hcd_init_fiq:413: FIQ ASM at 0x8042feb8 length 36
Jul 13 10:17:04 raspberrypi kernel: [    0.764416] WARN::hcd_init_fiq:438: MPHI regs_base at 0xbbd8c000
Jul 13 10:17:04 raspberrypi kernel: [    0.764570] dwc_otg 3f980000.usb: DWC OTG Controller
Jul 13 10:17:04 raspberrypi kernel: [    0.764706] dwc_otg 3f980000.usb: new USB bus registered, assigned bus number 1
Jul 13 10:17:04 raspberrypi kernel: [    0.764870] dwc_otg 3f980000.usb: irq 32, io mem 0x00000000
Jul 13 10:17:04 raspberrypi kernel: [    0.765034] Init: Port Power? op_state=1
Jul 13 10:17:04 raspberrypi kernel: [    0.765116] Init: Power Port (0)
Jul 13 10:17:04 raspberrypi kernel: [    0.770474] usb usb1: New USB device found, idVendor=1d6b, idProduct=0002
Jul 13 10:17:04 raspberrypi kernel: [    0.775613] usb usb1: New USB device strings: Mfr=3, Product=2, SerialNumber=1
Jul 13 10:17:04 raspberrypi kernel: [    0.780691] usb usb1: Product: DWC OTG Controller
Jul 13 10:17:04 raspberrypi kernel: [    0.785779] usb usb1: Manufacturer: Linux 4.1.21-v7+ dwc_otg_hcd
Jul 13 10:17:04 raspberrypi kernel: [    0.790828] usb usb1: SerialNumber: 3f980000.usb
Jul 13 10:17:04 raspberrypi kernel: [    0.796834] hub 1-0:1.0: USB hub found
Jul 13 10:17:04 raspberrypi kernel: [    0.801920] hub 1-0:1.0: 1 port detected
Jul 13 10:17:04 raspberrypi kernel: [    0.808055] usbcore: registered new interface driver usb-storage
Jul 13 10:17:04 raspberrypi kernel: [    0.813467] mousedev: PS/2 mouse device common for all mice
Jul 13 10:17:04 raspberrypi kernel: [    0.819378] sdhci: Secure Digital Host Controller Interface driver
Jul 13 10:17:04 raspberrypi kernel: [    0.824478] sdhci: Copyright(c) Pierre Ossman
Jul 13 10:17:04 raspberrypi kernel: [    0.829778] sdhost: log_buf @ bbd98000 (f957b000)
Jul 13 10:17:04 raspberrypi kernel: [    0.913350] mmc0: sdhost-bcm2835 loaded - DMA enabled (>1)
Jul 13 10:17:04 raspberrypi kernel: [    0.941062] mmc-bcm2835 3f300000.mmc: mmc_debug:0 mmc_debug2:0
Jul 13 10:17:04 raspberrypi kernel: [    0.946156] mmc-bcm2835 3f300000.mmc: DMA channel allocated
Jul 13 10:17:04 raspberrypi kernel: [    0.983472] sdhci-pltfm: SDHCI platform and OF driver helper
Jul 13 10:17:04 raspberrypi kernel: [    0.988997] ledtrig-cpu: registered to indicate activity on CPUs
Jul 13 10:17:04 raspberrypi kernel: [    0.994224] hidraw: raw HID events driver (C) Jiri Kosina
Jul 13 10:17:04 raspberrypi kernel: [    0.999463] usbcore: registered new interface driver usbhid
Jul 13 10:17:04 raspberrypi kernel: [    1.003428] Indeed it is in host mode hprt0 = 00021501
Jul 13 10:17:04 raspberrypi kernel: [    1.009470] usbhid: USB HID core driver
Jul 13 10:17:04 raspberrypi kernel: [    1.015745] Initializing XFRM netlink socket
Jul 13 10:17:04 raspberrypi kernel: [    1.020753] NET: Registered protocol family 17
Jul 13 10:17:04 raspberrypi kernel: [    1.024855] mmc0: host does not support reading read-only switch, assuming write-enable
Jul 13 10:17:04 raspberrypi kernel: [    1.027360] mmc0: new high speed SDHC card at address aaaa
Jul 13 10:17:04 raspberrypi kernel: [    1.035938] Key type dns_resolver registered
Jul 13 10:17:04 raspberrypi kernel: [    1.041806] Registering SWP/SWPB emulation handler
Jul 13 10:17:04 raspberrypi kernel: [    1.047815] registered taskstats version 1
Jul 13 10:17:04 raspberrypi kernel: [    1.053053] vc-sm: Videocore shared memory driver
Jul 13 10:17:04 raspberrypi kernel: [    1.058167] [vc_sm_connected_init]: start
Jul 13 10:17:04 raspberrypi kernel: [    1.063487] mmcblk0: mmc0:aaaa SL16G 14.8 GiB 
Jul 13 10:17:04 raspberrypi kernel: [    1.069076] [vc_sm_connected_init]: end - returning 0
Jul 13 10:17:04 raspberrypi kernel: [    1.074454]  mmcblk0: p1 p2
Jul 13 10:17:04 raspberrypi kernel: [    1.075859] 3f201000.uart: ttyAMA0 at MMIO 0x3f201000 (irq = 83, base_baud = 0) is a PL011 rev2
Jul 13 10:17:04 raspberrypi kernel: [    1.109005] mmc1: queuing unknown CIS tuple 0x80 (2 bytes)
Jul 13 10:17:04 raspberrypi kernel: [    1.110666] mmc1: queuing unknown CIS tuple 0x80 (3 bytes)
Jul 13 10:17:04 raspberrypi kernel: [    1.112338] mmc1: queuing unknown CIS tuple 0x80 (3 bytes)
Jul 13 10:17:04 raspberrypi kernel: [    1.115335] mmc1: queuing unknown CIS tuple 0x80 (7 bytes)
Jul 13 10:17:04 raspberrypi kernel: [    1.183349] usb 1-1: new high-speed USB device number 2 using dwc_otg
Jul 13 10:17:04 raspberrypi kernel: [    1.183554] Indeed it is in host mode hprt0 = 00001101
Jul 13 10:17:04 raspberrypi kernel: [    1.212795] mmc1: new high speed SDIO card at address 0001
Jul 13 10:17:04 raspberrypi kernel: [    1.363835] usb 1-1: New USB device found, idVendor=0424, idProduct=9514
Jul 13 10:17:04 raspberrypi kernel: [    1.363845] usb 1-1: New USB device strings: Mfr=0, Product=0, SerialNumber=0
Jul 13 10:17:04 raspberrypi kernel: [    1.364827] hub 1-1:1.0: USB hub found
Jul 13 10:17:04 raspberrypi kernel: [    1.364994] hub 1-1:1.0: 5 ports detected
Jul 13 10:17:04 raspberrypi kernel: [    1.643340] usb 1-1.1: new high-speed USB device number 3 using dwc_otg
Jul 13 10:17:04 raspberrypi kernel: [    1.743802] usb 1-1.1: New USB device found, idVendor=0424, idProduct=ec00
Jul 13 10:17:04 raspberrypi kernel: [    1.743812] usb 1-1.1: New USB device strings: Mfr=0, Product=0, SerialNumber=0
Jul 13 10:17:04 raspberrypi kernel: [    1.746751] smsc95xx v1.0.4
Jul 13 10:17:04 raspberrypi kernel: [    1.809128] smsc95xx 1-1.1:1.0 eth0: register 'smsc95xx' at usb-3f980000.usb-1.1, smsc95xx USB 2.0 Ethernet, b8:27:eb:fc:c9:ca
Jul 13 10:17:04 raspberrypi kernel: [    1.903340] usb 1-1.3: new high-speed USB device number 4 using dwc_otg
Jul 13 10:17:04 raspberrypi kernel: [    2.006353] usb 1-1.3: New USB device found, idVendor=05e3, idProduct=0610
Jul 13 10:17:04 raspberrypi kernel: [    2.006363] usb 1-1.3: New USB device strings: Mfr=1, Product=2, SerialNumber=0
Jul 13 10:17:04 raspberrypi kernel: [    2.006371] usb 1-1.3: Product: USB2.0 Hub
Jul 13 10:17:04 raspberrypi kernel: [    2.006380] usb 1-1.3: Manufacturer: GenesysLogic
Jul 13 10:17:04 raspberrypi kernel: [    2.007517] hub 1-1.3:1.0: USB hub found
Jul 13 10:17:04 raspberrypi kernel: [    2.008020] hub 1-1.3:1.0: 4 ports detected
Jul 13 10:17:04 raspberrypi kernel: [    2.283343] usb 1-1.3.1: new low-speed USB device number 5 using dwc_otg
Jul 13 10:17:04 raspberrypi kernel: [    2.306336] console [ttyAMA0] enabled
Jul 13 10:17:04 raspberrypi kernel: [    2.322486] EXT4-fs (mmcblk0p2): INFO: recovery required on readonly filesystem
Jul 13 10:17:04 raspberrypi kernel: [    2.335029] EXT4-fs (mmcblk0p2): write access will be enabled during recovery
Jul 13 10:17:04 raspberrypi kernel: [    2.391714] usb 1-1.3.1: New USB device found, idVendor=045e, idProduct=0040
Jul 13 10:17:04 raspberrypi kernel: [    2.403967] usb 1-1.3.1: New USB device strings: Mfr=1, Product=3, SerialNumber=0
Jul 13 10:17:04 raspberrypi kernel: [    2.416620] usb 1-1.3.1: Product: Microsoft 3-Button Mouse with IntelliEye(TM)
Jul 13 10:17:04 raspberrypi kernel: [    2.429017] usb 1-1.3.1: Manufacturer: Microsoft
Jul 13 10:17:04 raspberrypi kernel: [    2.445475] input: Microsoft Microsoft 3-Button Mouse with IntelliEye(TM) as /devices/platform/soc/3f980000.usb/usb1/1-1/1-1.3/1-1.3.1/1-1.3.1:1.0/0003:045E:0040.0001/input/input0
Jul 13 10:17:04 raspberrypi kernel: [    2.472724] hid-generic 0003:045E:0040.0001: input,hidraw0: USB HID v1.10 Mouse [Microsoft Microsoft 3-Button Mouse with IntelliEye(TM)] on usb-3f980000.usb-1.3.1/input0
Jul 13 10:17:04 raspberrypi kernel: [    2.704096] EXT4-fs (mmcblk0p2): recovery complete
Jul 13 10:17:04 raspberrypi kernel: [    2.723358] EXT4-fs (mmcblk0p2): mounted filesystem with ordered data mode. Opts: (null)
Jul 13 10:17:04 raspberrypi kernel: [    2.737047] VFS: Mounted root (ext4 filesystem) readonly on device 179:2.
Jul 13 10:17:04 raspberrypi kernel: [    2.760872] devtmpfs: mounted
Jul 13 10:17:04 raspberrypi kernel: [    2.770084] Freeing unused kernel memory: 468K (807b3000 - 80828000)
Jul 13 10:17:04 raspberrypi kernel: [    3.069976] random: systemd urandom read with 73 bits of entropy available
Jul 13 10:17:04 raspberrypi kernel: [    3.253218] NET: Registered protocol family 10
Jul 13 10:17:04 raspberrypi kernel: [    3.343772] uart-pl011 3f201000.uart: no DMA platform data
Jul 13 10:17:04 raspberrypi kernel: [    5.560349] gpiomem-bcm2835 3f200000.gpiomem: Initialised: Registers at 0x3f200000
Jul 13 10:17:04 raspberrypi kernel: [    6.467274] bcm2835-rng 3f104000.rng: hwrng registered
Jul 13 10:17:04 raspberrypi kernel: [    6.566060] cfg80211: Calling CRDA to update world regulatory domain
Jul 13 10:17:04 raspberrypi kernel: [    6.568885] EXT4-fs (mmcblk0p2): re-mounted. Opts: (null)
Jul 13 10:17:04 raspberrypi kernel: [    6.614104] usbcore: registered new interface driver brcmfmac
Jul 13 10:17:04 raspberrypi kernel: [    6.782464] cfg80211: World regulatory domain updated:
Jul 13 10:17:04 raspberrypi kernel: [    6.782478] cfg80211:  DFS Master region: unset
Jul 13 10:17:04 raspberrypi kernel: [    6.782479] cfg80211:   (start_freq - end_freq @ bandwidth), (max_antenna_gain, max_eirp), (dfs_cac_time)
Jul 13 10:17:04 raspberrypi kernel: [    6.782494] cfg80211:   (2402000 KHz - 2472000 KHz @ 40000 KHz), (N/A, 2000 mBm), (N/A)
Jul 13 10:17:04 raspberrypi kernel: [    6.782505] cfg80211:   (2457000 KHz - 2482000 KHz @ 20000 KHz, 92000 KHz AUTO), (N/A, 2000 mBm), (N/A)
Jul 13 10:17:04 raspberrypi kernel: [    6.782513] cfg80211:   (2474000 KHz - 2494000 KHz @ 20000 KHz), (N/A, 2000 mBm), (N/A)
Jul 13 10:17:04 raspberrypi kernel: [    6.782523] cfg80211:   (5170000 KHz - 5250000 KHz @ 80000 KHz, 160000 KHz AUTO), (N/A, 2000 mBm), (N/A)
Jul 13 10:17:04 raspberrypi kernel: [    6.782533] cfg80211:   (5250000 KHz - 5330000 KHz @ 80000 KHz, 160000 KHz AUTO), (N/A, 2000 mBm), (0 s)
Jul 13 10:17:04 raspberrypi kernel: [    6.782542] cfg80211:   (5490000 KHz - 5730000 KHz @ 160000 KHz), (N/A, 2000 mBm), (0 s)
Jul 13 10:17:04 raspberrypi kernel: [    6.782550] cfg80211:   (5735000 KHz - 5835000 KHz @ 80000 KHz), (N/A, 2000 mBm), (N/A)
Jul 13 10:17:04 raspberrypi kernel: [    6.782558] cfg80211:   (57240000 KHz - 63720000 KHz @ 2160000 KHz), (N/A, 0 mBm), (N/A)
Jul 13 10:17:04 raspberrypi kernel: [    7.917158] brcmfmac: power management disabled
Jul 13 10:17:04 raspberrypi kernel: [    8.306076] random: nonblocking pool is initialized
Jul 13 10:17:04 raspberrypi kernel: [    8.368928] cfg80211: Calling CRDA for country: NL
Jul 13 10:17:04 raspberrypi kernel: [    8.399769] cfg80211: Regulatory domain changed to country: NL
Jul 13 10:17:04 raspberrypi kernel: [    8.399796] cfg80211:  DFS Master region: ETSI
Jul 13 10:17:04 raspberrypi kernel: [    8.399808] cfg80211:   (start_freq - end_freq @ bandwidth), (max_antenna_gain, max_eirp), (dfs_cac_time)
Jul 13 10:17:04 raspberrypi kernel: [    8.399827] cfg80211:   (2402000 KHz - 2482000 KHz @ 40000 KHz), (N/A, 2000 mBm), (N/A)
Jul 13 10:17:04 raspberrypi kernel: [    8.399846] cfg80211:   (5170000 KHz - 5250000 KHz @ 80000 KHz, 160000 KHz AUTO), (N/A, 2000 mBm), (N/A)
Jul 13 10:17:04 raspberrypi kernel: [    8.399864] cfg80211:   (5250000 KHz - 5330000 KHz @ 80000 KHz, 160000 KHz AUTO), (N/A, 2000 mBm), (0 s)
Jul 13 10:17:04 raspberrypi kernel: [    8.399880] cfg80211:   (5490000 KHz - 5710000 KHz @ 160000 KHz), (N/A, 2700 mBm), (0 s)
Jul 13 10:17:04 raspberrypi kernel: [    8.399896] cfg80211:   (5725000 KHz - 5875000 KHz @ 80000 KHz), (N/A, 1397 mBm), (N/A)
Jul 13 10:17:04 raspberrypi kernel: [    8.399912] cfg80211:   (57000000 KHz - 66000000 KHz @ 2160000 KHz), (N/A, 4000 mBm), (N/A)
Jul 13 10:17:04 raspberrypi kernel: [    8.510190] usb 1-1.3.1: USB disconnect, device number 5
Jul 13 10:17:05 raspberrypi /usr/sbin/gpm[484]: *** info [daemon/startup.c(131)]:
Jul 13 10:17:05 raspberrypi /usr/sbin/gpm[484]: Started gpm successfully. Entered daemon mode.
Jul 13 10:17:05 raspberrypi kernel: [    8.853388] usb 1-1.3.1: new low-speed USB device number 10 using dwc_otg
Jul 13 10:17:05 raspberrypi kernel: [    8.950611] Adding 102396k swap on /var/swap.  Priority:-1 extents:3 across:200700k SSFS
Jul 13 10:17:05 raspberrypi kernel: [    9.277323] smsc95xx 1-1.1:1.0 eth0: hardware isn't capable of remote wakeup
Jul 13 10:17:05 raspberrypi kernel: [    9.277612] IPv6: ADDRCONF(NETDEV_UP): eth0: link is not ready
Jul 13 10:17:06 raspberrypi kernel: [    9.613355] usb 1-1.3.1: new low-speed USB device number 12 using dwc_otg
Jul 13 10:17:06 raspberrypi kernel: [    9.721691] usb 1-1.3.1: New USB device found, idVendor=045e, idProduct=0040
Jul 13 10:17:06 raspberrypi kernel: [    9.721713] usb 1-1.3.1: New USB device strings: Mfr=1, Product=3, SerialNumber=0
Jul 13 10:17:06 raspberrypi kernel: [    9.721730] usb 1-1.3.1: Product: Microsoft 3-Button Mouse with IntelliEye(TM)
Jul 13 10:17:06 raspberrypi kernel: [    9.721746] usb 1-1.3.1: Manufacturer: Microsoft
Jul 13 10:17:06 raspberrypi kernel: [    9.728362] input: Microsoft Microsoft 3-Button Mouse with IntelliEye(TM) as /devices/platform/soc/3f980000.usb/usb1/1-1/1-1.3/1-1.3.1/1-1.3.1:1.0/0003:045E:0040.0002/input/input1
Jul 13 10:17:06 raspberrypi kernel: [    9.783839] hid-generic 0003:045E:0040.0002: input,hidraw0: USB HID v1.10 Mouse [Microsoft Microsoft 3-Button Mouse with IntelliEye(TM)] on usb-3f980000.usb-1.3.1/input0
Jul 13 10:17:07 raspberrypi kernel: [   10.809893] smsc95xx 1-1.1:1.0 eth0: link up, 100Mbps, full-duplex, lpa 0xC1E1
Jul 13 10:17:07 raspberrypi kernel: [   10.814130] IPv6: ADDRCONF(NETDEV_CHANGE): eth0: link becomes ready
Jul 13 13:51:44 raspberrypi kernel: [ 2290.286406] usb 1-1.3.1: USB disconnect, device number 12
Jul 13 13:51:44 raspberrypi kernel: [ 2290.639740] usb 1-1.3.1: new low-speed USB device number 13 using dwc_otg
Jul 13 13:51:44 raspberrypi kernel: [ 2290.750471] usb 1-1.3.1: New USB device found, idVendor=045e, idProduct=0040
Jul 13 13:51:44 raspberrypi kernel: [ 2290.750499] usb 1-1.3.1: New USB device strings: Mfr=1, Product=3, SerialNumber=0
Jul 13 13:51:44 raspberrypi kernel: [ 2290.750516] usb 1-1.3.1: Product: Microsoft 3-Button Mouse with IntelliEye(TM)
Jul 13 13:51:44 raspberrypi kernel: [ 2290.750532] usb 1-1.3.1: Manufacturer: Microsoft
Jul 13 13:51:44 raspberrypi kernel: [ 2290.761328] input: Microsoft Microsoft 3-Button Mouse with IntelliEye(TM) as /devices/platform/soc/3f980000.usb/usb1/1-1/1-1.3/1-1.3.1/1-1.3.1:1.0/0003:045E:0040.0003/input/input2
Jul 13 13:51:44 raspberrypi kernel: [ 2290.821168] hid-generic 0003:045E:0040.0003: input,hidraw0: USB HID v1.10 Mouse [Microsoft Microsoft 3-Button Mouse with IntelliEye(TM)] on usb-3f980000.usb-1.3.1/input0
Jul 13 13:53:44 raspberrypi kernel: [ 2410.366411] usb 1-1.3.1: USB disconnect, device number 13
Jul 13 13:53:44 raspberrypi kernel: [ 2410.710622] usb 1-1.3.1: new low-speed USB device number 14 using dwc_otg
Jul 13 13:53:44 raspberrypi kernel: [ 2410.819896] usb 1-1.3.1: New USB device found, idVendor=045e, idProduct=0040
Jul 13 13:53:44 raspberrypi kernel: [ 2410.819924] usb 1-1.3.1: New USB device strings: Mfr=1, Product=3, SerialNumber=0
Jul 13 13:53:44 raspberrypi kernel: [ 2410.819942] usb 1-1.3.1: Product: Microsoft 3-Button Mouse with IntelliEye(TM)
Jul 13 13:53:44 raspberrypi kernel: [ 2410.819958] usb 1-1.3.1: Manufacturer: Microsoft
Jul 13 13:53:44 raspberrypi kernel: [ 2410.832122] input: Microsoft Microsoft 3-Button Mouse with IntelliEye(TM) as /devices/platform/soc/3f980000.usb/usb1/1-1/1-1.3/1-1.3.1/1-1.3.1:1.0/0003:045E:0040.0004/input/input3
Jul 13 13:53:45 raspberrypi kernel: [ 2410.892388] hid-generic 0003:045E:0040.0004: input,hidraw0: USB HID v1.10 Mouse [Microsoft Microsoft 3-Button Mouse with IntelliEye(TM)] on usb-3f980000.usb-1.3.1/input0
Jul 13 13:57:44 raspberrypi kernel: [ 2650.526582] usb 1-1.3.1: USB disconnect, device number 14
Jul 13 13:57:45 raspberrypi kernel: [ 2650.872296] usb 1-1.3.1: new low-speed USB device number 15 using dwc_otg
Jul 13 13:57:45 raspberrypi kernel: [ 2650.981210] usb 1-1.3.1: New USB device found, idVendor=045e, idProduct=0040
Jul 13 13:57:45 raspberrypi kernel: [ 2650.981236] usb 1-1.3.1: New USB device strings: Mfr=1, Product=3, SerialNumber=0
Jul 13 13:57:45 raspberrypi kernel: [ 2650.981254] usb 1-1.3.1: Product: Microsoft 3-Button Mouse with IntelliEye(TM)
Jul 13 13:57:45 raspberrypi kernel: [ 2650.981270] usb 1-1.3.1: Manufacturer: Microsoft
Jul 13 13:57:45 raspberrypi kernel: [ 2650.994090] input: Microsoft Microsoft 3-Button Mouse with IntelliEye(TM) as /devices/platform/soc/3f980000.usb/usb1/1-1/1-1.3/1-1.3.1/1-1.3.1:1.0/0003:045E:0040.0005/input/input4
Jul 13 13:57:45 raspberrypi kernel: [ 2651.052977] hid-generic 0003:045E:0040.0005: input,hidraw0: USB HID v1.10 Mouse [Microsoft Microsoft 3-Button Mouse with IntelliEye(TM)] on usb-3f980000.usb-1.3.1/input0
Jul 13 14:01:25 raspberrypi kernel: [ 2871.105512] unexport_store: invalid GPIO 54
Jul 13 14:01:25 raspberrypi kernel: [ 2871.105667] unexport_store: invalid GPIO 55
Jul 13 14:01:25 raspberrypi kernel: [ 2871.105830] unexport_store: invalid GPIO 56
Jul 13 14:01:25 raspberrypi kernel: [ 2871.105982] unexport_store: invalid GPIO 57
Jul 13 14:01:25 raspberrypi kernel: [ 2871.106148] unexport_store: invalid GPIO 58
Jul 13 14:01:25 raspberrypi kernel: [ 2871.106317] unexport_store: invalid GPIO 59
Jul 13 14:01:25 raspberrypi kernel: [ 2871.106456] unexport_store: invalid GPIO 60
Jul 13 14:01:25 raspberrypi kernel: [ 2871.106586] unexport_store: invalid GPIO 61
Jul 13 14:01:25 raspberrypi kernel: [ 2871.106716] unexport_store: invalid GPIO 62
Jul 13 14:01:25 raspberrypi rsyslogd-2007: action 'action 17' suspended, next retry is Thu Jul 13 14:01:55 2017 [try http://www.rsyslog.com/e/2007 ]
Jul 13 14:06:49 raspberrypi rsyslogd-2007: action 'action 17' suspended, next retry is Thu Jul 13 14:07:19 2017 [try http://www.rsyslog.com/e/2007 ]
Jul 13 14:16:26 raspberrypi kernel: [ 3772.514003] unexport_store: invalid GPIO 54
Jul 13 14:16:26 raspberrypi kernel: [ 3772.514167] unexport_store: invalid GPIO 55
Jul 13 14:16:26 raspberrypi kernel: [ 3772.514342] unexport_store: invalid GPIO 56
Jul 13 14:16:26 raspberrypi kernel: [ 3772.514501] unexport_store: invalid GPIO 57
Jul 13 14:16:26 raspberrypi kernel: [ 3772.514668] unexport_store: invalid GPIO 58
Jul 13 14:16:26 raspberrypi kernel: [ 3772.514828] unexport_store: invalid GPIO 59
Jul 13 14:16:26 raspberrypi kernel: [ 3772.514960] unexport_store: invalid GPIO 60
Jul 13 14:16:26 raspberrypi kernel: [ 3772.515089] unexport_store: invalid GPIO 61
Jul 13 14:16:26 raspberrypi kernel: [ 3772.515227] unexport_store: invalid GPIO 62
Jul 13 14:16:26 raspberrypi rsyslogd-2007: action 'action 17' suspended, next retry is Thu Jul 13 14:16:56 2017 [try http://www.rsyslog.com/e/2007 ]
Jul 13 14:17:01 raspberrypi rsyslogd-2007: action 'action 17' suspended, next retry is Thu Jul 13 14:17:31 2017 [try http://www.rsyslog.com/e/2007 ]
Jul 13 14:22:14 raspberrypi kernel: [ 4119.960830] unexport_store: invalid GPIO 54
Jul 13 14:22:14 raspberrypi kernel: [ 4119.961004] unexport_store: invalid GPIO 55
Jul 13 14:22:14 raspberrypi kernel: [ 4119.961164] unexport_store: invalid GPIO 56
Jul 13 14:22:14 raspberrypi kernel: [ 4119.961333] unexport_store: invalid GPIO 57
Jul 13 14:22:14 raspberrypi kernel: [ 4119.961499] unexport_store: invalid GPIO 58
Jul 13 14:22:14 raspberrypi kernel: [ 4119.961646] unexport_store: invalid GPIO 59
Jul 13 14:22:14 raspberrypi kernel: [ 4119.961775] unexport_store: invalid GPIO 60
Jul 13 14:22:14 raspberrypi kernel: [ 4119.962032] unexport_store: invalid GPIO 61
Jul 13 14:22:14 raspberrypi kernel: [ 4119.962166] unexport_store: invalid GPIO 62
Jul 13 14:22:14 raspberrypi rsyslogd-2007: action 'action 17' suspended, next retry is Thu Jul 13 14:22:44 2017 [try http://www.rsyslog.com/e/2007 ]
Jul 13 14:25:10 raspberrypi rsyslogd-2007: action 'action 17' suspended, next retry is Thu Jul 13 14:25:40 2017 [try http://www.rsyslog.com/e/2007 ]
Jul 13 14:36:41 raspberrypi rsyslogd-2007: action 'action 17' suspended, next retry is Thu Jul 13 14:37:11 2017 [try http://www.rsyslog.com/e/2007 ]
Jul 13 14:45:53 raspberrypi kernel: [ 5539.878274] unexport_store: invalid GPIO 54
Jul 13 14:45:53 raspberrypi kernel: [ 5539.878448] unexport_store: invalid GPIO 55
Jul 13 14:45:53 raspberrypi kernel: [ 5539.878608] unexport_store: invalid GPIO 56
Jul 13 14:45:53 raspberrypi kernel: [ 5539.878778] unexport_store: invalid GPIO 57
Jul 13 14:45:53 raspberrypi kernel: [ 5539.878944] unexport_store: invalid GPIO 58
Jul 13 14:45:53 raspberrypi kernel: [ 5539.879090] unexport_store: invalid GPIO 59
Jul 13 14:45:53 raspberrypi kernel: [ 5539.879220] unexport_store: invalid GPIO 60
Jul 13 14:45:53 raspberrypi kernel: [ 5539.879349] unexport_store: invalid GPIO 61
Jul 13 14:45:53 raspberrypi kernel: [ 5539.879477] unexport_store: invalid GPIO 62
Jul 13 14:45:53 raspberrypi rsyslogd-2007: action 'action 17' suspended, next retry is Thu Jul 13 14:46:23 2017 [try http://www.rsyslog.com/e/2007 ]
Jul 13 14:56:43 raspberrypi kernel: [ 6189.482780] unexport_store: invalid GPIO 54
Jul 13 14:56:43 raspberrypi kernel: [ 6189.482918] unexport_store: invalid GPIO 55
Jul 13 14:56:43 raspberrypi kernel: [ 6189.483049] unexport_store: invalid GPIO 56
Jul 13 14:56:43 raspberrypi kernel: [ 6189.483178] unexport_store: invalid GPIO 57
Jul 13 14:56:43 raspberrypi kernel: [ 6189.483307] unexport_store: invalid GPIO 58
Jul 13 14:56:43 raspberrypi kernel: [ 6189.483435] unexport_store: invalid GPIO 59
Jul 13 14:56:43 raspberrypi kernel: [ 6189.483563] unexport_store: invalid GPIO 60
Jul 13 14:56:43 raspberrypi kernel: [ 6189.483691] unexport_store: invalid GPIO 61
Jul 13 14:56:43 raspberrypi kernel: [ 6189.483819] unexport_store: invalid GPIO 62
Jul 13 14:56:43 raspberrypi rsyslogd-2007: action 'action 17' suspended, next retry is Thu Jul 13 14:57:13 2017 [try http://www.rsyslog.com/e/2007 ]
Jul 13 14:57:25 raspberrypi kernel: [ 6231.228381] unexport_store: invalid GPIO 54
Jul 13 14:57:25 raspberrypi kernel: [ 6231.228518] unexport_store: invalid GPIO 55
Jul 13 14:57:25 raspberrypi kernel: [ 6231.228647] unexport_store: invalid GPIO 56
Jul 13 14:57:25 raspberrypi kernel: [ 6231.228776] unexport_store: invalid GPIO 57
Jul 13 14:57:25 raspberrypi kernel: [ 6231.228905] unexport_store: invalid GPIO 58
Jul 13 14:57:25 raspberrypi kernel: [ 6231.229033] unexport_store: invalid GPIO 59
Jul 13 14:57:25 raspberrypi kernel: [ 6231.229162] unexport_store: invalid GPIO 60
Jul 13 14:57:25 raspberrypi kernel: [ 6231.229290] unexport_store: invalid GPIO 61
Jul 13 14:57:25 raspberrypi kernel: [ 6231.229418] unexport_store: invalid GPIO 62
Jul 13 14:57:25 raspberrypi rsyslogd-2007: action 'action 17' suspended, next retry is Thu Jul 13 14:57:55 2017 [try http://www.rsyslog.com/e/2007 ]
Jul 13 14:58:10 raspberrypi kernel: [ 6276.158973] unexport_store: invalid GPIO 54
Jul 13 14:58:10 raspberrypi kernel: [ 6276.159122] unexport_store: invalid GPIO 55
Jul 13 14:58:10 raspberrypi kernel: [ 6276.159253] unexport_store: invalid GPIO 56
Jul 13 14:58:10 raspberrypi kernel: [ 6276.159393] unexport_store: invalid GPIO 57
Jul 13 14:58:10 raspberrypi kernel: [ 6276.159523] unexport_store: invalid GPIO 58
Jul 13 14:58:10 raspberrypi kernel: [ 6276.159656] unexport_store: invalid GPIO 59
Jul 13 14:58:10 raspberrypi kernel: [ 6276.159806] unexport_store: invalid GPIO 60
Jul 13 14:58:10 raspberrypi kernel: [ 6276.159946] unexport_store: invalid GPIO 61
Jul 13 14:58:10 raspberrypi kernel: [ 6276.160074] unexport_store: invalid GPIO 62
Jul 13 14:58:10 raspberrypi rsyslogd-2007: action 'action 17' suspended, next retry is Thu Jul 13 14:59:10 2017 [try http://www.rsyslog.com/e/2007 ]
Jul 13 15:00:18 raspberrypi kernel: [ 6404.859400] unexport_store: invalid GPIO 54
Jul 13 15:00:18 raspberrypi kernel: [ 6404.859537] unexport_store: invalid GPIO 55
Jul 13 15:00:18 raspberrypi kernel: [ 6404.859667] unexport_store: invalid GPIO 56
Jul 13 15:00:18 raspberrypi kernel: [ 6404.859797] unexport_store: invalid GPIO 57
Jul 13 15:00:18 raspberrypi kernel: [ 6404.859927] unexport_store: invalid GPIO 58
Jul 13 15:00:18 raspberrypi kernel: [ 6404.860056] unexport_store: invalid GPIO 59
Jul 13 15:00:18 raspberrypi kernel: [ 6404.860185] unexport_store: invalid GPIO 60
Jul 13 15:00:18 raspberrypi kernel: [ 6404.860314] unexport_store: invalid GPIO 61
Jul 13 15:00:18 raspberrypi kernel: [ 6404.860443] unexport_store: invalid GPIO 62
Jul 13 15:00:18 raspberrypi rsyslogd-2007: action 'action 17' suspended, next retry is Thu Jul 13 15:01:18 2017 [try http://www.rsyslog.com/e/2007 ]
Jul 13 15:04:57 raspberrypi rsyslogd-2007: action 'action 17' suspended, next retry is Thu Jul 13 15:05:57 2017 [try http://www.rsyslog.com/e/2007 ]
Jul 13 15:06:48 raspberrypi rsyslogd-2007: action 'action 17' suspended, next retry is Thu Jul 13 15:07:48 2017 [try http://www.rsyslog.com/e/2007 ]
Jul 13 15:10:20 raspberrypi kernel: [ 7006.510284] unexport_store: invalid GPIO 54
Jul 13 15:10:20 raspberrypi kernel: [ 7006.510422] unexport_store: invalid GPIO 55
Jul 13 15:10:20 raspberrypi kernel: [ 7006.510551] unexport_store: invalid GPIO 56
Jul 13 15:10:20 raspberrypi kernel: [ 7006.510680] unexport_store: invalid GPIO 57
Jul 13 15:10:20 raspberrypi kernel: [ 7006.510809] unexport_store: invalid GPIO 58
Jul 13 15:10:20 raspberrypi kernel: [ 7006.510938] unexport_store: invalid GPIO 59
Jul 13 15:10:20 raspberrypi kernel: [ 7006.511067] unexport_store: invalid GPIO 60
Jul 13 15:10:20 raspberrypi kernel: [ 7006.511196] unexport_store: invalid GPIO 61
Jul 13 15:10:20 raspberrypi kernel: [ 7006.511324] unexport_store: invalid GPIO 62
Jul 13 15:10:20 raspberrypi rsyslogd-2007: action 'action 17' suspended, next retry is Thu Jul 13 15:11:20 2017 [try http://www.rsyslog.com/e/2007 ]
Jul 13 15:10:44 raspberrypi kernel: [ 7029.991965] unexport_store: invalid GPIO 54
Jul 13 15:10:44 raspberrypi kernel: [ 7029.992111] unexport_store: invalid GPIO 55
Jul 13 15:10:44 raspberrypi kernel: [ 7029.992240] unexport_store: invalid GPIO 56
Jul 13 15:10:44 raspberrypi kernel: [ 7029.992382] unexport_store: invalid GPIO 57
Jul 13 15:10:44 raspberrypi kernel: [ 7029.992621] unexport_store: invalid GPIO 58
Jul 13 15:10:44 raspberrypi kernel: [ 7029.992756] unexport_store: invalid GPIO 59
Jul 13 15:10:44 raspberrypi kernel: [ 7029.992896] unexport_store: invalid GPIO 60
Jul 13 15:10:44 raspberrypi kernel: [ 7029.993048] unexport_store: invalid GPIO 61
Jul 13 15:10:44 raspberrypi kernel: [ 7029.993194] unexport_store: invalid GPIO 62
Jul 13 15:11:07 raspberrypi kernel: [ 7053.824337] unexport_store: invalid GPIO 54
Jul 13 15:11:07 raspberrypi kernel: [ 7053.824475] unexport_store: invalid GPIO 55
Jul 13 15:11:07 raspberrypi kernel: [ 7053.824604] unexport_store: invalid GPIO 56
Jul 13 15:11:07 raspberrypi kernel: [ 7053.824733] unexport_store: invalid GPIO 57
Jul 13 15:11:07 raspberrypi kernel: [ 7053.824862] unexport_store: invalid GPIO 58
Jul 13 15:11:07 raspberrypi kernel: [ 7053.824991] unexport_store: invalid GPIO 59
Jul 13 15:11:07 raspberrypi kernel: [ 7053.825120] unexport_store: invalid GPIO 60
Jul 13 15:11:07 raspberrypi kernel: [ 7053.825249] unexport_store: invalid GPIO 61
Jul 13 15:11:07 raspberrypi kernel: [ 7053.825378] unexport_store: invalid GPIO 62
Jul 13 15:17:01 raspberrypi rsyslogd-2007: action 'action 17' suspended, next retry is Thu Jul 13 15:18:01 2017 [try http://www.rsyslog.com/e/2007 ]
Jul 13 15:29:35 raspberrypi rsyslogd-2007: action 'action 17' suspended, next retry is Thu Jul 13 15:30:35 2017 [try http://www.rsyslog.com/e/2007 ]
Jul 13 15:32:02 raspberrypi kernel: [ 8308.477845] unexport_store: invalid GPIO 54
Jul 13 15:32:02 raspberrypi kernel: [ 8308.478021] unexport_store: invalid GPIO 55
Jul 13 15:32:02 raspberrypi kernel: [ 8308.478159] unexport_store: invalid GPIO 56
Jul 13 15:32:02 raspberrypi kernel: [ 8308.478325] unexport_store: invalid GPIO 57
Jul 13 15:32:02 raspberrypi kernel: [ 8308.478481] unexport_store: invalid GPIO 58
Jul 13 15:32:02 raspberrypi kernel: [ 8308.478628] unexport_store: invalid GPIO 59
Jul 13 15:32:02 raspberrypi kernel: [ 8308.478761] unexport_store: invalid GPIO 60
Jul 13 15:32:02 raspberrypi kernel: [ 8308.478897] unexport_store: invalid GPIO 61
Jul 13 15:32:02 raspberrypi kernel: [ 8308.479034] unexport_store: invalid GPIO 62
Jul 13 15:32:02 raspberrypi rsyslogd-2007: action 'action 17' suspended, next retry is Thu Jul 13 15:33:02 2017 [try http://www.rsyslog.com/e/2007 ]
Jul 13 15:34:04 raspberrypi kernel: [ 8430.551918] unexport_store: invalid GPIO 54
Jul 13 15:34:04 raspberrypi kernel: [ 8430.552055] unexport_store: invalid GPIO 55
Jul 13 15:34:04 raspberrypi kernel: [ 8430.552184] unexport_store: invalid GPIO 56
Jul 13 15:34:04 raspberrypi kernel: [ 8430.552317] unexport_store: invalid GPIO 57
Jul 13 15:34:04 raspberrypi kernel: [ 8430.552450] unexport_store: invalid GPIO 58
Jul 13 15:34:04 raspberrypi kernel: [ 8430.552701] unexport_store: invalid GPIO 59
Jul 13 15:34:04 raspberrypi rsyslogd-2007: action 'action 17' suspended, next retry is Thu Jul 13 15:35:04 2017 [try http://www.rsyslog.com/e/2007 ]
Jul 13 15:34:04 raspberrypi kernel: [ 8430.552851] unexport_store: invalid GPIO 60
Jul 13 15:34:04 raspberrypi kernel: [ 8430.552989] unexport_store: invalid GPIO 61
Jul 13 15:34:04 raspberrypi kernel: [ 8430.553121] unexport_store: invalid GPIO 62
Jul 13 15:36:09 raspberrypi kernel: [ 8555.631798] unexport_store: invalid GPIO 54
Jul 13 15:36:09 raspberrypi kernel: [ 8555.631971] unexport_store: invalid GPIO 55
Jul 13 15:36:09 raspberrypi kernel: [ 8555.632129] unexport_store: invalid GPIO 56
Jul 13 15:36:09 raspberrypi kernel: [ 8555.632301] unexport_store: invalid GPIO 57
Jul 13 15:36:09 raspberrypi kernel: [ 8555.632468] unexport_store: invalid GPIO 58
Jul 13 15:36:09 raspberrypi kernel: [ 8555.632615] unexport_store: invalid GPIO 59
Jul 13 15:36:09 raspberrypi kernel: [ 8555.632745] unexport_store: invalid GPIO 60
Jul 13 15:36:09 raspberrypi kernel: [ 8555.632874] unexport_store: invalid GPIO 61
Jul 13 15:36:09 raspberrypi kernel: [ 8555.633003] unexport_store: invalid GPIO 62
Jul 13 15:36:09 raspberrypi rsyslogd-2007: action 'action 17' suspended, next retry is Thu Jul 13 15:37:09 2017 [try http://www.rsyslog.com/e/2007 ]
Jul 13 15:37:07 raspberrypi kernel: [ 8613.014680] unexport_store: invalid GPIO 54
Jul 13 15:37:07 raspberrypi kernel: [ 8613.014831] unexport_store: invalid GPIO 55
Jul 13 15:37:07 raspberrypi kernel: [ 8613.014982] unexport_store: invalid GPIO 56
Jul 13 15:37:07 raspberrypi kernel: [ 8613.015144] unexport_store: invalid GPIO 57
Jul 13 15:37:07 raspberrypi kernel: [ 8613.015299] unexport_store: invalid GPIO 58
Jul 13 15:37:07 raspberrypi kernel: [ 8613.015464] unexport_store: invalid GPIO 59
Jul 13 15:37:07 raspberrypi kernel: [ 8613.015636] unexport_store: invalid GPIO 60
Jul 13 15:37:07 raspberrypi kernel: [ 8613.015776] unexport_store: invalid GPIO 61
Jul 13 15:37:07 raspberrypi kernel: [ 8613.015906] unexport_store: invalid GPIO 62
Jul 13 15:46:08 raspberrypi kernel: [ 9154.862055] unexport_store: invalid GPIO 54
Jul 13 15:46:08 raspberrypi kernel: [ 9154.862230] unexport_store: invalid GPIO 55
Jul 13 15:46:08 raspberrypi kernel: [ 9154.862389] unexport_store: invalid GPIO 56
Jul 13 15:46:08 raspberrypi kernel: [ 9154.862558] unexport_store: invalid GPIO 57
Jul 13 15:46:08 raspberrypi kernel: [ 9154.862725] unexport_store: invalid GPIO 58
Jul 13 15:46:08 raspberrypi kernel: [ 9154.862873] unexport_store: invalid GPIO 59
Jul 13 15:46:08 raspberrypi kernel: [ 9154.863002] unexport_store: invalid GPIO 60
Jul 13 15:46:08 raspberrypi kernel: [ 9154.863131] unexport_store: invalid GPIO 61
Jul 13 15:46:08 raspberrypi kernel: [ 9154.863259] unexport_store: invalid GPIO 62
Jul 13 15:46:08 raspberrypi rsyslogd-2007: action 'action 17' suspended, next retry is Thu Jul 13 15:47:38 2017 [try http://www.rsyslog.com/e/2007 ]
Jul 13 15:48:52 raspberrypi kernel: [ 9318.553163] unexport_store: invalid GPIO 54
Jul 13 15:48:52 raspberrypi kernel: [ 9318.553300] unexport_store: invalid GPIO 55
Jul 13 15:48:52 raspberrypi kernel: [ 9318.553430] unexport_store: invalid GPIO 56
Jul 13 15:48:52 raspberrypi kernel: [ 9318.553559] unexport_store: invalid GPIO 57
Jul 13 15:48:52 raspberrypi kernel: [ 9318.553688] unexport_store: invalid GPIO 58
Jul 13 15:48:52 raspberrypi kernel: [ 9318.553817] unexport_store: invalid GPIO 59
Jul 13 15:48:52 raspberrypi kernel: [ 9318.553945] unexport_store: invalid GPIO 60
Jul 13 15:48:52 raspberrypi kernel: [ 9318.554073] unexport_store: invalid GPIO 61
Jul 13 15:48:52 raspberrypi kernel: [ 9318.554201] unexport_store: invalid GPIO 62
Jul 13 15:48:52 raspberrypi rsyslogd-2007: action 'action 17' suspended, next retry is Thu Jul 13 15:50:22 2017 [try http://www.rsyslog.com/e/2007 ]
Jul 13 15:48:58 raspberrypi kernel: [ 9324.691284] unexport_store: invalid GPIO 54
Jul 13 15:48:58 raspberrypi kernel: [ 9324.691451] unexport_store: invalid GPIO 55
Jul 13 15:48:58 raspberrypi kernel: [ 9324.691582] unexport_store: invalid GPIO 56
Jul 13 15:48:58 raspberrypi kernel: [ 9324.691716] unexport_store: invalid GPIO 57
Jul 13 15:48:58 raspberrypi kernel: [ 9324.691861] unexport_store: invalid GPIO 58
Jul 13 15:48:58 raspberrypi kernel: [ 9324.692018] unexport_store: invalid GPIO 59
Jul 13 15:48:58 raspberrypi kernel: [ 9324.692157] unexport_store: invalid GPIO 60
Jul 13 15:48:58 raspberrypi kernel: [ 9324.692287] unexport_store: invalid GPIO 61
Jul 13 15:48:58 raspberrypi kernel: [ 9324.692431] unexport_store: invalid GPIO 62
Jul 13 15:49:04 raspberrypi kernel: [ 9330.813902] unexport_store: invalid GPIO 54
Jul 13 15:49:04 raspberrypi kernel: [ 9330.814041] unexport_store: invalid GPIO 55
Jul 13 15:49:04 raspberrypi kernel: [ 9330.814170] unexport_store: invalid GPIO 56
Jul 13 15:49:04 raspberrypi kernel: [ 9330.814302] unexport_store: invalid GPIO 57
Jul 13 15:49:04 raspberrypi kernel: [ 9330.814432] unexport_store: invalid GPIO 58
Jul 13 15:49:04 raspberrypi kernel: [ 9330.814562] unexport_store: invalid GPIO 59
Jul 13 15:49:04 raspberrypi kernel: [ 9330.814692] unexport_store: invalid GPIO 60
Jul 13 15:49:04 raspberrypi kernel: [ 9330.814822] unexport_store: invalid GPIO 61
Jul 13 15:49:04 raspberrypi kernel: [ 9330.814952] unexport_store: invalid GPIO 62
Jul 13 15:49:11 raspberrypi kernel: [ 9336.938808] unexport_store: invalid GPIO 54
Jul 13 15:49:11 raspberrypi kernel: [ 9336.938951] unexport_store: invalid GPIO 55
Jul 13 15:49:11 raspberrypi kernel: [ 9336.939194] unexport_store: invalid GPIO 56
Jul 13 15:49:11 raspberrypi kernel: [ 9336.939340] unexport_store: invalid GPIO 57
Jul 13 15:49:11 raspberrypi kernel: [ 9336.939500] unexport_store: invalid GPIO 58
Jul 13 15:49:11 raspberrypi kernel: [ 9336.939635] unexport_store: invalid GPIO 59
Jul 13 15:49:11 raspberrypi kernel: [ 9336.939770] unexport_store: invalid GPIO 60
Jul 13 15:49:11 raspberrypi kernel: [ 9336.939915] unexport_store: invalid GPIO 61
Jul 13 15:49:11 raspberrypi kernel: [ 9336.940045] unexport_store: invalid GPIO 62
Jul 13 15:49:17 raspberrypi kernel: [ 9343.084765] unexport_store: invalid GPIO 54
Jul 13 15:49:17 raspberrypi kernel: [ 9343.084904] unexport_store: invalid GPIO 55
Jul 13 15:49:17 raspberrypi kernel: [ 9343.085033] unexport_store: invalid GPIO 56
Jul 13 15:49:17 raspberrypi kernel: [ 9343.085162] unexport_store: invalid GPIO 57
Jul 13 15:49:17 raspberrypi kernel: [ 9343.085294] unexport_store: invalid GPIO 58
Jul 13 15:49:17 raspberrypi kernel: [ 9343.085454] unexport_store: invalid GPIO 59
Jul 13 15:49:17 raspberrypi kernel: [ 9343.085583] unexport_store: invalid GPIO 60
Jul 13 15:49:17 raspberrypi kernel: [ 9343.085739] unexport_store: invalid GPIO 61
Jul 13 15:49:17 raspberrypi kernel: [ 9343.085870] unexport_store: invalid GPIO 62
Jul 13 15:49:23 raspberrypi kernel: [ 9349.217076] unexport_store: invalid GPIO 54
Jul 13 15:49:23 raspberrypi kernel: [ 9349.217216] unexport_store: invalid GPIO 55
Jul 13 15:49:23 raspberrypi kernel: [ 9349.217347] unexport_store: invalid GPIO 56
Jul 13 15:49:23 raspberrypi kernel: [ 9349.217478] unexport_store: invalid GPIO 57
Jul 13 15:49:23 raspberrypi kernel: [ 9349.217609] unexport_store: invalid GPIO 58
Jul 13 15:49:23 raspberrypi kernel: [ 9349.217738] unexport_store: invalid GPIO 59
Jul 13 15:49:23 raspberrypi kernel: [ 9349.217868] unexport_store: invalid GPIO 60
Jul 13 15:49:23 raspberrypi kernel: [ 9349.217997] unexport_store: invalid GPIO 61
Jul 13 15:49:23 raspberrypi kernel: [ 9349.218128] unexport_store: invalid GPIO 62
Jul 13 15:49:29 raspberrypi kernel: [ 9355.341826] unexport_store: invalid GPIO 54
Jul 13 15:49:29 raspberrypi kernel: [ 9355.341965] unexport_store: invalid GPIO 55
Jul 13 15:49:29 raspberrypi kernel: [ 9355.342095] unexport_store: invalid GPIO 56
Jul 13 15:49:29 raspberrypi kernel: [ 9355.342225] unexport_store: invalid GPIO 57
Jul 13 15:49:29 raspberrypi kernel: [ 9355.342354] unexport_store: invalid GPIO 58
Jul 13 15:49:29 raspberrypi kernel: [ 9355.342483] unexport_store: invalid GPIO 59
Jul 13 15:49:29 raspberrypi kernel: [ 9355.342612] unexport_store: invalid GPIO 60
Jul 13 15:49:29 raspberrypi kernel: [ 9355.342740] unexport_store: invalid GPIO 61
Jul 13 15:49:29 raspberrypi kernel: [ 9355.342869] unexport_store: invalid GPIO 62
Jul 13 15:49:35 raspberrypi kernel: [ 9361.474697] unexport_store: invalid GPIO 54
Jul 13 15:49:35 raspberrypi kernel: [ 9361.474836] unexport_store: invalid GPIO 55
Jul 13 15:49:35 raspberrypi kernel: [ 9361.474965] unexport_store: invalid GPIO 56
Jul 13 15:49:35 raspberrypi kernel: [ 9361.475094] unexport_store: invalid GPIO 57
Jul 13 15:49:35 raspberrypi kernel: [ 9361.475223] unexport_store: invalid GPIO 58
Jul 13 15:49:35 raspberrypi kernel: [ 9361.475353] unexport_store: invalid GPIO 59
Jul 13 15:49:35 raspberrypi kernel: [ 9361.475482] unexport_store: invalid GPIO 60
Jul 13 15:49:35 raspberrypi kernel: [ 9361.475612] unexport_store: invalid GPIO 61
Jul 13 15:49:35 raspberrypi kernel: [ 9361.475741] unexport_store: invalid GPIO 62
Jul 13 15:49:41 raspberrypi kernel: [ 9367.614580] unexport_store: invalid GPIO 54
Jul 13 15:49:41 raspberrypi kernel: [ 9367.614758] unexport_store: invalid GPIO 55
Jul 13 15:49:41 raspberrypi kernel: [ 9367.614905] unexport_store: invalid GPIO 56
Jul 13 15:49:41 raspberrypi kernel: [ 9367.615073] unexport_store: invalid GPIO 57
Jul 13 15:49:41 raspberrypi kernel: [ 9367.615235] unexport_store: invalid GPIO 58
Jul 13 15:49:41 raspberrypi kernel: [ 9367.615366] unexport_store: invalid GPIO 59
Jul 13 15:49:41 raspberrypi kernel: [ 9367.615498] unexport_store: invalid GPIO 60
Jul 13 15:49:41 raspberrypi kernel: [ 9367.615635] unexport_store: invalid GPIO 61
Jul 13 15:49:41 raspberrypi kernel: [ 9367.615772] unexport_store: invalid GPIO 62
Jul 13 15:49:47 raspberrypi kernel: [ 9373.824507] unexport_store: invalid GPIO 54
Jul 13 15:49:47 raspberrypi kernel: [ 9373.824652] unexport_store: invalid GPIO 55
Jul 13 15:49:47 raspberrypi kernel: [ 9373.824791] unexport_store: invalid GPIO 56
Jul 13 15:49:47 raspberrypi kernel: [ 9373.824927] unexport_store: invalid GPIO 57
Jul 13 15:49:47 raspberrypi kernel: [ 9373.825093] unexport_store: invalid GPIO 58
Jul 13 15:49:47 raspberrypi kernel: [ 9373.825264] unexport_store: invalid GPIO 59
Jul 13 15:49:47 raspberrypi kernel: [ 9373.825436] unexport_store: invalid GPIO 60
Jul 13 15:49:47 raspberrypi kernel: [ 9373.825611] unexport_store: invalid GPIO 61
Jul 13 15:49:47 raspberrypi kernel: [ 9373.825788] unexport_store: invalid GPIO 62
Jul 13 15:49:54 raspberrypi kernel: [ 9380.020021] unexport_store: invalid GPIO 54
Jul 13 15:49:54 raspberrypi kernel: [ 9380.020161] unexport_store: invalid GPIO 55
Jul 13 15:49:54 raspberrypi kernel: [ 9380.020299] unexport_store: invalid GPIO 56
Jul 13 15:49:54 raspberrypi kernel: [ 9380.020437] unexport_store: invalid GPIO 57
Jul 13 15:49:54 raspberrypi kernel: [ 9380.020573] unexport_store: invalid GPIO 58
Jul 13 15:49:54 raspberrypi kernel: [ 9380.020721] unexport_store: invalid GPIO 59
Jul 13 15:49:54 raspberrypi kernel: [ 9380.020884] unexport_store: invalid GPIO 60
Jul 13 15:49:54 raspberrypi kernel: [ 9380.021018] unexport_store: invalid GPIO 61
Jul 13 15:49:54 raspberrypi kernel: [ 9380.021150] unexport_store: invalid GPIO 62
Jul 13 15:50:00 raspberrypi kernel: [ 9386.204277] unexport_store: invalid GPIO 54
Jul 13 15:50:00 raspberrypi kernel: [ 9386.204426] unexport_store: invalid GPIO 55
Jul 13 15:50:00 raspberrypi kernel: [ 9386.204565] unexport_store: invalid GPIO 56
Jul 13 15:50:00 raspberrypi kernel: [ 9386.204703] unexport_store: invalid GPIO 57
Jul 13 15:50:00 raspberrypi kernel: [ 9386.204845] unexport_store: invalid GPIO 58
Jul 13 15:50:00 raspberrypi kernel: [ 9386.205017] unexport_store: invalid GPIO 59
Jul 13 15:50:00 raspberrypi kernel: [ 9386.205166] unexport_store: invalid GPIO 60
Jul 13 15:50:00 raspberrypi kernel: [ 9386.205303] unexport_store: invalid GPIO 61
Jul 13 15:50:00 raspberrypi kernel: [ 9386.205451] unexport_store: invalid GPIO 62
Jul 13 15:50:06 raspberrypi kernel: [ 9392.325286] unexport_store: invalid GPIO 54
Jul 13 15:50:06 raspberrypi kernel: [ 9392.325439] unexport_store: invalid GPIO 55
Jul 13 15:50:06 raspberrypi kernel: [ 9392.325589] unexport_store: invalid GPIO 56
Jul 13 15:50:06 raspberrypi kernel: [ 9392.325750] unexport_store: invalid GPIO 57
Jul 13 15:50:06 raspberrypi kernel: [ 9392.325891] unexport_store: invalid GPIO 58
Jul 13 15:50:06 raspberrypi kernel: [ 9392.326028] unexport_store: invalid GPIO 59
Jul 13 15:50:06 raspberrypi kernel: [ 9392.326182] unexport_store: invalid GPIO 60
Jul 13 15:50:06 raspberrypi kernel: [ 9392.326314] unexport_store: invalid GPIO 61
Jul 13 15:50:06 raspberrypi kernel: [ 9392.326448] unexport_store: invalid GPIO 62
Jul 13 15:50:12 raspberrypi kernel: [ 9398.456544] unexport_store: invalid GPIO 54
Jul 13 15:50:12 raspberrypi kernel: [ 9398.456680] unexport_store: invalid GPIO 55
Jul 13 15:50:12 raspberrypi kernel: [ 9398.456809] unexport_store: invalid GPIO 56
Jul 13 15:50:12 raspberrypi kernel: [ 9398.456939] unexport_store: invalid GPIO 57
Jul 13 15:50:12 raspberrypi kernel: [ 9398.457068] unexport_store: invalid GPIO 58
Jul 13 15:50:12 raspberrypi kernel: [ 9398.457197] unexport_store: invalid GPIO 59
Jul 13 15:50:12 raspberrypi kernel: [ 9398.457326] unexport_store: invalid GPIO 60
Jul 13 15:50:12 raspberrypi kernel: [ 9398.457455] unexport_store: invalid GPIO 61
Jul 13 15:50:12 raspberrypi kernel: [ 9398.457583] unexport_store: invalid GPIO 62
Jul 13 15:50:18 raspberrypi kernel: [ 9404.587982] unexport_store: invalid GPIO 54
Jul 13 15:50:18 raspberrypi kernel: [ 9404.588120] unexport_store: invalid GPIO 55
Jul 13 15:50:18 raspberrypi kernel: [ 9404.588249] unexport_store: invalid GPIO 56
Jul 13 15:50:18 raspberrypi kernel: [ 9404.588378] unexport_store: invalid GPIO 57
Jul 13 15:50:18 raspberrypi kernel: [ 9404.588506] unexport_store: invalid GPIO 58
Jul 13 15:50:18 raspberrypi kernel: [ 9404.588634] unexport_store: invalid GPIO 59
Jul 13 15:50:18 raspberrypi kernel: [ 9404.588763] unexport_store: invalid GPIO 60
Jul 13 15:50:18 raspberrypi kernel: [ 9404.588891] unexport_store: invalid GPIO 61
Jul 13 15:50:18 raspberrypi kernel: [ 9404.589020] unexport_store: invalid GPIO 62
Jul 13 15:50:24 raspberrypi kernel: [ 9410.712827] unexport_store: invalid GPIO 54
Jul 13 15:50:24 raspberrypi kernel: [ 9410.712976] unexport_store: invalid GPIO 55
Jul 13 15:50:24 raspberrypi kernel: [ 9410.713109] unexport_store: invalid GPIO 56
Jul 13 15:50:24 raspberrypi kernel: [ 9410.713263] unexport_store: invalid GPIO 57
Jul 13 15:50:24 raspberrypi kernel: [ 9410.713410] unexport_store: invalid GPIO 58
Jul 13 15:50:24 raspberrypi kernel: [ 9410.713548] unexport_store: invalid GPIO 59
Jul 13 15:50:24 raspberrypi kernel: [ 9410.713680] unexport_store: invalid GPIO 60
Jul 13 15:50:24 raspberrypi kernel: [ 9410.713821] unexport_store: invalid GPIO 61
Jul 13 15:50:24 raspberrypi kernel: [ 9410.713953] unexport_store: invalid GPIO 62
Jul 13 15:50:24 raspberrypi rsyslogd-2007: action 'action 17' suspended, next retry is Thu Jul 13 15:51:54 2017 [try http://www.rsyslog.com/e/2007 ]
Jul 13 15:50:30 raspberrypi kernel: [ 9416.833083] unexport_store: invalid GPIO 54
Jul 13 15:50:30 raspberrypi kernel: [ 9416.833223] unexport_store: invalid GPIO 55
Jul 13 15:50:30 raspberrypi kernel: [ 9416.833352] unexport_store: invalid GPIO 56
Jul 13 15:50:30 raspberrypi kernel: [ 9416.833480] unexport_store: invalid GPIO 57
Jul 13 15:50:30 raspberrypi kernel: [ 9416.833609] unexport_store: invalid GPIO 58
Jul 13 15:50:30 raspberrypi kernel: [ 9416.833737] unexport_store: invalid GPIO 59
Jul 13 15:50:30 raspberrypi kernel: [ 9416.833865] unexport_store: invalid GPIO 60
Jul 13 15:50:30 raspberrypi kernel: [ 9416.833993] unexport_store: invalid GPIO 61
Jul 13 15:50:30 raspberrypi kernel: [ 9416.834122] unexport_store: invalid GPIO 62
Jul 13 15:50:37 raspberrypi kernel: [ 9422.959493] unexport_store: invalid GPIO 54
Jul 13 15:50:37 raspberrypi kernel: [ 9422.959740] unexport_store: invalid GPIO 55
Jul 13 15:50:37 raspberrypi kernel: [ 9422.959885] unexport_store: invalid GPIO 56
Jul 13 15:50:37 raspberrypi kernel: [ 9422.960016] unexport_store: invalid GPIO 57
Jul 13 15:50:37 raspberrypi kernel: [ 9422.960146] unexport_store: invalid GPIO 58
Jul 13 15:50:37 raspberrypi kernel: [ 9422.960275] unexport_store: invalid GPIO 59
Jul 13 15:50:37 raspberrypi kernel: [ 9422.960404] unexport_store: invalid GPIO 60
Jul 13 15:50:37 raspberrypi kernel: [ 9422.960534] unexport_store: invalid GPIO 61
Jul 13 15:50:37 raspberrypi kernel: [ 9422.960663] unexport_store: invalid GPIO 62
Jul 13 15:50:43 raspberrypi kernel: [ 9429.093988] unexport_store: invalid GPIO 54
Jul 13 15:50:43 raspberrypi kernel: [ 9429.094134] unexport_store: invalid GPIO 55
Jul 13 15:50:43 raspberrypi kernel: [ 9429.094268] unexport_store: invalid GPIO 56
Jul 13 15:50:43 raspberrypi kernel: [ 9429.094425] unexport_store: invalid GPIO 57
Jul 13 15:50:43 raspberrypi kernel: [ 9429.094556] unexport_store: invalid GPIO 58
Jul 13 15:50:43 raspberrypi kernel: [ 9429.094690] unexport_store: invalid GPIO 59
Jul 13 15:50:43 raspberrypi kernel: [ 9429.094825] unexport_store: invalid GPIO 60
Jul 13 15:50:43 raspberrypi kernel: [ 9429.094958] unexport_store: invalid GPIO 61
Jul 13 15:50:43 raspberrypi kernel: [ 9429.095102] unexport_store: invalid GPIO 62
Jul 13 15:50:49 raspberrypi kernel: [ 9435.215646] unexport_store: invalid GPIO 54
Jul 13 15:50:49 raspberrypi kernel: [ 9435.215785] unexport_store: invalid GPIO 55
Jul 13 15:50:49 raspberrypi kernel: [ 9435.215914] unexport_store: invalid GPIO 56
Jul 13 15:50:49 raspberrypi kernel: [ 9435.216043] unexport_store: invalid GPIO 57
Jul 13 15:50:49 raspberrypi kernel: [ 9435.216172] unexport_store: invalid GPIO 58
Jul 13 15:50:49 raspberrypi kernel: [ 9435.216302] unexport_store: invalid GPIO 59
Jul 13 15:50:49 raspberrypi kernel: [ 9435.216431] unexport_store: invalid GPIO 60
Jul 13 15:50:49 raspberrypi kernel: [ 9435.216559] unexport_store: invalid GPIO 61
Jul 13 15:50:49 raspberrypi kernel: [ 9435.216688] unexport_store: invalid GPIO 62
Jul 13 15:50:55 raspberrypi kernel: [ 9441.400477] unexport_store: invalid GPIO 54
Jul 13 15:50:55 raspberrypi kernel: [ 9441.400621] unexport_store: invalid GPIO 55
Jul 13 15:50:55 raspberrypi kernel: [ 9441.400778] unexport_store: invalid GPIO 56
Jul 13 15:50:55 raspberrypi kernel: [ 9441.400952] unexport_store: invalid GPIO 57
Jul 13 15:50:55 raspberrypi kernel: [ 9441.401129] unexport_store: invalid GPIO 58
Jul 13 15:50:55 raspberrypi kernel: [ 9441.401264] unexport_store: invalid GPIO 59
Jul 13 15:50:55 raspberrypi kernel: [ 9441.401427] unexport_store: invalid GPIO 60
Jul 13 15:50:55 raspberrypi kernel: [ 9441.401590] unexport_store: invalid GPIO 61
Jul 13 15:50:55 raspberrypi kernel: [ 9441.401725] unexport_store: invalid GPIO 62
Jul 13 15:51:01 raspberrypi kernel: [ 9447.546072] unexport_store: invalid GPIO 54
Jul 13 15:51:01 raspberrypi kernel: [ 9447.546210] unexport_store: invalid GPIO 55
Jul 13 15:51:01 raspberrypi kernel: [ 9447.546340] unexport_store: invalid GPIO 56
Jul 13 15:51:01 raspberrypi kernel: [ 9447.546469] unexport_store: invalid GPIO 57
Jul 13 15:51:01 raspberrypi kernel: [ 9447.546597] unexport_store: invalid GPIO 58
Jul 13 15:51:01 raspberrypi kernel: [ 9447.546725] unexport_store: invalid GPIO 59
Jul 13 15:51:01 raspberrypi kernel: [ 9447.546853] unexport_store: invalid GPIO 60
Jul 13 15:51:01 raspberrypi kernel: [ 9447.546985] unexport_store: invalid GPIO 61
Jul 13 15:51:01 raspberrypi kernel: [ 9447.547113] unexport_store: invalid GPIO 62
Jul 13 15:51:07 raspberrypi kernel: [ 9453.664388] unexport_store: invalid GPIO 54
Jul 13 15:51:07 raspberrypi kernel: [ 9453.664528] unexport_store: invalid GPIO 55
Jul 13 15:51:07 raspberrypi kernel: [ 9453.664660] unexport_store: invalid GPIO 56
Jul 13 15:51:07 raspberrypi kernel: [ 9453.664789] unexport_store: invalid GPIO 57
Jul 13 15:51:07 raspberrypi kernel: [ 9453.664918] unexport_store: invalid GPIO 58
Jul 13 15:51:07 raspberrypi kernel: [ 9453.665047] unexport_store: invalid GPIO 59
Jul 13 15:51:07 raspberrypi kernel: [ 9453.665175] unexport_store: invalid GPIO 60
Jul 13 15:51:07 raspberrypi kernel: [ 9453.665304] unexport_store: invalid GPIO 61
Jul 13 15:51:07 raspberrypi kernel: [ 9453.665433] unexport_store: invalid GPIO 62
Jul 13 15:51:13 raspberrypi kernel: [ 9459.795120] unexport_store: invalid GPIO 54
Jul 13 15:51:13 raspberrypi kernel: [ 9459.795258] unexport_store: invalid GPIO 55
Jul 13 15:51:13 raspberrypi kernel: [ 9459.795386] unexport_store: invalid GPIO 56
Jul 13 15:51:13 raspberrypi kernel: [ 9459.795516] unexport_store: invalid GPIO 57
Jul 13 15:51:13 raspberrypi kernel: [ 9459.795646] unexport_store: invalid GPIO 58
Jul 13 15:51:13 raspberrypi kernel: [ 9459.795774] unexport_store: invalid GPIO 59
Jul 13 15:51:13 raspberrypi kernel: [ 9459.795904] unexport_store: invalid GPIO 60
Jul 13 15:51:13 raspberrypi kernel: [ 9459.796032] unexport_store: invalid GPIO 61
Jul 13 15:51:13 raspberrypi kernel: [ 9459.796161] unexport_store: invalid GPIO 62
Jul 13 15:51:20 raspberrypi kernel: [ 9465.989909] unexport_store: invalid GPIO 54
Jul 13 15:51:20 raspberrypi kernel: [ 9465.990179] unexport_store: invalid GPIO 55
Jul 13 15:51:20 raspberrypi kernel: [ 9465.990313] unexport_store: invalid GPIO 56
Jul 13 15:51:20 raspberrypi kernel: [ 9465.990482] unexport_store: invalid GPIO 57
Jul 13 15:51:20 raspberrypi kernel: [ 9465.990674] unexport_store: invalid GPIO 58
Jul 13 15:51:20 raspberrypi kernel: [ 9465.990848] unexport_store: invalid GPIO 59
Jul 13 15:51:20 raspberrypi kernel: [ 9465.991038] unexport_store: invalid GPIO 60
Jul 13 15:51:20 raspberrypi kernel: [ 9465.991227] unexport_store: invalid GPIO 61
Jul 13 15:51:20 raspberrypi kernel: [ 9465.991389] unexport_store: invalid GPIO 62
Jul 13 15:51:26 raspberrypi kernel: [ 9472.201546] unexport_store: invalid GPIO 54
Jul 13 15:51:26 raspberrypi kernel: [ 9472.201688] unexport_store: invalid GPIO 55
Jul 13 15:51:26 raspberrypi kernel: [ 9472.201824] unexport_store: invalid GPIO 56
Jul 13 15:51:26 raspberrypi kernel: [ 9472.201958] unexport_store: invalid GPIO 57
Jul 13 15:51:26 raspberrypi kernel: [ 9472.202116] unexport_store: invalid GPIO 58
Jul 13 15:51:26 raspberrypi kernel: [ 9472.202274] unexport_store: invalid GPIO 59
Jul 13 15:51:26 raspberrypi kernel: [ 9472.202405] unexport_store: invalid GPIO 60
Jul 13 15:51:26 raspberrypi kernel: [ 9472.202538] unexport_store: invalid GPIO 61
Jul 13 15:51:26 raspberrypi kernel: [ 9472.202682] unexport_store: invalid GPIO 62
Jul 13 15:51:32 raspberrypi kernel: [ 9478.424515] unexport_store: invalid GPIO 54
Jul 13 15:51:32 raspberrypi kernel: [ 9478.424658] unexport_store: invalid GPIO 55
Jul 13 15:51:32 raspberrypi kernel: [ 9478.424790] unexport_store: invalid GPIO 56
Jul 13 15:51:32 raspberrypi kernel: [ 9478.424921] unexport_store: invalid GPIO 57
Jul 13 15:51:32 raspberrypi kernel: [ 9478.425054] unexport_store: invalid GPIO 58
Jul 13 15:51:32 raspberrypi kernel: [ 9478.425199] unexport_store: invalid GPIO 59
Jul 13 15:51:32 raspberrypi kernel: [ 9478.425368] unexport_store: invalid GPIO 60
Jul 13 15:51:32 raspberrypi kernel: [ 9478.425517] unexport_store: invalid GPIO 61
Jul 13 15:51:32 raspberrypi kernel: [ 9478.425650] unexport_store: invalid GPIO 62
Jul 13 15:51:38 raspberrypi kernel: [ 9484.681585] unexport_store: invalid GPIO 54
Jul 13 15:51:38 raspberrypi kernel: [ 9484.681765] unexport_store: invalid GPIO 55
Jul 13 15:51:38 raspberrypi kernel: [ 9484.681959] unexport_store: invalid GPIO 56
Jul 13 15:51:38 raspberrypi kernel: [ 9484.682146] unexport_store: invalid GPIO 57
Jul 13 15:51:38 raspberrypi kernel: [ 9484.682326] unexport_store: invalid GPIO 58
Jul 13 15:51:38 raspberrypi kernel: [ 9484.682491] unexport_store: invalid GPIO 59
Jul 13 15:51:38 raspberrypi kernel: [ 9484.682629] unexport_store: invalid GPIO 60
Jul 13 15:51:38 raspberrypi kernel: [ 9484.682796] unexport_store: invalid GPIO 61
Jul 13 15:51:38 raspberrypi kernel: [ 9484.682967] unexport_store: invalid GPIO 62
Jul 13 15:51:44 raspberrypi kernel: [ 9490.854640] unexport_store: invalid GPIO 54
Jul 13 15:51:44 raspberrypi kernel: [ 9490.854789] unexport_store: invalid GPIO 55
Jul 13 15:51:44 raspberrypi kernel: [ 9490.854924] unexport_store: invalid GPIO 56
Jul 13 15:51:44 raspberrypi kernel: [ 9490.855189] unexport_store: invalid GPIO 57
Jul 13 15:51:44 raspberrypi kernel: [ 9490.855327] unexport_store: invalid GPIO 58
Jul 13 15:51:44 raspberrypi kernel: [ 9490.855467] unexport_store: invalid GPIO 59
Jul 13 15:51:44 raspberrypi kernel: [ 9490.855601] unexport_store: invalid GPIO 60
Jul 13 15:51:44 raspberrypi kernel: [ 9490.855733] unexport_store: invalid GPIO 61
Jul 13 15:51:44 raspberrypi kernel: [ 9490.855884] unexport_store: invalid GPIO 62
Jul 13 15:51:51 raspberrypi kernel: [ 9497.045288] unexport_store: invalid GPIO 54
Jul 13 15:51:51 raspberrypi kernel: [ 9497.045442] unexport_store: invalid GPIO 55
Jul 13 15:51:51 raspberrypi kernel: [ 9497.045572] unexport_store: invalid GPIO 56
Jul 13 15:51:51 raspberrypi kernel: [ 9497.045702] unexport_store: invalid GPIO 57
Jul 13 15:51:51 raspberrypi kernel: [ 9497.045832] unexport_store: invalid GPIO 58
Jul 13 15:51:51 raspberrypi kernel: [ 9497.045961] unexport_store: invalid GPIO 59
Jul 13 15:51:51 raspberrypi kernel: [ 9497.046091] unexport_store: invalid GPIO 60
Jul 13 15:51:51 raspberrypi kernel: [ 9497.046220] unexport_store: invalid GPIO 61
Jul 13 15:51:51 raspberrypi kernel: [ 9497.046350] unexport_store: invalid GPIO 62
Jul 13 15:51:51 raspberrypi kernel: [ 9497.647865] usb 1-1.3.1: USB disconnect, device number 15
Jul 13 15:51:52 raspberrypi kernel: [ 9498.030350] usb 1-1.3.1: new low-speed USB device number 16 using dwc_otg
Jul 13 15:51:52 raspberrypi kernel: [ 9498.139880] usb 1-1.3.1: New USB device found, idVendor=045e, idProduct=0040
Jul 13 15:51:52 raspberrypi kernel: [ 9498.139928] usb 1-1.3.1: New USB device strings: Mfr=1, Product=3, SerialNumber=0
Jul 13 15:51:52 raspberrypi kernel: [ 9498.139960] usb 1-1.3.1: Product: Microsoft 3-Button Mouse with IntelliEye(TM)
Jul 13 15:51:52 raspberrypi kernel: [ 9498.139977] usb 1-1.3.1: Manufacturer: Microsoft
Jul 13 15:51:52 raspberrypi kernel: [ 9498.152946] input: Microsoft Microsoft 3-Button Mouse with IntelliEye(TM) as /devices/platform/soc/3f980000.usb/usb1/1-1/1-1.3/1-1.3.1/1-1.3.1:1.0/0003:045E:0040.0006/input/input5
Jul 13 15:51:52 raspberrypi kernel: [ 9498.211523] hid-generic 0003:045E:0040.0006: input,hidraw0: USB HID v1.10 Mouse [Microsoft Microsoft 3-Button Mouse with IntelliEye(TM)] on usb-3f980000.usb-1.3.1/input0
Jul 13 15:51:57 raspberrypi kernel: [ 9503.204969] unexport_store: invalid GPIO 54
Jul 13 15:51:57 raspberrypi kernel: [ 9503.205110] unexport_store: invalid GPIO 55
Jul 13 15:51:57 raspberrypi kernel: [ 9503.205240] unexport_store: invalid GPIO 56
Jul 13 15:51:57 raspberrypi kernel: [ 9503.205373] unexport_store: invalid GPIO 57
