67 ns
Jul 14 15:45:49 raspberrypi kernel: [    0.000000] sched_clock: 56 bits at 19MHz, resolution 52ns, wraps every 4398046511078ns
Jul 14 15:45:49 raspberrypi kernel: [    0.000001] Switching to timer-based delay loop, resolution 52ns
Jul 14 15:45:49 raspberrypi kernel: [    0.000930] Interrupt pipeline (release #9)
Jul 14 15:45:49 raspberrypi kernel: [    0.001242] Console: colour dummy device 80x30
Jul 14 15:45:49 raspberrypi kernel: [    0.002826] console [tty1] enabled
Jul 14 15:45:49 raspberrypi kernel: [    0.002890] Calibrating delay loop (skipped), value calculated using timer frequency.. 38.40 BogoMIPS (lpj=192000)
Jul 14 15:45:49 raspberrypi kernel: [    0.002981] pid_max: default: 32768 minimum: 301
Jul 14 15:45:49 raspberrypi kernel: [    0.003217] Mount-cache hash table entries: 2048 (order: 1, 8192 bytes)
Jul 14 15:45:49 raspberrypi kernel: [    0.003277] Mountpoint-cache hash table entries: 2048 (order: 1, 8192 bytes)
Jul 14 15:45:49 raspberrypi kernel: [    0.004717] Initializing cgroup subsys blkio
Jul 14 15:45:49 raspberrypi kernel: [    0.004803] Initializing cgroup subsys memory
Jul 14 15:45:49 raspberrypi kernel: [    0.004872] Initializing cgroup subsys devices
Jul 14 15:45:49 raspberrypi kernel: [    0.004933] Initializing cgroup subsys freezer
Jul 14 15:45:49 raspberrypi kernel: [    0.004995] Initializing cgroup subsys net_cls
Jul 14 15:45:49 raspberrypi kernel: [    0.005121] CPU: Testing write buffer coherency: ok
Jul 14 15:45:49 raspberrypi kernel: [    0.005948] CPU0: update cpu_capacity 1024
Jul 14 15:45:49 raspberrypi kernel: [    0.006001] CPU0: thread -1, cpu 0, socket 15, mpidr 80000f00
Jul 14 15:45:49 raspberrypi kernel: [    0.006051] [bcm2709_smp_prepare_cpus] enter
Jul 14 15:45:49 raspberrypi kernel: [    0.006203] Setting up static identity map for 0x8240 - 0x8274
Jul 14 15:45:49 raspberrypi kernel: [    0.009449] [bcm2709_boot_secondary] cpu:1 started (0) 16
Jul 14 15:45:49 raspberrypi kernel: [    0.009887] [bcm2709_secondary_init] enter cpu:1
Jul 14 15:45:49 raspberrypi kernel: [    0.009949] CPU1: update cpu_capacity 1024
Jul 14 15:45:49 raspberrypi kernel: [    0.009959] CPU1: thread -1, cpu 1, socket 15, mpidr 80000f01
Jul 14 15:45:49 raspberrypi kernel: [    0.010898] [bcm2709_boot_secondary] cpu:2 started (0) 18
Jul 14 15:45:49 raspberrypi kernel: [    0.011256] [bcm2709_secondary_init] enter cpu:2
Jul 14 15:45:49 raspberrypi kernel: [    0.011299] CPU2: update cpu_capacity 1024
Jul 14 15:45:49 raspberrypi kernel: [    0.011309] CPU2: thread -1, cpu 2, socket 15, mpidr 80000f02
Jul 14 15:45:49 raspberrypi kernel: [    0.012102] [bcm2709_boot_secondary] cpu:3 started (0) 16
Jul 14 15:45:49 raspberrypi kernel: [    0.012360] [bcm2709_secondary_init] enter cpu:3
Jul 14 15:45:49 raspberrypi kernel: [    0.012400] CPU3: update cpu_capacity 1024
Jul 14 15:45:49 raspberrypi kernel: [    0.012409] CPU3: thread -1, cpu 3, socket 15, mpidr 80000f03
Jul 14 15:45:49 raspberrypi kernel: [    0.012531] Brought up 4 CPUs
Jul 14 15:45:49 raspberrypi kernel: [    0.012680] SMP: Total of 4 processors activated (153.60 BogoMIPS).
Jul 14 15:45:49 raspberrypi kernel: [    0.012727] CPU: All CPU(s) started in HYP mode.
Jul 14 15:45:49 raspberrypi kernel: [    0.012768] CPU: Virtualization extensions available.
Jul 14 15:45:49 raspberrypi kernel: [    0.014596] devtmpfs: initialized
Jul 14 15:45:49 raspberrypi kernel: [    0.050800] VFP support v0.3: implementor 41 architecture 2 part 30 variant 7 rev 5
Jul 14 15:45:49 raspberrypi kernel: [    0.051268] clocksource jiffies: mask: 0xffffffff max_cycles: 0xffffffff, max_idle_ns: 19112604462750000 ns
Jul 14 15:45:49 raspberrypi kernel: [    0.052236] pinctrl core: initialized pinctrl subsystem
Jul 14 15:45:49 raspberrypi kernel: [    0.053204] NET: Registered protocol family 16
Jul 14 15:45:49 raspberrypi kernel: [    0.059183] DMA: preallocated 4096 KiB pool for atomic coherent allocations
Jul 14 15:45:49 raspberrypi kernel: [    0.061096] bcm2709.uart_clock = 3000000
Jul 14 15:45:49 raspberrypi kernel: [    0.068763] hw-breakpoint: found 5 (+1 reserved) breakpoint and 4 watchpoint registers.
Jul 14 15:45:49 raspberrypi kernel: [    0.068843] hw-breakpoint: maximum watchpoint size is 8 bytes.
Jul 14 15:45:49 raspberrypi kernel: [    0.069147] Serial: AMBA PL011 UART driver
Jul 14 15:45:49 raspberrypi kernel: [    0.069443] 3f201000.uart: ttyAMA0 at MMIO 0x3f201000 (irq = 83, base_baud = 0) is a PL011 rev2
Jul 14 15:45:49 raspberrypi kernel: [    0.588317] console [ttyAMA0] enabled
Jul 14 15:45:49 raspberrypi kernel: [    0.592782] bcm2835-mbox 3f00b880.mailbox: mailbox enabled
Jul 14 15:45:49 raspberrypi kernel: [    0.690804] bcm2708-dmaengine 3f007000.dma: DMA legacy API manager at f3007000, dmachans=0xf35
Jul 14 15:45:49 raspberrypi kernel: [    0.699595] bcm2708-dmaengine 3f007000.dma: Initialized 7 DMA channels (+ 1 legacy)
Jul 14 15:45:49 raspberrypi kernel: [    0.708313] bcm2708-dmaengine 3f007000.dma: Load BCM2835 DMA engine driver
Jul 14 15:45:49 raspberrypi kernel: [    0.715256] bcm2708-dmaengine 3f007000.dma: dma_debug:0
Jul 14 15:45:49 raspberrypi kernel: [    0.721502] SCSI subsystem initialized
Jul 14 15:45:49 raspberrypi kernel: [    0.725640] usbcore: registered new interface driver usbfs
Jul 14 15:45:49 raspberrypi kernel: [    0.731291] usbcore: registered new interface driver hub
Jul 14 15:45:49 raspberrypi kernel: [    0.736845] usbcore: registered new device driver usb
Jul 14 15:45:49 raspberrypi kernel: [    0.742787] raspberrypi-firmware soc:firmware: Attached to firmware from 2016-05-20 19:01
Jul 14 15:45:49 raspberrypi kernel: [    0.779210] Switched to clocksource ipipe_tsc
Jul 14 15:45:49 raspberrypi kernel: [    0.858769] FS-Cache: Loaded
Jul 14 15:45:49 raspberrypi kernel: [    0.862226] CacheFiles: Loaded
Jul 14 15:45:49 raspberrypi kernel: [    0.880923] NET: Registered protocol family 2
Jul 14 15:45:49 raspberrypi kernel: [    0.886799] TCP established hash table entries: 8192 (order: 3, 32768 bytes)
Jul 14 15:45:49 raspberrypi kernel: [    0.894072] TCP bind hash table entries: 8192 (order: 4, 65536 bytes)
Jul 14 15:45:49 raspberrypi kernel: [    0.900776] TCP: Hash tables configured (established 8192 bind 8192)
Jul 14 15:45:49 raspberrypi kernel: [    0.907317] UDP hash table entries: 512 (order: 2, 16384 bytes)
Jul 14 15:45:49 raspberrypi kernel: [    0.913371] UDP-Lite hash table entries: 512 (order: 2, 16384 bytes)
Jul 14 15:45:49 raspberrypi kernel: [    0.920390] NET: Registered protocol family 1
Jul 14 15:45:49 raspberrypi kernel: [    0.925347] RPC: Registered named UNIX socket transport module.
Jul 14 15:45:49 raspberrypi kernel: [    0.931355] RPC: Registered udp transport module.
Jul 14 15:45:49 raspberrypi kernel: [    0.936088] RPC: Registered tcp transport module.
Jul 14 15:45:49 raspberrypi kernel: [    0.940850] RPC: Registered tcp NFSv4.1 backchannel transport module.
Jul 14 15:45:49 raspberrypi kernel: [    0.949347] hw perfevents: enabled with armv7_cortex_a7 PMU driver, 5 counters available
Jul 14 15:45:49 raspberrypi kernel: [    0.959373] futex hash table entries: 1024 (order: 4, 65536 bytes)
Jul 14 15:45:49 raspberrypi kernel: [    0.966561] [Xenomai] scheduling class idle registered.
Jul 14 15:45:49 raspberrypi kernel: [    0.971880] [Xenomai] scheduling class rt registered.
Jul 14 15:45:49 raspberrypi kernel: [    0.977222] I-pipe: head domain Xenomai registered.
Jul 14 15:45:49 raspberrypi kernel: [    0.985741] [Xenomai] Cobalt v3.0.5 (Sisyphus's Boulder) 
Jul 14 15:45:49 raspberrypi kernel: [    1.013171] VFS: Disk quotas dquot_6.6.0
Jul 14 15:45:49 raspberrypi kernel: [    1.017641] VFS: Dquot-cache hash table entries: 1024 (order 0, 4096 bytes)
Jul 14 15:45:49 raspberrypi kernel: [    1.028291] FS-Cache: Netfs 'nfs' registered for caching
Jul 14 15:45:49 raspberrypi kernel: [    1.035358] NFS: Registering the id_resolver key type
Jul 14 15:45:49 raspberrypi kernel: [    1.040556] Key type id_resolver registered
Jul 14 15:45:49 raspberrypi kernel: [    1.044770] Key type id_legacy registered
Jul 14 15:45:49 raspberrypi kernel: [    1.052918] Block layer SCSI generic (bsg) driver version 0.4 loaded (major 250)
Jul 14 15:45:49 raspberrypi kernel: [    1.060723] io scheduler noop registered
Jul 14 15:45:49 raspberrypi kernel: [    1.064695] io scheduler deadline registered (default)
Jul 14 15:45:49 raspberrypi kernel: [    1.070365] io scheduler cfq registered
Jul 14 15:45:49 raspberrypi kernel: [    1.076242] BCM2708FB: allocated DMA memory f9410000
Jul 14 15:45:49 raspberrypi kernel: [    1.081327] BCM2708FB: allocated DMA channel 0 @ f3007000
Jul 14 15:45:49 raspberrypi kernel: [    1.108564] Console: switching to colour frame buffer device 160x64
Jul 14 15:45:49 raspberrypi kernel: [    1.128639] Serial: 8250/16550 driver, 0 ports, IRQ sharing disabled
Jul 14 15:45:49 raspberrypi kernel: [    1.136964] vc-mem: phys_addr:0x00000000 mem_base=0x3dc00000 mem_size:0x3f000000(1008 MiB)
Jul 14 15:45:49 raspberrypi kernel: [    1.167489] brd: module loaded
Jul 14 15:45:49 raspberrypi kernel: [    1.183369] loop: module loaded
Jul 14 15:45:49 raspberrypi kernel: [    1.187656] vchiq: vchiq_init_state: slot_zero = 0xbbd45000, is_master = 0
Jul 14 15:45:49 raspberrypi kernel: [    1.196953] Loading iSCSI transport class v2.0-870.
Jul 14 15:45:49 raspberrypi kernel: [    1.203313] usbcore: registered new interface driver smsc95xx
Jul 14 15:45:49 raspberrypi kernel: [    1.209337] dwc_otg: version 3.00a 10-AUG-2012 (platform bus)
Jul 14 15:45:49 raspberrypi kernel: [    1.415817] Core Release: 2.80a
Jul 14 15:45:49 raspberrypi kernel: [    1.419046] Setting default values for core params
Jul 14 15:45:49 raspberrypi kernel: [    1.424042] Finished setting default values for core params
Jul 14 15:45:49 raspberrypi kernel: [    1.630387] Using Buffer DMA mode
Jul 14 15:45:49 raspberrypi kernel: [    1.633784] Periodic Transfer Interrupt Enhancement - disabled
Jul 14 15:45:49 raspberrypi kernel: [    1.639767] Multiprocessor Interrupt Enhancement - disabled
Jul 14 15:45:49 raspberrypi kernel: [    1.645450] OTG VER PARAM: 0, OTG VER FLAG: 0
Jul 14 15:45:49 raspberrypi kernel: [    1.649942] Dedicated Tx FIFOs mode
Jul 14 15:45:49 raspberrypi kernel: [    1.653791] WARN::dwc_otg_hcd_init:1047: FIQ DMA bounce buffers: virt = 0xbbd90000 dma = 0xf958c000 len=9024
Jul 14 15:45:49 raspberrypi kernel: [    1.663876] FIQ FSM acceleration enabled for :
Jul 14 15:45:49 raspberrypi kernel: [    1.663876] Non-periodic Split Transactions
Jul 14 15:45:49 raspberrypi kernel: [    1.663876] Periodic Split Transactions
Jul 14 15:45:49 raspberrypi kernel: [    1.663876] High-Speed Isochronous Endpoints
Jul 14 15:45:49 raspberrypi kernel: [    1.680908] dwc_otg: Microframe scheduler enabled
Jul 14 15:45:49 raspberrypi kernel: [    1.680983] WARN::hcd_init_fiq:412: FIQ on core 1 at 0x8042fb58
Jul 14 15:45:49 raspberrypi kernel: [    1.687028] WARN::hcd_init_fiq:413: FIQ ASM at 0x8042feb8 length 36
Jul 14 15:45:49 raspberrypi kernel: [    1.693421] WARN::hcd_init_fiq:438: MPHI regs_base at 0xbbd8a000
Jul 14 15:45:49 raspberrypi kernel: [    1.699589] dwc_otg 3f980000.usb: DWC OTG Controller
Jul 14 15:45:49 raspberrypi kernel: [    1.704706] dwc_otg 3f980000.usb: new USB bus registered, assigned bus number 1
Jul 14 15:45:49 raspberrypi kernel: [    1.712238] dwc_otg 3f980000.usb: irq 32, io mem 0x00000000
Jul 14 15:45:49 raspberrypi kernel: [    1.717974] Init: Port Power? op_state=1
Jul 14 15:45:49 raspberrypi kernel: [    1.722021] Init: Power Port (0)
Jul 14 15:45:49 raspberrypi kernel: [    1.731415] usb usb1: New USB device found, idVendor=1d6b, idProduct=0002
Jul 14 15:45:49 raspberrypi kernel: [    1.743989] usb usb1: New USB device strings: Mfr=3, Product=2, SerialNumber=1
Jul 14 15:45:49 raspberrypi kernel: [    1.756987] usb usb1: Product: DWC OTG Controller
Jul 14 15:45:49 raspberrypi kernel: [    1.767421] usb usb1: Manufacturer: Linux 4.1.21-v7+ dwc_otg_hcd
Jul 14 15:45:49 raspberrypi kernel: [    1.779159] usb usb1: SerialNumber: 3f980000.usb
Jul 14 15:45:49 raspberrypi kernel: [    1.790696] hub 1-0:1.0: USB hub found
Jul 14 15:45:49 raspberrypi kernel: [    1.800315] hub 1-0:1.0: 1 port detected
Jul 14 15:45:49 raspberrypi kernel: [    1.810694] dwc_otg: FIQ enabled
Jul 14 15:45:49 raspberrypi kernel: [    1.810711] dwc_otg: NAK holdoff enabled
Jul 14 15:45:49 raspberrypi kernel: [    1.810725] dwc_otg: FIQ split-transaction FSM enabled
Jul 14 15:45:49 raspberrypi kernel: [    1.810776] Module dwc_common_port init
Jul 14 15:45:49 raspberrypi kernel: [    1.811357] usbcore: registered new interface driver usb-storage
Jul 14 15:45:49 raspberrypi kernel: [    1.823569] mousedev: PS/2 mouse device common for all mice
Jul 14 15:45:49 raspberrypi kernel: [    1.835973] sdhci: Secure Digital Host Controller Interface driver
Jul 14 15:45:49 raspberrypi kernel: [    1.847903] sdhci: Copyright(c) Pierre Ossman
Jul 14 15:45:49 raspberrypi kernel: [    1.858300] sdhost: log_buf @ bbd96000 (fa236000)
Jul 14 15:45:49 raspberrypi kernel: [    1.949290] mmc0: sdhost-bcm2835 loaded - DMA enabled (>1)
Jul 14 15:45:49 raspberrypi kernel: [    1.981258] sdhci-pltfm: SDHCI platform and OF driver helper
Jul 14 15:45:49 raspberrypi kernel: [    1.993505] ledtrig-cpu: registered to indicate activity on CPUs
Jul 14 15:45:49 raspberrypi kernel: [    2.005642] hidraw: raw HID events driver (C) Jiri Kosina
Jul 14 15:45:49 raspberrypi kernel: [    2.017202] usbcore: registered new interface driver usbhid
Jul 14 15:45:49 raspberrypi kernel: [    2.019385] Indeed it is in host mode hprt0 = 00021501
Jul 14 15:45:49 raspberrypi kernel: [    2.039329] usbhid: USB HID core driver
Jul 14 15:45:49 raspberrypi kernel: [    2.050626] Initializing XFRM netlink socket
Jul 14 15:45:49 raspberrypi kernel: [    2.060623] NET: Registered protocol family 17
Jul 14 15:45:49 raspberrypi kernel: [    2.060778] mmc0: host does not support reading read-only switch, assuming write-enable
Jul 14 15:45:49 raspberrypi kernel: [    2.063513] mmc0: new high speed SDHC card at address aaaa
Jul 14 15:45:49 raspberrypi kernel: [    2.064332] mmcblk0: mmc0:aaaa SL16G 14.8 GiB 
Jul 14 15:45:49 raspberrypi kernel: [    2.067030]  mmcblk0: p1 p2
Jul 14 15:45:49 raspberrypi kernel: [    2.114436] Key type dns_resolver registered
Jul 14 15:45:49 raspberrypi kernel: [    2.125272] Registering SWP/SWPB emulation handler
Jul 14 15:45:49 raspberrypi kernel: [    2.137138] registered taskstats version 1
Jul 14 15:45:49 raspberrypi kernel: [    2.147223] vc-sm: Videocore shared memory driver
Jul 14 15:45:49 raspberrypi kernel: [    2.157615] [vc_sm_connected_init]: start
Jul 14 15:45:49 raspberrypi kernel: [    2.168362] [vc_sm_connected_init]: end - returning 0
Jul 14 15:45:49 raspberrypi kernel: [    2.199318] usb 1-1: new high-speed USB device number 2 using dwc_otg
Jul 14 15:45:49 raspberrypi kernel: [    2.208305] EXT4-fs (mmcblk0p2): mounted filesystem with ordered data mode. Opts: (null)
Jul 14 15:45:49 raspberrypi kernel: [    2.208395] VFS: Mounted root (ext4 filesystem) readonly on device 179:2.
Jul 14 15:45:49 raspberrypi kernel: [    2.220610] devtmpfs: mounted
Jul 14 15:45:49 raspberrypi kernel: [    2.221649] Freeing unused kernel memory: 468K (807b3000 - 80828000)
Jul 14 15:45:49 raspberrypi kernel: [    2.258809] Indeed it is in host mode hprt0 = 00001101
Jul 14 15:45:49 raspberrypi kernel: [    2.469936] usb 1-1: New USB device found, idVendor=0424, idProduct=9514
Jul 14 15:45:49 raspberrypi kernel: [    2.482552] usb 1-1: New USB device strings: Mfr=0, Product=0, SerialNumber=0
Jul 14 15:45:49 raspberrypi kernel: [    2.496871] hub 1-1:1.0: USB hub found
Jul 14 15:45:49 raspberrypi kernel: [    2.506617] hub 1-1:1.0: 5 ports detected
Jul 14 15:45:49 raspberrypi kernel: [    2.543716] random: systemd urandom read with 52 bits of entropy available
Jul 14 15:45:49 raspberrypi kernel: [    2.743738] NET: Registered protocol family 10
Jul 14 15:45:49 raspberrypi kernel: [    2.789322] usb 1-1.1: new high-speed USB device number 3 using dwc_otg
Jul 14 15:45:49 raspberrypi kernel: [    2.846158] uart-pl011 3f201000.uart: no DMA platform data
Jul 14 15:45:49 raspberrypi kernel: [    2.919951] usb 1-1.1: New USB device found, idVendor=0424, idProduct=ec00
Jul 14 15:45:49 raspberrypi kernel: [    2.932985] usb 1-1.1: New USB device strings: Mfr=0, Product=0, SerialNumber=0
Jul 14 15:45:49 raspberrypi kernel: [    2.949765] smsc95xx v1.0.4
Jul 14 15:45:49 raspberrypi kernel: [    3.025877] smsc95xx 1-1.1:1.0 eth0: register 'smsc95xx' at usb-3f980000.usb-1.1, smsc95xx USB 2.0 Ethernet, b8:27:eb:f1:db:d9
Jul 14 15:45:49 raspberrypi kernel: [    3.119337] usb 1-1.4: new high-speed USB device number 4 using dwc_otg
Jul 14 15:45:49 raspberrypi kernel: [    3.232475] usb 1-1.4: New USB device found, idVendor=05e3, idProduct=0610
Jul 14 15:45:49 raspberrypi kernel: [    3.245675] usb 1-1.4: New USB device strings: Mfr=1, Product=2, SerialNumber=0
Jul 14 15:45:49 raspberrypi kernel: [    3.259250] usb 1-1.4: Product: USB2.0 Hub
Jul 14 15:45:49 raspberrypi kernel: [    3.269540] usb 1-1.4: Manufacturer: GenesysLogic
Jul 14 15:45:49 raspberrypi kernel: [    3.281944] hub 1-1.4:1.0: USB hub found
Jul 14 15:45:49 raspberrypi kernel: [    3.292593] hub 1-1.4:1.0: 4 ports detected
Jul 14 15:45:49 raspberrypi kernel: [    3.589314] usb 1-1.4.1: new low-speed USB device number 5 using dwc_otg
Jul 14 15:45:49 raspberrypi kernel: [    3.697636] usb 1-1.4.1: New USB device found, idVendor=045e, idProduct=0040
Jul 14 15:45:49 raspberrypi kernel: [    3.697649] usb 1-1.4.1: New USB device strings: Mfr=1, Product=3, SerialNumber=0
Jul 14 15:45:49 raspberrypi kernel: [    3.697661] usb 1-1.4.1: Product: Microsoft 3-Button Mouse with IntelliEye(TM)
Jul 14 15:45:49 raspberrypi kernel: [    3.697671] usb 1-1.4.1: Manufacturer: Microsoft
Jul 14 15:45:49 raspberrypi kernel: [    3.705627] input: Microsoft Microsoft 3-Button Mouse with IntelliEye(TM) as /devices/platform/soc/3f980000.usb/usb1/1-1/1-1.4/1-1.4.1/1-1.4.1:1.0/0003:045E:0040.0001/input/input0
Jul 14 15:45:49 raspberrypi kernel: [    3.706248] hid-generic 0003:045E:0040.0001: input,hidraw0: USB HID v1.10 Mouse [Microsoft Microsoft 3-Button Mouse with IntelliEye(TM)] on usb-3f980000.usb-1.4.1/input0
Jul 14 15:45:49 raspberrypi kernel: [    4.599988] usb 1-1.4-port2: Cannot enable. Maybe the USB cable is bad?
Jul 14 15:45:49 raspberrypi kernel: [    5.469801] usb 1-1.4-port2: Cannot enable. Maybe the USB cable is bad?
Jul 14 15:45:49 raspberrypi kernel: [    5.548508] gpiomem-bcm2835 3f200000.gpiomem: Initialised: Registers at 0x3f200000
Jul 14 15:45:49 raspberrypi kernel: [    6.330037] usb 1-1.4-port2: Cannot enable. Maybe the USB cable is bad?
Jul 14 15:45:49 raspberrypi kernel: [    6.529912] bcm2835-rng 3f104000.rng: hwrng registered
Jul 14 15:45:49 raspberrypi kernel: [    6.548645] EXT4-fs (mmcblk0p2): re-mounted. Opts: (null)
Jul 14 15:45:49 raspberrypi kernel: [    7.189992] usb 1-1.4-port2: Cannot enable. Maybe the USB cable is bad?
Jul 14 15:45:49 raspberrypi kernel: [    7.190348] usb 1-1.4-port2: unable to enumerate USB device
Jul 14 15:45:49 raspberrypi kernel: [    8.590747] cfg80211: Calling CRDA to update world regulatory domain
Jul 14 15:45:49 raspberrypi kernel: [    8.779041] cfg80211: World regulatory domain updated:
Jul 14 15:45:49 raspberrypi kernel: [    8.779090] cfg80211:  DFS Master region: unset
Jul 14 15:45:49 raspberrypi kernel: [    8.779119] cfg80211:   (start_freq - end_freq @ bandwidth), (max_antenna_gain, max_eirp), (dfs_cac_time)
Jul 14 15:45:49 raspberrypi kernel: [    8.779164] cfg80211:   (2402000 KHz - 2472000 KHz @ 40000 KHz), (N/A, 2000 mBm), (N/A)
Jul 14 15:45:49 raspberrypi kernel: [    8.779336] cfg80211:   (2457000 KHz - 2482000 KHz @ 20000 KHz, 92000 KHz AUTO), (N/A, 2000 mBm), (N/A)
Jul 14 15:45:49 raspberrypi kernel: [    8.779358] cfg80211:   (2474000 KHz - 2494000 KHz @ 20000 KHz), (N/A, 2000 mBm), (N/A)
Jul 14 15:45:49 raspberrypi kernel: [    8.779380] cfg80211:   (5170000 KHz - 5250000 KHz @ 80000 KHz, 160000 KHz AUTO), (N/A, 2000 mBm), (N/A)
Jul 14 15:45:49 raspberrypi kernel: [    8.779402] cfg80211:   (5250000 KHz - 5330000 KHz @ 80000 KHz, 160000 KHz AUTO), (N/A, 2000 mBm), (0 s)
Jul 14 15:45:49 raspberrypi kernel: [    8.779422] cfg80211:   (5490000 KHz - 5730000 KHz @ 160000 KHz), (N/A, 2000 mBm), (0 s)
Jul 14 15:45:49 raspberrypi kernel: [    8.779469] cfg80211:   (5735000 KHz - 5835000 KHz @ 80000 KHz), (N/A, 2000 mBm), (N/A)
Jul 14 15:45:49 raspberrypi kernel: [    8.779518] cfg80211:   (57240000 KHz - 63720000 KHz @ 2160000 KHz), (N/A, 0 mBm), (N/A)
Jul 14 15:45:49 raspberrypi kernel: [    9.195899] Adding 102396k swap on /var/swap.  Priority:-1 extents:3 across:200700k SSFS
Jul 14 15:45:50 raspberrypi kernel: [    9.483206] smsc95xx 1-1.1:1.0 eth0: hardware isn't capable of remote wakeup
Jul 14 15:45:50 raspberrypi kernel: [    9.484155] IPv6: ADDRCONF(NETDEV_UP): eth0: link is not ready
Jul 14 15:45:51 raspberrypi kernel: [   11.016181] smsc95xx 1-1.1:1.0 eth0: link up, 100Mbps, full-duplex, lpa 0xC1E1
Jul 14 15:45:51 raspberrypi kernel: [   11.021548] IPv6: ADDRCONF(NETDEV_CHANGE): eth0: link becomes ready
Jul 14 15:45:53 raspberrypi kernel: [   12.381568] random: nonblocking pool is initialized
Jul 14 15:48:46 raspberrypi kernel: [  178.244182] unexport_store: invalid GPIO 54
Jul 14 15:48:46 raspberrypi kernel: [  178.244368] unexport_store: invalid GPIO 55
Jul 14 15:48:46 raspberrypi kernel: [  178.244537] unexport_store: invalid GPIO 56
Jul 14 15:48:46 raspberrypi kernel: [  178.244706] unexport_store: invalid GPIO 57
Jul 14 15:48:46 raspberrypi kernel: [  178.244876] unexport_store: invalid GPIO 58
Jul 14 15:48:46 raspberrypi kernel: [  178.245044] unexport_store: invalid GPIO 59
Jul 14 15:48:46 raspberrypi kernel: [  178.245212] unexport_store: invalid GPIO 60
Jul 14 15:48:46 raspberrypi kernel: [  178.245380] unexport_store: invalid GPIO 61
Jul 14 15:48:46 raspberrypi kernel: [  178.245550] unexport_store: invalid GPIO 62
Jul 14 15:49:51 raspberrypi kernel: [    0.000000] Booting Linux on physical CPU 0x0
Jul 14 15:49:51 raspberrypi kernel: [    0.000000] Initializing cgroup subsys cpuset
Jul 14 15:49:51 raspberrypi kernel: [    0.000000] Initializing cgroup subsys cpu
Jul 14 15:49:51 raspberrypi kernel: [    0.000000] Initializing cgroup subsys cpuacct
Jul 14 15:49:51 raspberrypi kernel: [    0.000000] Linux version 4.1.21-ipipe+ (harcok@cup) (gcc version 4.8.4 (Ubuntu/Linaro 4.8.4-2ubuntu1~14.04.1) ) #1 Wed Jun 7 11:08:07 CEST 2017
Jul 14 15:49:51 raspberrypi kernel: [    0.000000] CPU: ARMv6-compatible processor [410fb767] revision 7 (ARMv7), cr=00c5387d
Jul 14 15:49:51 raspberrypi kernel: [    0.000000] CPU: PIPT / VIPT nonaliasing data cache, VIPT nonaliasing instruction cache
Jul 14 15:49:51 raspberrypi kernel: [    0.000000] Machine model: Raspberry Pi Model B Plus Rev 1.2
Jul 14 15:49:51 raspberrypi kernel: [    0.000000] Memory policy: Data cache writeback
Jul 14 15:49:51 raspberrypi kernel: [    0.000000] On node 0 totalpages: 114688
Jul 14 15:49:51 raspberrypi kernel: [    0.000000] free_area_init_node: node 0, pgdat c083da80, node_mem_map dbbfcf00
Jul 14 15:49:51 raspberrypi kernel: [    0.000000]   Normal zone: 1008 pages used for memmap
Jul 14 15:49:51 raspberrypi kernel: [    0.000000]   Normal zone: 0 pages reserved
Jul 14 15:49:51 raspberrypi kernel: [    0.000000]   Normal zone: 114688 pages, LIFO batch:31
Jul 14 15:49:51 raspberrypi kernel: [    0.000000] pcpu-alloc: s0 r0 d32768 u32768 alloc=1*32768
Jul 14 15:49:51 raspberrypi kernel: [    0.000000] pcpu-alloc: [0] 0 
Jul 14 15:49:51 raspberrypi kernel: [    0.000000] Built 1 zonelists in Zone order, mobility grouping on.  Total pages: 113680
Jul 14 15:49:51 raspberrypi kernel: [    0.000000] Kernel command line: console=ttyAMA0,115200 kgdboc=ttyAMA0,115200 root=/dev/mmcblk0p2 rootfstype=ext4 rootwait dma.dmachans=0x7f35 bcm2708_fb.fbwidth=1280 bcm2708_fb.fbheight=1024 bcm2708.boardrev=0x10 bcm2708.serial=0xe3614320 smsc95xx.macaddr=B8:27:EB:61:43:20 bcm2708_fb.fbswap=1 bcm2708.uart_clock=3000000 bcm2708.disk_led_gpio=47 bcm2708.disk_led_active_low=0 vc_mem.mem_base=0x1ec00000 vc_mem.mem_size=0x20000000  dwc_otg.lpm_enable=0 console=ttyAMA0,115200 console=tty1 root=/dev/mmcblk0p2 rootfstype=ext4 elevator=deadline fsck.repair=yes rootwait
Jul 14 15:49:51 raspberrypi kernel: [    0.000000] PID hash table entries: 2048 (order: 1, 8192 bytes)
Jul 14 15:49:51 raspberrypi kernel: [    0.000000] Dentry cache hash table entries: 65536 (order: 6, 262144 bytes)
Jul 14 15:49:51 raspberrypi kernel: [    0.000000] Inode-cache hash table entries: 32768 (order: 5, 131072 bytes)
Jul 14 15:49:51 raspberrypi kernel: [    0.000000] Memory: 445124K/458752K available (5832K kernel code, 535K rwdata, 1804K rodata, 272K init, 617K bss, 13628K reserved, 0K cma-reserved)
Jul 14 15:49:51 raspberrypi kernel: [    0.000000] Virtual kernel memory layout:
Jul 14 15:49:51 raspberrypi kernel: [    0.000000]     vector  : 0xffff0000 - 0xffff1000   (   4 kB)
Jul 14 15:49:51 raspberrypi kernel: [    0.000000]     fixmap  : 0xffc00000 - 0xfff00000   (3072 kB)
Jul 14 15:49:51 raspberrypi kernel: [    0.000000]     vmalloc : 0xdc800000 - 0xff000000   ( 552 MB)
Jul 14 15:49:51 raspberrypi kernel: [    0.000000]     lowmem  : 0xc0000000 - 0xdc000000   ( 448 MB)
Jul 14 15:49:51 raspberrypi kernel: [    0.000000]     modules : 0xbf000000 - 0xc0000000   (  16 MB)
Jul 14 15:49:51 raspberrypi kernel: [    0.000000]       .text : 0xc0008000 - 0xc077d3c4   (7637 kB)
Jul 14 15:49:51 raspberrypi kernel: [    0.000000]       .init : 0xc077e000 - 0xc07c2000   ( 272 kB)
Jul 14 15:49:51 raspberrypi kernel: [    0.000000]       .data : 0xc07c2000 - 0xc0847cc8   ( 536 kB)
Jul 14 15:49:51 raspberrypi kernel: [    0.000000]        .bss : 0xc0847cc8 - 0xc08e2140   ( 618 kB)
Jul 14 15:49:51 raspberrypi kernel: [    0.000000] SLUB: HWalign=32, Order=0-3, MinObjects=0, CPUs=1, Nodes=1
Jul 14 15:49:51 raspberrypi kernel: [    0.000000] NR_IRQS:522
Jul 14 15:49:51 raspberrypi kernel: [    0.000000] clocksource stc: mask: 0xffffffff max_cycles: 0xffffffff, max_idle_ns: 1911260446275 ns
Jul 14 15:49:51 raspberrypi kernel: [    0.000015] sched_clock: 32 bits at 1000kHz, resolution 1000ns, wraps every 2147483647500ns
Jul 14 15:49:51 raspberrypi kernel: [    0.000062] Switching to timer-based delay loop, resolution 1000ns
Jul 14 15:49:51 raspberrypi kernel: [    0.000092] I-pipe, 1.000 MHz clocksource, wrap in 4294967 ms
Jul 14 15:49:51 raspberrypi kernel: [    0.000124] clocksource ipipe_tsc: mask: 0xffffffffffffffff max_cycles: 0x1d854df40, max_idle_ns: 3526361616960 ns
Jul 14 15:49:51 raspberrypi kernel: [    0.000632] Interrupt pipeline (release #4)
Jul 14 15:49:51 raspberrypi kernel: [    0.000927] Console: colour dummy device 80x30
Jul 14 15:49:51 raspberrypi kernel: [    0.002292] console [tty1] enabled
Jul 14 15:49:51 raspberrypi kernel: [    0.002357] Calibrating delay loop (skipped), value calculated using timer frequency.. 2.00 BogoMIPS (lpj=10000)
Jul 14 15:49:51 raspberrypi kernel: [    0.002452] pid_max: default: 32768 minimum: 301
Jul 14 15:49:51 raspberrypi kernel: [    0.002676] Mount-cache hash table entries: 1024 (order: 0, 4096 bytes)
Jul 14 15:49:51 raspberrypi kernel: [    0.002747] Mountpoint-cache hash table entries: 1024 (order: 0, 4096 bytes)
Jul 14 15:49:51 raspberrypi kernel: [    0.003860] Initializing cgroup subsys blkio
Jul 14 15:49:51 raspberrypi kernel: [    0.003962] Initializing cgroup subsys memory
Jul 14 15:49:51 raspberrypi kernel: [    0.004037] Initializing cgroup subsys devices
Jul 14 15:49:51 raspberrypi kernel: [    0.004105] Initializing cgroup subsys freezer
Jul 14 15:49:51 raspberrypi kernel: [    0.004170] Initializing cgroup subsys net_cls
Jul 14 15:49:51 raspberrypi kernel: [    0.004298] CPU: Testing write buffer coherency: ok
Jul 14 15:49:51 raspberrypi kernel: [    0.004872] Setting up static identity map for 0x81c0 - 0x81f8
Jul 14 15:49:51 raspberrypi kernel: [    0.007764] devtmpfs: initialized
Jul 14 15:49:51 raspberrypi kernel: [    0.021475] VFP support v0.3: implementor 41 architecture 1 part 20 variant b rev 5
Jul 14 15:49:51 raspberrypi kernel: [    0.021956] clocksource jiffies: mask: 0xffffffff max_cycles: 0xffffffff, max_idle_ns: 19112604462750000 ns
Jul 14 15:49:51 raspberrypi kernel: [    0.023008] pinctrl core: initialized pinctrl subsystem
Jul 14 15:49:51 raspberrypi kernel: [    0.023942] NET: Registered protocol family 16
Jul 14 15:49:51 raspberrypi kernel: [    0.029401] DMA: preallocated 4096 KiB pool for atomic coherent allocations
Jul 14 15:49:51 raspberrypi kernel: [    0.031492] bcm2708.uart_clock = 3000000
Jul 14 15:49:51 raspberrypi kernel: [    0.037756] hw-breakpoint: found 6 breakpoint and 1 watchpoint registers.
Jul 14 15:49:51 raspberrypi kernel: [    0.037846] hw-breakpoint: maximum watchpoint size is 4 bytes.
Jul 14 15:49:51 raspberrypi kernel: [    0.038084] Serial: AMBA PL011 UART driver
Jul 14 15:49:51 raspberrypi kernel: [    0.038447] 20201000.uart: ttyAMA0 at MMIO 0x20201000 (irq = 83, base_baud = 0) is a PL011 rev2
Jul 14 15:49:51 raspberrypi kernel: [    0.429458] console [ttyAMA0] enabled
Jul 14 15:49:51 raspberrypi kernel: [    0.433933] bcm2835-mbox 2000b880.mailbox: mailbox enabled
Jul 14 15:49:51 raspberrypi kernel: [    0.493989] bcm2708-dmaengine 20007000.dma: DMA legacy API manager at f2007000, dmachans=0xf35
Jul 14 15:49:51 raspberrypi kernel: [    0.502880] bcm2708-dmaengine 20007000.dma: Initialized 7 DMA channels (+ 1 legacy)
Jul 14 15:49:51 raspberrypi kernel: [    0.511518] bcm2708-dmaengine 20007000.dma: Load BCM2835 DMA engine driver
Jul 14 15:49:51 raspberrypi kernel: [    0.518521] bcm2708-dmaengine 20007000.dma: dma_debug:0
Jul 14 15:49:51 raspberrypi kernel: [    0.524813] SCSI subsystem initialized
Jul 14 15:49:51 raspberrypi kernel: [    0.529059] usbcore: registered new interface driver usbfs
Jul 14 15:49:51 raspberrypi kernel: [    0.534737] usbcore: registered new interface driver hub
Jul 14 15:49:51 raspberrypi kernel: [    0.540351] usbcore: registered new device driver usb
Jul 14 15:49:51 raspberrypi kernel: [    0.546482] raspberrypi-firmware soc:firmware: Attached to firmware from 2016-05-20 19:01
Jul 14 15:49:51 raspberrypi kernel: [    0.582790] Switched to clocksource ipipe_tsc
Jul 14 15:49:51 raspberrypi kernel: [    0.650324] FS-Cache: Loaded
Jul 14 15:49:51 raspberrypi kernel: [    0.653769] CacheFiles: Loaded
Jul 14 15:49:51 raspberrypi kernel: [    0.675261] NET: Registered protocol family 2
Jul 14 15:49:51 raspberrypi kernel: [    0.681180] TCP established hash table entries: 4096 (order: 2, 16384 bytes)
Jul 14 15:49:51 raspberrypi kernel: [    0.688484] TCP bind hash table entries: 4096 (order: 2, 16384 bytes)
Jul 14 15:49:51 raspberrypi kernel: [    0.695113] TCP: Hash tables configured (established 4096 bind 4096)
Jul 14 15:49:51 raspberrypi kernel: [    0.701748] UDP hash table entries: 256 (order: 0, 4096 bytes)
Jul 14 15:49:51 raspberrypi kernel: [    0.707719] UDP-Lite hash table entries: 256 (order: 0, 4096 bytes)
Jul 14 15:49:51 raspberrypi kernel: [    0.714509] NET: Registered protocol family 1
Jul 14 15:49:51 raspberrypi kernel: [    0.719595] RPC: Registered named UNIX socket transport module.
Jul 14 15:49:51 raspberrypi kernel: [    0.725674] RPC: Registered udp transport module.
Jul 14 15:49:51 raspberrypi kernel: [    0.730419] RPC: Registered tcp transport module.
Jul 14 15:49:51 raspberrypi kernel: [    0.735204] RPC: Registered tcp NFSv4.1 backchannel transport module.
Jul 14 15:49:51 raspberrypi kernel: [    0.743505] hw perfevents: enabled with armv6_1176 PMU driver, 3 counters available
Jul 14 15:49:51 raspberrypi kernel: [    0.752730] futex hash table entries: 256 (order: -1, 3072 bytes)
Jul 14 15:49:51 raspberrypi kernel: [    0.759893] [Xenomai] scheduling class idle registered.
Jul 14 15:49:51 raspberrypi kernel: [    0.765290] [Xenomai] scheduling class rt registered.
Jul 14 15:49:51 raspberrypi kernel: [    0.770657] I-pipe: head domain Xenomai registered.
Jul 14 15:49:51 raspberrypi kernel: [    0.777783] [Xenomai] Cobalt v3.0.5 (Sisyphus's Boulder) 
Jul 14 15:49:51 raspberrypi kernel: [    0.801904] VFS: Disk quotas dquot_6.6.0
Jul 14 15:49:51 raspberrypi kernel: [    0.806543] VFS: Dquot-cache hash table entries: 1024 (order 0, 4096 bytes)
Jul 14 15:49:51 raspberrypi kernel: [    0.816635] FS-Cache: Netfs 'nfs' registered for caching
Jul 14 15:49:51 raspberrypi kernel: [    0.823734] NFS: Registering the id_resolver key type
Jul 14 15:49:51 raspberrypi kernel: [    0.828965] Key type id_resolver registered
Jul 14 15:49:51 raspberrypi kernel: [    0.833333] Key type id_legacy registered
Jul 14 15:49:51 raspberrypi kernel: [    0.841741] Block layer SCSI generic (bsg) driver version 0.4 loaded (major 250)
Jul 14 15:49:51 raspberrypi kernel: [    0.849869] io scheduler noop registered
Jul 14 15:49:51 raspberrypi kernel: [    0.854019] io scheduler deadline registered (default)
Jul 14 15:49:51 raspberrypi kernel: [    0.859687] io scheduler cfq registered
Jul 14 15:49:51 raspberrypi kernel: [    0.865260] BCM2708FB: allocated DMA memory 5b6a0000
Jul 14 15:49:51 raspberrypi kernel: [    0.870341] BCM2708FB: allocated DMA channel 0 @ f2007000
Jul 14 15:49:51 raspberrypi kernel: [    0.893790] Console: switching to colour frame buffer device 160x64
Jul 14 15:49:51 raspberrypi kernel: [    0.913862] Serial: 8250/16550 driver, 0 ports, IRQ sharing disabled
Jul 14 15:49:51 raspberrypi kernel: [    0.922360] vc-mem: phys_addr:0x00000000 mem_base=0x1ec00000 mem_size:0x20000000(512 MiB)
Jul 14 15:49:51 raspberrypi kernel: [    0.954499] brd: module loaded
Jul 14 15:49:51 raspberrypi kernel: [    0.968855] loop: module loaded
Jul 14 15:49:51 raspberrypi kernel: [    0.973394] vchiq: vchiq_init_state: slot_zero = 0xdcd42000, is_master = 0
Jul 14 15:49:51 raspberrypi kernel: [    0.983088] Loading iSCSI transport class v2.0-870.
Jul 14 15:49:51 raspberrypi kernel: [    0.989685] usbcore: registered new interface driver smsc95xx
Jul 14 15:49:51 raspberrypi kernel: [    0.996005] dwc_otg: version 3.00a 10-AUG-2012 (platform bus)
Jul 14 15:49:51 raspberrypi kernel: [    1.202364] Core Release: 2.80a
Jul 14 15:49:51 raspberrypi kernel: [    1.205756] Setting default values for core params
Jul 14 15:49:51 raspberrypi kernel: [    1.210719] Finished setting default values for core params
Jul 14 15:49:51 raspberrypi kernel: [    1.416813] Using Buffer DMA mode
Jul 14 15:49:51 raspberrypi kernel: [    1.420245] Periodic Transfer Interrupt Enhancement - disabled
Jul 14 15:49:51 raspberrypi kernel: [    1.426267] Multiprocessor Interrupt Enhancement - disabled
Jul 14 15:49:51 raspberrypi kernel: [    1.431978] OTG VER PARAM: 0, OTG VER FLAG: 0
Jul 14 15:49:51 raspberrypi kernel: [    1.436567] Dedicated Tx FIFOs mode
Jul 14 15:49:51 raspberrypi kernel: [    1.440512] WARN::dwc_otg_hcd_init:1047: FIQ DMA bounce buffers: virt = 0xdcd8c000 dma = 0x5a818000 len=9024
Jul 14 15:49:51 raspberrypi kernel: [    1.450657] FIQ FSM acceleration enabled for :
Jul 14 15:49:51 raspberrypi kernel: [    1.450657] Non-periodic Split Transactions
Jul 14 15:49:51 raspberrypi kernel: [    1.450657] Periodic Split Transactions
Jul 14 15:49:51 raspberrypi kernel: [    1.450657] High-Speed Isochronous Endpoints
Jul 14 15:49:51 raspberrypi kernel: [    1.467754] dwc_otg: Microframe scheduler enabled
Jul 14 15:49:51 raspberrypi kernel: [    1.467832] WARN::hcd_init_fiq:412: FIQ on core 0 at 0xc03e9d2c
Jul 14 15:49:51 raspberrypi kernel: [    1.473897] WARN::hcd_init_fiq:413: FIQ ASM at 0xc03ea004 length 36
Jul 14 15:49:51 raspberrypi kernel: [    1.480312] WARN::hcd_init_fiq:438: MPHI regs_base at 0xdcd86000
Jul 14 15:49:51 raspberrypi kernel: [    1.486681] dwc_otg 20980000.usb: DWC OTG Controller
Jul 14 15:49:51 raspberrypi kernel: [    1.491836] dwc_otg 20980000.usb: new USB bus registered, assigned bus number 1
Jul 14 15:49:51 raspberrypi kernel: [    1.499442] dwc_otg 20980000.usb: irq 32, io mem 0x00000000
Jul 14 15:49:51 raspberrypi kernel: [    1.505256] Init: Port Power? op_state=1
Jul 14 15:49:51 raspberrypi kernel: [    1.509281] Init: Power Port (0)
Jul 14 15:49:51 raspberrypi kernel: [    1.518946] usb usb1: New USB device found, idVendor=1d6b, idProduct=0002
Jul 14 15:49:51 raspberrypi kernel: [    1.531750] usb usb1: New USB device strings: Mfr=3, Product=2, SerialNumber=1
Jul 14 15:49:51 raspberrypi kernel: [    1.544925] usb usb1: Product: DWC OTG Controller
Jul 14 15:49:51 raspberrypi kernel: [    1.555488] usb usb1: Manufacturer: Linux 4.1.21-ipipe+ dwc_otg_hcd
Jul 14 15:49:51 raspberrypi kernel: [    1.567636] usb usb1: SerialNumber: 20980000.usb
Jul 14 15:49:51 raspberrypi kernel: [    1.579414] hub 1-0:1.0: USB hub found
Jul 14 15:49:51 raspberrypi kernel: [    1.589270] hub 1-0:1.0: 1 port detected
Jul 14 15:49:51 raspberrypi kernel: [    1.599942] dwc_otg: FIQ enabled
Jul 14 15:49:51 raspberrypi kernel: [    1.599967] dwc_otg: NAK holdoff enabled
Jul 14 15:49:51 raspberrypi kernel: [    1.599981] dwc_otg: FIQ split-transaction FSM enabled
Jul 14 15:49:51 raspberrypi kernel: [    1.600046] Module dwc_common_port init
Jul 14 15:49:51 raspberrypi kernel: [    1.600718] usbcore: registered new interface driver usb-storage
Jul 14 15:49:51 raspberrypi kernel: [    1.613411] mousedev: PS/2 mouse device common for all mice
Jul 14 15:49:51 raspberrypi kernel: [    1.626204] sdhci: Secure Digital Host Controller Interface driver
Jul 14 15:49:51 raspberrypi kernel: [    1.638358] sdhci: Copyright(c) Pierre Ossman
Jul 14 15:49:51 raspberrypi kernel: [    1.649012] sdhost: log_buf @ dcd92000 (5b7f4000)
Jul 14 15:49:51 raspberrypi kernel: [    1.732915] mmc0: sdhost-bcm2835 loaded - DMA enabled (>1)
Jul 14 15:49:51 raspberrypi kernel: [    1.765325] sdhci-pltfm: SDHCI platform and OF driver helper
Jul 14 15:49:51 raspberrypi kernel: [    1.783857] ledtrig-cpu: registered to indicate activity on CPUs
Jul 14 15:49:51 raspberrypi kernel: [    1.796140] Indeed it is in host mode hprt0 = 00021501
Jul 14 15:49:51 raspberrypi kernel: [    1.873248] hidraw: raw HID events driver (C) Jiri Kosina
Jul 14 15:49:51 raspberrypi kernel: [    1.888702] usbcore: registered new interface driver usbhid
Jul 14 15:49:51 raspberrypi kernel: [    1.900376] usbhid: USB HID core driver
Jul 14 15:49:51 raspberrypi kernel: [    1.913422] Initializing XFRM netlink socket
Jul 14 15:49:51 raspberrypi kernel: [    1.924815] NET: Registered protocol family 17
Jul 14 15:49:51 raspberrypi kernel: [    1.936126] Key type dns_resolver registered
Jul 14 15:49:51 raspberrypi kernel: [    1.953182] registered taskstats version 1
Jul 14 15:49:51 raspberrypi kernel: [    1.964592] vc-sm: Videocore shared memory driver
Jul 14 15:49:51 raspberrypi kernel: [    1.975765] [vc_sm_connected_init]: start
Jul 14 15:49:51 raspberrypi kernel: [    1.985879] mmc0: host does not support reading read-only switch, assuming write-enable
Jul 14 15:49:51 raspberrypi kernel: [    2.001682] [vc_sm_connected_init]: end - returning 0
Jul 14 15:49:51 raspberrypi kernel: [    2.016441] Waiting for root device /dev/mmcblk0p2...
Jul 14 15:49:51 raspberrypi kernel: [    2.028523] mmc0: new high speed SDHC card at address aaaa
Jul 14 15:49:51 raspberrypi kernel: [    2.041261] mmcblk0: mmc0:aaaa SL16G 14.8 GiB 
Jul 14 15:49:51 raspberrypi kernel: [    2.052971] usb 1-1: new high-speed USB device number 2 using dwc_otg
Jul 14 15:49:51 raspberrypi kernel: [    2.066196] Indeed it is in host mode hprt0 = 00001101
Jul 14 15:49:51 raspberrypi kernel: [    2.137664]  mmcblk0: p1 p2
Jul 14 15:49:51 raspberrypi kernel: [    2.270420] EXT4-fs (mmcblk0p2): mounted filesystem with ordered data mode. Opts: (null)
Jul 14 15:49:51 raspberrypi kernel: [    2.285543] usb 1-1: New USB device found, idVendor=0424, idProduct=9514
Jul 14 15:49:51 raspberrypi kernel: [    2.298374] usb 1-1: New USB device strings: Mfr=0, Product=0, SerialNumber=0
Jul 14 15:49:51 raspberrypi kernel: [    2.311714] VFS: Mounted root (ext4 filesystem) readonly on device 179:2.
Jul 14 15:49:51 raspberrypi kernel: [    2.326100] hub 1-1:1.0: USB hub found
Jul 14 15:49:51 raspberrypi kernel: [    2.336729] hub 1-1:1.0: 5 ports detected
Jul 14 15:49:51 raspberrypi kernel: [    2.358832] devtmpfs: mounted
Jul 14 15:49:51 raspberrypi kernel: [    2.368966] Freeing unused kernel memory: 272K (c077e000 - c07c2000)
Jul 14 15:49:51 raspberrypi kernel: [    2.622969] usb 1-1.1: new high-speed USB device number 3 using dwc_otg
Jul 14 15:49:51 raspberrypi kernel: [    2.733569] usb 1-1.1: New USB device found, idVendor=0424, idProduct=ec00
Jul 14 15:49:51 raspberrypi kernel: [    2.746583] usb 1-1.1: New USB device strings: Mfr=0, Product=0, SerialNumber=0
Jul 14 15:49:51 raspberrypi kernel: [    2.769091] smsc95xx v1.0.4
Jul 14 15:49:51 raspberrypi kernel: [    2.790167] random: systemd urandom read with 53 bits of entropy available
Jul 14 15:49:51 raspberrypi kernel: [    2.884500] smsc95xx 1-1.1:1.0 eth0: register 'smsc95xx' at usb-20980000.usb-1.1, smsc95xx USB 2.0 Ethernet, b8:27:eb:61:43:20
Jul 14 15:49:51 raspberrypi kernel: [    2.962988] usb 1-1.4: new high-speed USB device number 4 using dwc_otg
Jul 14 15:49:51 raspberrypi kernel: [    3.051955] NET: Registered protocol family 10
Jul 14 15:49:51 raspberrypi kernel: [    3.098206] usb 1-1.4: New USB device found, idVendor=05e3, idProduct=0610
Jul 14 15:49:51 raspberrypi kernel: [    3.111742] usb 1-1.4: New USB device strings: Mfr=1, Product=2, SerialNumber=0
Jul 14 15:49:51 raspberrypi kernel: [    3.125523] usb 1-1.4: Product: USB2.0 Hub
Jul 14 15:49:51 raspberrypi kernel: [    3.136013] usb 1-1.4: Manufacturer: GenesysLogic
Jul 14 15:49:51 raspberrypi kernel: [    3.150074] hub 1-1.4:1.0: USB hub found
Jul 14 15:49:51 raspberrypi kernel: [    3.165689] hub 1-1.4:1.0: 4 ports detected
Jul 14 15:49:51 raspberrypi kernel: [    3.242623] uart-pl011 20201000.uart: no DMA platform data
Jul 14 15:49:51 raspberrypi kernel: [    3.453026] usb 1-1.4.1: new low-speed USB device number 5 using dwc_otg
Jul 14 15:49:51 raspberrypi kernel: [    3.573353] usb 1-1.4.1: New USB device found, idVendor=045e, idProduct=0040
Jul 14 15:49:51 raspberrypi kernel: [    3.586968] usb 1-1.4.1: New USB device strings: Mfr=1, Product=3, SerialNumber=0
Jul 14 15:49:51 raspberrypi kernel: [    3.600871] usb 1-1.4.1: Product: Microsoft 3-Button Mouse with IntelliEye(TM)
Jul 14 15:49:51 raspberrypi kernel: [    3.614512] usb 1-1.4.1: Manufacturer: Microsoft
Jul 14 15:49:51 raspberrypi kernel: [    3.643058] input: Microsoft Microsoft 3-Button Mouse with IntelliEye(TM) as /devices/platform/soc/20980000.usb/usb1/1-1/1-1.4/1-1.4.1/1-1.4.1:1.0/0003:045E:0040.0001/input/input0
Jul 14 15:49:51 raspberrypi kernel: [    3.676778] hid-generic 0003:045E:0040.0001: input,hidraw0: USB HID v1.10 Mouse [Microsoft Microsoft 3-Button Mouse with IntelliEye(TM)] on usb-20980000.usb-1.4.1/input0
Jul 14 15:49:51 raspberrypi kernel: [    3.783083] usb 1-1.4.2: new low-speed USB device number 6 using dwc_otg
Jul 14 15:49:51 raspberrypi kernel: [    4.675655] usb 1-1.4-port2: Cannot enable. Maybe the USB cable is bad?
Jul 14 15:49:51 raspberrypi kernel: [    5.583578] usb 1-1.4-port2: Cannot enable. Maybe the USB cable is bad?
Jul 14 15:49:51 raspberrypi kernel: [    6.444241] usb 1-1.4-port2: Cannot enable. Maybe the USB cable is bad?
Jul 14 15:49:51 raspberrypi kernel: [    7.333664] usb 1-1.4-port2: Cannot enable. Maybe the USB cable is bad?
Jul 14 15:49:51 raspberrypi kernel: [    7.334269] usb 1-1.4-port2: unable to enumerate USB device
Jul 14 15:49:51 raspberrypi kernel: [    9.175722] bcm2835-rng 20104000.rng: hwrng registered
Jul 14 15:49:51 raspberrypi kernel: [    9.943318] EXT4-fs (mmcblk0p2): re-mounted. Opts: (null)
Jul 14 15:49:51 raspberrypi kernel: [   13.766049] gpiomem-bcm2835 20200000.gpiomem: Initialised: Registers at 0x20200000
Jul 14 15:49:51 raspberrypi kernel: [   15.664337] cfg80211: Calling CRDA to update world regulatory domain
Jul 14 15:49:51 raspberrypi kernel: [   15.959905] cfg80211: World regulatory domain updated:
Jul 14 15:49:51 raspberrypi kernel: [   15.959926] cfg80211:  DFS Master region: unset
Jul 14 15:49:51 raspberrypi kernel: [   15.959928] cfg80211:   (start_freq - end_freq @ bandwidth), (max_antenna_gain, max_eirp), (dfs_cac_time)
Jul 14 15:49:51 raspberrypi kernel: [   15.959949] cfg80211:   (2402000 KHz - 2472000 KHz @ 40000 KHz), (N/A, 2000 mBm), (N/A)
Jul 14 15:49:51 raspberrypi kernel: [   15.959966] cfg80211:   (2457000 KHz - 2482000 KHz @ 20000 KHz, 92000 KHz AUTO), (N/A, 2000 mBm), (N/A)
Jul 14 15:49:51 raspberrypi kernel: [   15.959978] cfg80211:   (2474000 KHz - 2494000 KHz @ 20000 KHz), (N/A, 2000 mBm), (N/A)
Jul 14 15:49:51 raspberrypi kernel: [   15.959991] cfg80211:   (5170000 KHz - 5250000 KHz @ 80000 KHz, 160000 KHz AUTO), (N/A, 2000 mBm), (N/A)
Jul 14 15:49:51 raspberrypi kernel: [   15.960004] cfg80211:   (5250000 KHz - 5330000 KHz @ 80000 KHz, 160000 KHz AUTO), (N/A, 2000 mBm), (0 s)
Jul 14 15:49:51 raspberrypi kernel: [   15.960015] cfg80211:   (5490000 KHz - 5730000 KHz @ 160000 KHz), (N/A, 2000 mBm), (0 s)
Jul 14 15:49:51 raspberrypi kernel: [   15.960025] cfg80211:   (5735000 KHz - 5835000 KHz @ 80000 KHz), (N/A, 2000 mBm), (N/A)
Jul 14 15:49:51 raspberrypi kernel: [   15.960035] cfg80211:   (57240000 KHz - 63720000 KHz @ 2160000 KHz), (N/A, 0 mBm), (N/A)
Jul 14 15:49:53 raspberrypi kernel: [   17.323621] Adding 102396k swap on /var/swap.  Priority:-1 extents:3 across:200700k SSFS
Jul 14 15:49:53 raspberrypi kernel: [   18.077305] smsc95xx 1-1.1:1.0 eth0: hardware isn't capable of remote wakeup
Jul 14 15:49:53 raspberrypi kernel: [   18.084352] IPv6: ADDRCONF(NETDEV_UP): eth0: link is not ready
Jul 14 15:49:54 raspberrypi kernel: [   18.805464] random: nonblocking pool is initialized
Jul 14 15:49:55 raspberrypi kernel: [   19.642594] smsc95xx 1-1.1:1.0 eth0: link up, 100Mbps, full-duplex, lpa 0xC1E1
Jul 14 15:49:55 raspberrypi kernel: [   19.650979] IPv6: ADDRCONF(NETDEV_CHANGE): eth0: link becomes ready
Jul 14 15:53:28 raspberrypi kernel: [  165.774500] usb 1-1.4-port2: Cannot enable. Maybe the USB cable is bad?
Jul 14 15:53:30 raspberrypi kernel: [  167.033884] usb 1-1.4.2: new low-speed USB device number 12 using dwc_otg
Jul 14 15:53:30 raspberrypi kernel: [  167.153694] usb 1-1.4.2: New USB device found, idVendor=258a, idProduct=0001
Jul 14 15:53:30 raspberrypi kernel: [  167.153733] usb 1-1.4.2: New USB device strings: Mfr=1, Product=2, SerialNumber=0
Jul 14 15:53:30 raspberrypi kernel: [  167.153904] usb 1-1.4.2: Product: USB KEYBOARD
Jul 14 15:53:30 raspberrypi kernel: [  167.153931] usb 1-1.4.2: Manufacturer: SINO WEALTH
Jul 14 15:53:30 raspberrypi kernel: [  167.177495] input: SINO WEALTH USB KEYBOARD as /devices/platform/soc/20980000.usb/usb1/1-1/1-1.4/1-1.4.2/1-1.4.2:1.0/0003:258A:0001.0002/input/input1
Jul 14 15:53:30 raspberrypi kernel: [  167.236202] hid-generic 0003:258A:0001.0002: input,hidraw1: USB HID v1.10 Keyboard [SINO WEALTH USB KEYBOARD] on usb-20980000.usb-1.4.2/input0
Jul 14 15:53:30 raspberrypi kernel: [  167.258870] input: SINO WEALTH USB KEYBOARD as /devices/platform/soc/20980000.usb/usb1/1-1/1-1.4/1-1.4.2/1-1.4.2:1.1/0003:258A:0001.0003/input/input2
Jul 14 15:53:30 raspberrypi kernel: [  167.324324] hid-generic 0003:258A:0001.0003: input,hiddev0,hidraw2: USB HID v1.10 Device [SINO WEALTH USB KEYBOARD] on usb-20980000.usb-1.4.2/input1
Jul 14 15:58:25 raspberrypi kernel: [  462.511693] unexport_store: invalid GPIO 54
Jul 14 15:58:25 raspberrypi kernel: [  462.511997] unexport_store: invalid GPIO 55
Jul 14 15:58:25 raspberrypi kernel: [  462.512302] unexport_store: invalid GPIO 56
Jul 14 15:58:25 raspberrypi kernel: [  462.512613] unexport_store: invalid GPIO 57
Jul 14 15:58:25 raspberrypi kernel: [  462.512922] unexport_store: invalid GPIO 58
Jul 14 15:58:25 raspberrypi kernel: [  462.513228] unexport_store: invalid GPIO 59
Jul 14 15:58:25 raspberrypi kernel: [  462.513653] unexport_store: invalid GPIO 60
Jul 14 15:58:25 raspberrypi kernel: [  462.514041] unexport_store: invalid GPIO 61
Jul 14 15:58:25 raspberrypi kernel: [  462.514348] unexport_store: invalid GPIO 62
Jul 14 15:58:46 raspberrypi kernel: [  483.658460] unexport_store: invalid GPIO 54
Jul 14 15:58:46 raspberrypi kernel: [  483.658785] unexport_store: invalid GPIO 55
Jul 14 15:58:46 raspberrypi kernel: [  483.659092] unexport_store: invalid GPIO 56
Jul 14 15:58:46 raspberrypi kernel: [  483.659404] unexport_store: invalid GPIO 57
Jul 14 15:58:46 raspberrypi kernel: [  483.659711] unexport_store: invalid GPIO 58
Jul 14 15:58:46 raspberrypi kernel: [  483.660017] unexport_store: invalid GPIO 59
Jul 14 15:58:46 raspberrypi kernel: [  483.660323] unexport_store: invalid GPIO 60
Jul 14 15:58:46 raspberrypi kernel: [  483.660631] unexport_store: invalid GPIO 61
Jul 14 15:58:46 raspberrypi kernel: [  483.660941] unexport_store: invalid GPIO 62
Jul 14 15:49:51 raspberrypi kernel: [    0.000000] Booting Linux on physical CPU 0x0
Jul 14 15:49:51 raspberrypi kernel: [    0.000000] Initializing cgroup subsys cpuset
Jul 14 15:49:51 raspberrypi kernel: [    0.000000] Initializing cgroup subsys cpu
Jul 14 15:49:51 raspberrypi kernel: [    0.000000] Initializing cgroup subsys cpuacct
Jul 14 15:49:51 raspberrypi kernel: [    0.000000] Linux version 4.1.21-ipipe+ (harcok@cup) (gcc version 4.8.4 (Ubuntu/Linaro 4.8.4-2ubuntu1~14.04.1) ) #1 Wed Jun 7 11:08:07 CEST 2017
Jul 14 15:49:51 raspberrypi kernel: [    0.000000] CPU: ARMv6-compatible processor [410fb767] revision 7 (ARMv7), cr=00c5387d
Jul 14 15:49:51 raspberrypi kernel: [    0.000000] CPU: PIPT / VIPT nonaliasing data cache, VIPT nonaliasing instruction cache
Jul 14 15:49:51 raspberrypi kernel: [    0.000000] Machine model: Raspberry Pi Model B Plus Rev 1.2
Jul 14 15:49:51 raspberrypi kernel: [    0.000000] Memory policy: Data cache writeback
Jul 14 15:49:51 raspberrypi kernel: [    0.000000] On node 0 totalpages: 114688
Jul 14 15:49:51 raspberrypi kernel: [    0.000000] free_area_init_node: node 0, pgdat c083da80, node_mem_map dbbfcf00
Jul 14 15:49:51 raspberrypi kernel: [    0.000000]   Normal zone: 1008 pages used for memmap
Jul 14 15:49:51 raspberrypi kernel: [    0.000000]   Normal zone: 0 pages reserved
Jul 14 15:49:51 raspberrypi kernel: [    0.000000]   Normal zone: 114688 pages, LIFO batch:31
Jul 14 15:49:51 raspberrypi kernel: [    0.000000] pcpu-alloc: s0 r0 d32768 u32768 alloc=1*32768
Jul 14 15:49:51 raspberrypi kernel: [    0.000000] pcpu-alloc: [0] 0 
Jul 14 15:49:51 raspberrypi kernel: [    0.000000] Built 1 zonelists in Zone order, mobility grouping on.  Total pages: 113680
Jul 14 15:49:51 raspberrypi kernel: [    0.000000] Kernel command line: console=ttyAMA0,115200 kgdboc=ttyAMA0,115200 root=/dev/mmcblk0p2 rootfstype=ext4 rootwait dma.dmachans=0x7f35 bcm2708_fb.fbwidth=1280 bcm2708_fb.fbheight=1024 bcm2708.boardrev=0x10 bcm2708.serial=0xe3614320 smsc95xx.macaddr=B8:27:EB:61:43:20 bcm2708_fb.fbswap=1 bcm2708.uart_clock=3000000 bcm2708.disk_led_gpio=47 bcm2708.disk_led_active_low=0 vc_mem.mem_base=0x1ec00000 vc_mem.mem_size=0x20000000  dwc_otg.lpm_enable=0 console=ttyAMA0,115200 console=tty1 root=/dev/mmcblk0p2 rootfstype=ext4 elevator=deadline fsck.repair=yes rootwait
Jul 14 15:49:51 raspberrypi kernel: [    0.000000] PID hash table entries: 2048 (order: 1, 8192 bytes)
Jul 14 15:49:51 raspberrypi kernel: [    0.000000] Dentry cache hash table entries: 65536 (order: 6, 262144 bytes)
Jul 14 15:49:51 raspberrypi kernel: [    0.000000] Inode-cache hash table entries: 32768 (order: 5, 131072 bytes)
Jul 14 15:49:51 raspberrypi kernel: [    0.000000] Memory: 445124K/458752K available (5832K kernel code, 535K rwdata, 1804K rodata, 272K init, 617K bss, 13628K reserved, 0K cma-reserved)
Jul 14 15:49:51 raspberrypi kernel: [    0.000000] Virtual kernel memory layout:
Jul 14 15:49:51 raspberrypi kernel: [    0.000000]     vector  : 0xffff0000 - 0xffff1000   (   4 kB)
Jul 14 15:49:51 raspberrypi kernel: [    0.000000]     fixmap  : 0xffc00000 - 0xfff00000   (3072 kB)
Jul 14 15:49:51 raspberrypi kernel: [    0.000000]     vmalloc : 0xdc800000 - 0xff000000   ( 552 MB)
Jul 14 15:49:51 raspberrypi kernel: [    0.000000]     lowmem  : 0xc0000000 - 0xdc000000   ( 448 MB)
Jul 14 15:49:51 raspberrypi kernel: [    0.000000]     modules : 0xbf000000 - 0xc0000000   (  16 MB)
Jul 14 15:49:51 raspberrypi kernel: [    0.000000]       .text : 0xc0008000 - 0xc077d3c4   (7637 kB)
Jul 14 15:49:51 raspberrypi kernel: [    0.000000]       .init : 0xc077e000 - 0xc07c2000   ( 272 kB)
Jul 14 15:49:51 raspberrypi kernel: [    0.000000]       .data : 0xc07c2000 - 0xc0847cc8   ( 536 kB)
Jul 14 15:49:51 raspberrypi kernel: [    0.000000]        .bss : 0xc0847cc8 - 0xc08e2140   ( 618 kB)
Jul 14 15:49:51 raspberrypi kernel: [    0.000000] SLUB: HWalign=32, Order=0-3, MinObjects=0, CPUs=1, Nodes=1
Jul 14 15:49:51 raspberrypi kernel: [    0.000000] NR_IRQS:522
Jul 14 15:49:51 raspberrypi kernel: [    0.000000] clocksource stc: mask: 0xffffffff max_cycles: 0xffffffff, max_idle_ns: 1911260446275 ns
Jul 14 15:49:51 raspberrypi kernel: [    0.000016] sched_clock: 32 bits at 1000kHz, resolution 1000ns, wraps every 2147483647500ns
Jul 14 15:49:51 raspberrypi kernel: [    0.000063] Switching to timer-based delay loop, resolution 1000ns
Jul 14 15:49:51 raspberrypi kernel: [    0.000094] I-pipe, 1.000 MHz clocksource, wrap in 4294967 ms
Jul 14 15:49:51 raspberrypi kernel: [    0.000126] clocksource ipipe_tsc: mask: 0xffffffffffffffff max_cycles: 0x1d854df40, max_idle_ns: 3526361616960 ns
Jul 14 15:49:51 raspberrypi kernel: [    0.000633] Interrupt pipeline (release #4)
Jul 14 15:49:51 raspberrypi kernel: [    0.000929] Console: colour dummy device 80x30
Jul 14 15:49:51 raspberrypi kernel: [    0.002297] console [tty1] enabled
Jul 14 15:49:51 raspberrypi kernel: [    0.002360] Calibrating delay loop (skipped), value calculated using timer frequency.. 2.00 BogoMIPS (lpj=10000)
Jul 14 15:49:51 raspberrypi kernel: [    0.002455] pid_max: default: 32768 minimum: 301
Jul 14 15:49:51 raspberrypi kernel: [    0.002684] Mount-cache hash table entries: 1024 (order: 0, 4096 bytes)
Jul 14 15:49:51 raspberrypi kernel: [    0.002755] Mountpoint-cache hash table entries: 1024 (order: 0, 4096 bytes)
Jul 14 15:49:51 raspberrypi kernel: [    0.003874] Initializing cgroup subsys blkio
Jul 14 15:49:51 raspberrypi kernel: [    0.003972] Initializing cgroup subsys memory
Jul 14 15:49:51 raspberrypi kernel: [    0.004046] Initializing cgroup subsys devices
Jul 14 15:49:51 raspberrypi kernel: [    0.004112] Initializing cgroup subsys freezer
Jul 14 15:49:51 raspberrypi kernel: [    0.004176] Initializing cgroup subsys net_cls
Jul 14 15:49:51 raspberrypi kernel: [    0.004303] CPU: Testing write buffer coherency: ok
Jul 14 15:49:51 raspberrypi kernel: [    0.004879] Setting up static identity map for 0x81c0 - 0x81f8
Jul 14 15:49:51 raspberrypi kernel: [    0.007768] devtmpfs: initialized
Jul 14 15:49:51 raspberrypi kernel: [    0.021487] VFP support v0.3: implementor 41 architecture 1 part 20 variant b rev 5
Jul 14 15:49:51 raspberrypi kernel: [    0.021974] clocksource jiffies: mask: 0xffffffff max_cycles: 0xffffffff, max_idle_ns: 19112604462750000 ns
Jul 14 15:49:51 raspberrypi kernel: [    0.023027] pinctrl core: initialized pinctrl subsystem
Jul 14 15:49:51 raspberrypi kernel: [    0.023959] NET: Registered protocol family 16
Jul 14 15:49:51 raspberrypi kernel: [    0.029422] DMA: preallocated 4096 KiB pool for atomic coherent allocations
Jul 14 15:49:51 raspberrypi kernel: [    0.031507] bcm2708.uart_clock = 3000000
Jul 14 15:49:51 raspberrypi kernel: [    0.037760] hw-breakpoint: found 6 breakpoint and 1 watchpoint registers.
Jul 14 15:49:51 raspberrypi kernel: [    0.037850] hw-breakpoint: maximum watchpoint size is 4 bytes.
Jul 14 15:49:51 raspberrypi kernel: [    0.038087] Serial: AMBA PL011 UART driver
Jul 14 15:49:51 raspberrypi kernel: [    0.038453] 20201000.uart: ttyAMA0 at MMIO 0x20201000 (irq = 83, base_baud = 0) is a PL011 rev2
Jul 14 15:49:51 raspberrypi kernel: [    0.429466] console [ttyAMA0] enabled
Jul 14 15:49:51 raspberrypi kernel: [    0.433936] bcm2835-mbox 2000b880.mailbox: mailbox enabled
Jul 14 15:49:51 raspberrypi kernel: [    0.494009] bcm2708-dmaengine 20007000.dma: DMA legacy API manager at f2007000, dmachans=0xf35
Jul 14 15:49:51 raspberrypi kernel: [    0.502900] bcm2708-dmaengine 20007000.dma: Initialized 7 DMA channels (+ 1 legacy)
Jul 14 15:49:51 raspberrypi kernel: [    0.511534] bcm2708-dmaengine 20007000.dma: Load BCM2835 DMA engine driver
Jul 14 15:49:51 raspberrypi kernel: [    0.518537] bcm2708-dmaengine 20007000.dma: dma_debug:0
Jul 14 15:49:51 raspberrypi kernel: [    0.524832] SCSI subsystem initialized
Jul 14 15:49:51 raspberrypi kernel: [    0.529080] usbcore: registered new interface driver usbfs
Jul 14 15:49:51 raspberrypi kernel: [    0.534756] usbcore: registered new interface driver hub
Jul 14 15:49:51 raspberrypi kernel: [    0.540367] usbcore: registered new device driver usb
Jul 14 15:49:51 raspberrypi kernel: [    0.546500] raspberrypi-firmware soc:firmware: Attached to firmware from 2016-05-20 19:01
Jul 14 15:49:51 raspberrypi kernel: [    0.582809] Switched to clocksource ipipe_tsc
Jul 14 15:49:51 raspberrypi kernel: [    0.650332] FS-Cache: Loaded
Jul 14 15:49:51 raspberrypi kernel: [    0.653772] CacheFiles: Loaded
Jul 14 15:49:51 raspberrypi kernel: [    0.675257] NET: Registered protocol family 2
Jul 14 15:49:51 raspberrypi kernel: [    0.681168] TCP established hash table entries: 4096 (order: 2, 16384 bytes)
Jul 14 15:49:51 raspberrypi kernel: [    0.688471] TCP bind hash table entries: 4096 (order: 2, 16384 bytes)
Jul 14 15:49:51 raspberrypi kernel: [    0.695105] TCP: Hash tables configured (established 4096 bind 4096)
Jul 14 15:49:51 raspberrypi kernel: [    0.701742] UDP hash table entries: 256 (order: 0, 4096 bytes)
Jul 14 15:49:51 raspberrypi kernel: [    0.707713] UDP-Lite hash table entries: 256 (order: 0, 4096 bytes)
Jul 14 15:49:51 raspberrypi kernel: [    0.714503] NET: Registered protocol family 1
Jul 14 15:49:51 raspberrypi kernel: [    0.719586] RPC: Registered named UNIX socket transport module.
Jul 14 15:49:51 raspberrypi kernel: [    0.725664] RPC: Registered udp transport module.
Jul 14 15:49:51 raspberrypi kernel: [    0.730409] RPC: Registered tcp transport module.
Jul 14 15:49:51 raspberrypi kernel: [    0.735194] RPC: Registered tcp NFSv4.1 backchannel transport module.
Jul 14 15:49:51 raspberrypi kernel: [    0.743499] hw perfevents: enabled with armv6_1176 PMU driver, 3 counters available
Jul 14 15:49:51 raspberrypi kernel: [    0.752733] futex hash table entries: 256 (order: -1, 3072 bytes)
Jul 14 15:49:51 raspberrypi kernel: [    0.759895] [Xenomai] scheduling class idle registered.
Jul 14 15:49:51 raspberrypi kernel: [    0.765292] [Xenomai] scheduling class rt registered.
Jul 14 15:49:51 raspberrypi kernel: [    0.770662] I-pipe: head domain Xenomai registered.
Jul 14 15:49:51 raspberrypi kernel: [    0.777795] [Xenomai] Cobalt v3.0.5 (Sisyphus's Boulder) 
Jul 14 15:49:51 raspberrypi kernel: [    0.801904] VFS: Disk quotas dquot_6.6.0
Jul 14 15:49:51 raspberrypi kernel: [    0.806539] VFS: Dquot-cache hash table entries: 1024 (order 0, 4096 bytes)
Jul 14 15:49:51 raspberrypi kernel: [    0.816634] FS-Cache: Netfs 'nfs' registered for caching
Jul 14 15:49:51 raspberrypi kernel: [    0.823729] NFS: Registering the id_resolver key type
Jul 14 15:49:51 raspberrypi kernel: [    0.828920] Key type id_resolver registered
Jul 14 15:49:51 raspberrypi kernel: [    0.833286] Key type id_legacy registered
Jul 14 15:49:51 raspberrypi kernel: [    0.841678] Block layer SCSI generic (bsg) driver version 0.4 loaded (major 250)
Jul 14 15:49:51 raspberrypi kernel: [    0.849803] io scheduler noop registered
Jul 14 15:49:51 raspberrypi kernel: [    0.853953] io scheduler deadline registered (default)
Jul 14 15:49:51 raspberrypi kernel: [    0.859621] io scheduler cfq registered
Jul 14 15:49:51 raspberrypi kernel: [    0.865190] BCM2708FB: allocated DMA memory 5b6a0000
Jul 14 15:49:51 raspberrypi kernel: [    0.870272] BCM2708FB: allocated DMA channel 0 @ f2007000
Jul 14 15:49:51 raspberrypi kernel: [    0.893722] Console: switching to colour frame buffer device 160x64
Jul 14 15:49:51 raspberrypi kernel: [    0.913808] Serial: 8250/16550 driver, 0 ports, IRQ sharing disabled
Jul 14 15:49:51 raspberrypi kernel: [    0.922303] vc-mem: phys_addr:0x00000000 mem_base=0x1ec00000 mem_size:0x20000000(512 MiB)
Jul 14 15:49:51 raspberrypi kernel: [    0.954414] brd: module loaded
Jul 14 15:49:51 raspberrypi kernel: [    0.968756] loop: module loaded
Jul 14 15:49:51 raspberrypi kernel: [    0.973299] vchiq: vchiq_init_state: slot_zero = 0xdcd42000, is_master = 0
Jul 14 15:49:51 raspberrypi kernel: [    0.982994] Loading iSCSI transport class v2.0-870.
Jul 14 15:49:51 raspberrypi kernel: [    0.989595] usbcore: registered new interface driver smsc95xx
Jul 14 15:49:51 raspberrypi kernel: [    0.995895] dwc_otg: version 3.00a 10-AUG-2012 (platform bus)
Jul 14 15:49:51 raspberrypi kernel: [    1.202258] Core Release: 2.80a
Jul 14 15:49:51 raspberrypi kernel: [    1.205652] Setting default values for core params
Jul 14 15:49:51 raspberrypi kernel: [    1.210613] Finished setting default values for core params
Jul 14 15:49:51 raspberrypi kernel: [    1.416831] Using Buffer DMA mode
Jul 14 15:49:51 raspberrypi kernel: [    1.420263] Periodic Transfer Interrupt Enhancement - disabled
Jul 14 15:49:51 raspberrypi kernel: [    1.426288] Multiprocessor Interrupt Enhancement - disabled
Jul 14 15:49:51 raspberrypi kernel: [    1.431996] OTG VER PARAM: 0, OTG VER FLAG: 0
Jul 14 15:49:51 raspberrypi kernel: [    1.436588] Dedicated Tx FIFOs mode
Jul 14 15:49:51 raspberrypi kernel: [    1.440539] WARN::dwc_otg_hcd_init:1047: FIQ DMA bounce buffers: virt = 0xdcd8c000 dma = 0x5a818000 len=9024
Jul 14 15:49:51 raspberrypi kernel: [    1.450685] FIQ FSM acceleration enabled for :
Jul 14 15:49:51 raspberrypi kernel: [    1.450685] Non-periodic Split Transactions
Jul 14 15:49:51 raspberrypi kernel: [    1.450685] Periodic Split Transactions
Jul 14 15:49:51 raspberrypi kernel: [    1.450685] High-Speed Isochronous Endpoints
Jul 14 15:49:51 raspberrypi kernel: [    1.467785] dwc_otg: Microframe scheduler enabled
Jul 14 15:49:51 raspberrypi kernel: [    1.467864] WARN::hcd_init_fiq:412: FIQ on core 0 at 0xc03e9d2c
Jul 14 15:49:51 raspberrypi kernel: [    1.473929] WARN::hcd_init_fiq:413: FIQ ASM at 0xc03ea004 length 36
Jul 14 15:49:51 raspberrypi kernel: [    1.480344] WARN::hcd_init_fiq:438: MPHI regs_base at 0xdcd86000
Jul 14 15:49:51 raspberrypi kernel: [    1.486714] dwc_otg 20980000.usb: DWC OTG Controller
Jul 14 15:49:51 raspberrypi kernel: [    1.491871] dwc_otg 20980000.usb: new USB bus registered, assigned bus number 1
Jul 14 15:49:51 raspberrypi kernel: [    1.499476] dwc_otg 20980000.usb: irq 32, io mem 0x00000000
Jul 14 15:49:51 raspberrypi kernel: [    1.505291] Init: Port Power? op_state=1
Jul 14 15:49:51 raspberrypi kernel: [    1.509315] Init: Power Port (0)
Jul 14 15:49:51 raspberrypi kernel: [    1.518972] usb usb1: New USB device found, idVendor=1d6b, idProduct=0002
Jul 14 15:49:51 raspberrypi kernel: [    1.531778] usb usb1: New USB device strings: Mfr=3, Product=2, SerialNumber=1
Jul 14 15:49:51 raspberrypi kernel: [    1.544944] usb usb1: Product: DWC OTG Controller
Jul 14 15:49:51 raspberrypi kernel: [    1.555509] usb usb1: Manufacturer: Linux 4.1.21-ipipe+ dwc_otg_hcd
Jul 14 15:49:51 raspberrypi kernel: [    1.567655] usb usb1: SerialNumber: 20980000.usb
Jul 14 15:49:51 raspberrypi kernel: [    1.579403] hub 1-0:1.0: USB hub found
Jul 14 15:49:51 raspberrypi kernel: [    1.589274] hub 1-0:1.0: 1 port detected
Jul 14 15:49:51 raspberrypi kernel: [    1.599930] dwc_otg: FIQ enabled
Jul 14 15:49:51 raspberrypi kernel: [    1.599956] dwc_otg: NAK holdoff enabled
Jul 14 15:49:51 raspberrypi kernel: [    1.599970] dwc_otg: FIQ split-transaction FSM enabled
Jul 14 15:49:51 raspberrypi kernel: [    1.600035] Module dwc_common_port init
Jul 14 15:49:51 raspberrypi kernel: [    1.600709] usbcore: registered new interface driver usb-storage
Jul 14 15:49:51 raspberrypi kernel: [    1.613463] mousedev: PS/2 mouse device common for all mice
Jul 14 15:49:51 raspberrypi kernel: [    1.626244] sdhci: Secure Digital Host Controller Interface driver
Jul 14 15:49:51 raspberrypi kernel: [    1.638387] sdhci: Copyright(c) Pierre Ossman
Jul 14 15:49:51 raspberrypi kernel: [    1.649038] sdhost: log_buf @ dcd92000 (5b7f4000)
Jul 14 15:49:51 raspberrypi kernel: [    1.732934] mmc0: sdhost-bcm2835 loaded - DMA enabled (>1)
Jul 14 15:49:51 raspberrypi kernel: [    1.765343] sdhci-pltfm: SDHCI platform and OF driver helper
Jul 14 15:49:51 raspberrypi kernel: [    1.783902] ledtrig-cpu: registered to indicate activity on CPUs
Jul 14 15:49:51 raspberrypi kernel: [    1.796194] Indeed it is in host mode hprt0 = 00021501
Jul 14 15:49:51 raspberrypi kernel: [    1.873200] hidraw: raw HID events driver (C) Jiri Kosina
Jul 14 15:49:51 raspberrypi kernel: [    1.888554] usbcore: registered new interface driver usbhid
Jul 14 15:49:51 raspberrypi kernel: [    1.900189] usbhid: USB HID core driver
Jul 14 15:49:51 raspberrypi kernel: [    1.913224] Initializing XFRM netlink socket
Jul 14 15:49:51 raspberrypi kernel: [    1.924680] NET: Registered protocol family 17
Jul 14 15:49:51 raspberrypi kernel: [    1.935977] Key type dns_resolver registered
Jul 14 15:49:51 raspberrypi kernel: [    1.953185] registered taskstats version 1
Jul 14 15:49:51 raspberrypi kernel: [    1.964601] vc-sm: Videocore shared memory driver
Jul 14 15:49:51 raspberrypi kernel: [    1.975737] [vc_sm_connected_init]: start
Jul 14 15:49:51 raspberrypi kernel: [    1.985841] mmc0: host does not support reading read-only switch, assuming write-enable
Jul 14 15:49:51 raspberrypi kernel: [    2.001719] [vc_sm_connected_init]: end - returning 0
Jul 14 15:49:51 raspberrypi kernel: [    2.016478] Waiting for root device /dev/mmcblk0p2...
Jul 14 15:49:51 raspberrypi kernel: [    2.028443] mmc0: new high speed SDHC card at address aaaa
Jul 14 15:49:51 raspberrypi kernel: [    2.041207] mmcblk0: mmc0:aaaa SL16G 14.8 GiB 
Jul 14 15:49:51 raspberrypi kernel: [    2.052994] usb 1-1: new high-speed USB device number 2 using dwc_otg
Jul 14 15:49:51 raspberrypi kernel: [    2.066180] Indeed it is in host mode hprt0 = 00001101
Jul 14 15:49:51 raspberrypi kernel: [    2.137697]  mmcblk0: p1 p2
Jul 14 15:49:51 raspberrypi kernel: [    2.249506] EXT4-fs (mmcblk0p2): INFO: recovery required on readonly filesystem
Jul 14 15:49:51 raspberrypi kernel: [    2.263045] EXT4-fs (mmcblk0p2): write access will be enabled during recovery
Jul 14 15:49:51 raspberrypi kernel: [    2.293743] usb 1-1: New USB device found, idVendor=0424, idProduct=9514
Jul 14 15:49:51 raspberrypi kernel: [    2.306559] usb 1-1: New USB device strings: Mfr=0, Product=0, SerialNumber=0
Jul 14 15:49:51 raspberrypi kernel: [    2.321435] hub 1-1:1.0: USB hub found
Jul 14 15:49:51 raspberrypi kernel: [    2.334167] hub 1-1:1.0: 5 ports detected
Jul 14 15:49:51 raspberrypi kernel: [    2.618114] EXT4-fs (mmcblk0p2): recovery complete
Jul 14 15:49:51 raspberrypi kernel: [    2.629081] usb 1-1.1: new high-speed USB device number 3 using dwc_otg
Jul 14 15:49:51 raspberrypi kernel: [    2.648065] EXT4-fs (mmcblk0p2): mounted filesystem with ordered data mode. Opts: (null)
Jul 14 15:49:51 raspberrypi kernel: [    2.662917] VFS: Mounted root (ext4 filesystem) readonly on device 179:2.
Jul 14 15:49:51 raspberrypi kernel: [    2.688543] devtmpfs: mounted
Jul 14 15:49:51 raspberrypi kernel: [    2.698573] Freeing unused kernel memory: 272K (c077e000 - c07c2000)
Jul 14 15:49:51 raspberrypi kernel: [    2.733742] usb 1-1.1: New USB device found, idVendor=0424, idProduct=ec00
Jul 14 15:49:51 raspberrypi kernel: [    2.746774] usb 1-1.1: New USB device strings: Mfr=0, Product=0, SerialNumber=0
Jul 14 15:49:51 raspberrypi kernel: [    2.765041] smsc95xx v1.0.4
Jul 14 15:49:51 raspberrypi kernel: [    2.843185] smsc95xx 1-1.1:1.0 eth0: register 'smsc95xx' at usb-20980000.usb-1.1, smsc95xx USB 2.0 Ethernet, b8:27:eb:61:43:20
Jul 14 15:49:51 raspberrypi kernel: [    2.952985] usb 1-1.4: new high-speed USB device number 4 using dwc_otg
Jul 14 15:49:51 raspberrypi kernel: [    3.066954] usb 1-1.4: New USB device found, idVendor=05e3, idProduct=0610
Jul 14 15:49:51 raspberrypi kernel: [    3.080325] usb 1-1.4: New USB device strings: Mfr=1, Product=2, SerialNumber=0
Jul 14 15:49:51 raspberrypi kernel: [    3.093925] usb 1-1.4: Product: USB2.0 Hub
Jul 14 15:49:51 raspberrypi kernel: [    3.104184] usb 1-1.4: Manufacturer: GenesysLogic
Jul 14 15:49:51 raspberrypi kernel: [    3.116873] hub 1-1.4:1.0: USB hub found
Jul 14 15:49:51 raspberrypi kernel: [    3.128395] hub 1-1.4:1.0: 4 ports detected
Jul 14 15:49:51 raspberrypi kernel: [    3.202421] random: systemd urandom read with 64 bits of entropy available
Jul 14 15:49:51 raspberrypi kernel: [    3.423224] NET: Registered protocol family 10
Jul 14 15:49:51 raspberrypi kernel: [    3.447632] usb 1-1.4.1: new low-speed USB device number 5 using dwc_otg
Jul 14 15:49:51 raspberrypi kernel: [    3.573062] usb 1-1.4.1: New USB device found, idVendor=045e, idProduct=0040
Jul 14 15:49:51 raspberrypi kernel: [    3.586722] usb 1-1.4.1: New USB device strings: Mfr=1, Product=3, SerialNumber=0
Jul 14 15:49:51 raspberrypi kernel: [    3.600689] usb 1-1.4.1: Product: Microsoft 3-Button Mouse with IntelliEye(TM)
Jul 14 15:49:51 raspberrypi kernel: [    3.614392] usb 1-1.4.1: Manufacturer: Microsoft
Jul 14 15:49:51 raspberrypi kernel: [    3.696669] input: Microsoft Microsoft 3-Button Mouse with IntelliEye(TM) as /devices/platform/soc/20980000.usb/usb1/1-1/1-1.4/1-1.4.1/1-1.4.1:1.0/0003:045E:0040.0001/input/input0
Jul 14 15:49:51 raspberrypi kernel: [    3.757154] uart-pl011 20201000.uart: no DMA platform data
Jul 14 15:49:51 raspberrypi kernel: [    3.770470] hid-generic 0003:045E:0040.0001: input,hidraw0: USB HID v1.10 Mouse [Microsoft Microsoft 3-Button Mouse with IntelliEye(TM)] on usb-20980000.usb-1.4.1/input0
Jul 14 15:49:51 raspberrypi kernel: [    4.693038] usb 1-1.4-port2: Cannot enable. Maybe the USB cable is bad?
Jul 14 15:49:51 raspberrypi kernel: [    5.602133] usb 1-1.4-port2: Cannot enable. Maybe the USB cable is bad?
Jul 14 15:49:51 raspberrypi kernel: [    6.483615] usb 1-1.4-port2: Cannot enable. Maybe the USB cable is bad?
Jul 14 15:49:51 raspberrypi kernel: [    7.373525] usb 1-1.4-port2: Cannot enable. Maybe the USB cable is bad?
Jul 14 15:49:51 raspberrypi kernel: [    7.374228] usb 1-1.4-port2: unable to enumerate USB device
Jul 14 15:49:51 raspberrypi kernel: [    9.562208] bcm2835-rng 20104000.rng: hwrng registered
Jul 14 15:49:51 raspberrypi kernel: [   10.270767] EXT4-fs (mmcblk0p2): re-mounted. Opts: (null)
Jul 14 15:49:51 raspberrypi kernel: [   14.085943] gpiomem-bcm2835 20200000.gpiomem: Initialised: Registers at 0x20200000
Jul 14 15:49:51 raspberrypi kernel: [   16.004021] cfg80211: Calling CRDA to update world regulatory domain
Jul 14 15:49:51 raspberrypi kernel: [   16.279315] cfg80211: World regulatory domain updated:
Jul 14 15:49:51 raspberrypi kernel: [   16.279363] cfg80211:  DFS Master region: unset
Jul 14 15:49:51 raspberrypi kernel: [   16.279381] cfg80211:   (start_freq - end_freq @ bandwidth), (max_antenna_gain, max_eirp), (dfs_cac_time)
Jul 14 15:49:51 raspberrypi kernel: [   16.279406] cfg80211:   (2402000 KHz - 2472000 KHz @ 40000 KHz), (N/A, 2000 mBm), (N/A)
Jul 14 15:49:51 raspberrypi kernel: [   16.279430] cfg80211:   (2457000 KHz - 2482000 KHz @ 20000 KHz, 92000 KHz AUTO), (N/A, 2000 mBm), (N/A)
Jul 14 15:49:51 raspberrypi kernel: [   16.279449] cfg80211:   (2474000 KHz - 2494000 KHz @ 20000 KHz), (N/A, 2000 mBm), (N/A)
Jul 14 15:49:51 raspberrypi kernel: [   16.279471] cfg80211:   (5170000 KHz - 5250000 KHz @ 80000 KHz, 160000 KHz AUTO), (N/A, 2000 mBm), (N/A)
Jul 14 15:49:51 raspberrypi kernel: [   16.279493] cfg80211:   (5250000 KHz - 5330000 KHz @ 80000 KHz, 160000 KHz AUTO), (N/A, 2000 mBm), (0 s)
Jul 14 15:49:51 raspberrypi kernel: [   16.279511] cfg80211:   (5490000 KHz - 5730000 KHz @ 160000 KHz), (N/A, 2000 mBm), (0 s)
Jul 14 15:49:51 raspberrypi kernel: [   16.279530] cfg80211:   (5735000 KHz - 5835000 KHz @ 80000 KHz), (N/A, 2000 mBm), (N/A)
Jul 14 15:49:51 raspberrypi kernel: [   16.279548] cfg80211:   (57240000 KHz - 63720000 KHz @ 2160000 KHz), (N/A, 0 mBm), (N/A)
Jul 14 15:49:53 raspberrypi kernel: [   17.679259] Adding 102396k swap on /var/swap.  Priority:-1 extents:3 across:200700k SSFS
Jul 14 15:49:53 raspberrypi kernel: [   18.426729] random: nonblocking pool is initialized
Jul 14 15:49:53 raspberrypi kernel: [   18.427413] smsc95xx 1-1.1:1.0 eth0: hardware isn't capable of remote wakeup
Jul 14 15:49:53 raspberrypi kernel: [   18.434558] IPv6: ADDRCONF(NETDEV_UP): eth0: link is not ready
Jul 14 15:49:55 raspberrypi kernel: [   20.088661] smsc95xx 1-1.1:1.0 eth0: link up, 100Mbps, full-duplex, lpa 0xC1E1
Jul 14 15:49:55 raspberrypi kernel: [   20.097154] IPv6: ADDRCONF(NETDEV_CHANGE): eth0: link becomes ready
Jul 14 15:50:00 raspberrypi kernel: [   24.823567] usb 1-1.4.1: USB disconnect, device number 5
Jul 14 15:50:00 raspberrypi kernel: [   25.152954] usb 1-1.4.1: new low-speed USB device number 10 using dwc_otg
Jul 14 15:50:00 raspberrypi kernel: [   25.262476] usb 1-1.4.1: New USB device found, idVendor=045e, idProduct=0040
Jul 14 15:50:00 raspberrypi kernel: [   25.262517] usb 1-1.4.1: New USB device strings: Mfr=1, Product=3, SerialNumber=0
Jul 14 15:50:00 raspberrypi kernel: [   25.262537] usb 1-1.4.1: Product: Microsoft 3-Button Mouse with IntelliEye(TM)
Jul 14 15:50:00 raspberrypi kernel: [   25.262558] usb 1-1.4.1: Manufacturer: Microsoft
Jul 14 15:50:00 raspberrypi kernel: [   25.282216] input: Microsoft Microsoft 3-Button Mouse with IntelliEye(TM) as /devices/platform/soc/20980000.usb/usb1/1-1/1-1.4/1-1.4.1/1-1.4.1:1.0/0003:045E:0040.0002/input/input1
Jul 14 15:50:00 raspberrypi kernel: [   25.344898] hid-generic 0003:045E:0040.0002: input,hidraw0: USB HID v1.10 Mouse [Microsoft Microsoft 3-Button Mouse with IntelliEye(TM)] on usb-20980000.usb-1.4.1/input0
Jul 14 15:50:01 raspberrypi kernel: [   25.592954] usb 1-1.4.2: new low-speed USB device number 11 using dwc_otg
Jul 14 15:50:01 raspberrypi kernel: [   25.708537] usb 1-1.4.2: New USB device found, idVendor=258a, idProduct=0001
Jul 14 15:50:01 raspberrypi kernel: [   25.708576] usb 1-1.4.2: New USB device strings: Mfr=1, Product=2, SerialNumber=0
Jul 14 15:50:01 raspberrypi kernel: [   25.708596] usb 1-1.4.2: Product: USB KEYBOARD
Jul 14 15:50:01 raspberrypi kernel: [   25.708613] usb 1-1.4.2: Manufacturer: SINO WEALTH
Jul 14 15:50:01 raspberrypi kernel: [   25.732444] input: SINO WEALTH USB KEYBOARD as /devices/platform/soc/20980000.usb/usb1/1-1/1-1.4/1-1.4.2/1-1.4.2:1.0/0003:258A:0001.0003/input/input2
Jul 14 15:50:01 raspberrypi kernel: [   25.785159] hid-generic 0003:258A:0001.0003: input,hidraw1: USB HID v1.10 Keyboard [SINO WEALTH USB KEYBOARD] on usb-20980000.usb-1.4.2/input0
Jul 14 15:50:01 raspberrypi kernel: [   25.812489] input: SINO WEALTH USB KEYBOARD as /devices/platform/soc/20980000.usb/usb1/1-1/1-1.4/1-1.4.2/1-1.4.2:1.1/0003:258A:0001.0004/input/input3
Jul 14 15:50:01 raspberrypi kernel: [   25.868328] hid-generic 0003:258A:0001.0004: input,hiddev0,hidraw2: USB HID v1.10 Device [SINO WEALTH USB KEYBOARD] on usb-20980000.usb-1.4.2/input1
Jul 14 16:18:31 raspberrypi kernel: [  485.019591] [Xenomai] cannot request GPIO23
Jul 14 16:18:37 raspberrypi kernel: [  490.887097] unexport_store: invalid GPIO 54
Jul 14 16:18:37 raspberrypi kernel: [  490.887581] unexport_store: invalid GPIO 55
Jul 14 16:18:37 raspberrypi kernel: [  490.887914] unexport_store: invalid GPIO 56
Jul 14 16:18:37 raspberrypi kernel: [  490.888225] unexport_store: invalid GPIO 57
Jul 14 16:18:37 raspberrypi kernel: [  490.888536] unexport_store: invalid GPIO 58
Jul 14 16:18:37 raspberrypi kernel: [  490.888842] unexport_store: invalid GPIO 59
Jul 14 16:18:37 raspberrypi kernel: [  490.889148] unexport_store: invalid GPIO 60
Jul 14 16:18:37 raspberrypi kernel: [  490.889456] unexport_store: invalid GPIO 61
Jul 14 16:18:37 raspberrypi kernel: [  490.889758] unexport_store: invalid GPIO 62
Jul 14 16:18:43 raspberrypi kernel: [  497.227156] unexport_store: invalid GPIO 54
Jul 14 16:18:43 raspberrypi kernel: [  497.227475] unexport_store: invalid GPIO 55
Jul 14 16:18:43 raspberrypi kernel: [  497.227781] unexport_store: invalid GPIO 56
Jul 14 16:18:43 raspberrypi kernel: [  497.228086] unexport_store: invalid GPIO 57
Jul 14 16:18:43 raspberrypi kernel: [  497.228389] unexport_store: invalid GPIO 58
Jul 14 16:18:43 raspberrypi kernel: [  497.228695] unexport_store: invalid GPIO 59
Jul 14 16:18:43 raspberrypi kernel: [  497.229083] unexport_store: invalid GPIO 60
Jul 14 16:18:43 raspberrypi kernel: [  497.229494] unexport_store: invalid GPIO 61
Jul 14 16:18:43 raspberrypi kernel: [  497.229818] unexport_store: invalid GPIO 62
Jul 14 16:18:50 raspberrypi kernel: [  503.560398] unexport_store: invalid GPIO 54
Jul 14 16:18:50 raspberrypi kernel: [  503.560713] unexport_store: invalid GPIO 55
Jul 14 16:18:50 raspberrypi kernel: [  503.561121] unexport_store: invalid GPIO 56
Jul 14 16:18:50 raspberrypi kernel: [  503.561518] unexport_store: invalid GPIO 57
Jul 14 16:18:50 raspberrypi kernel: [  503.561823] unexport_store: invalid GPIO 58
Jul 14 16:18:50 raspberrypi kernel: [  503.562123] unexport_store: invalid GPIO 59
Jul 14 16:18:50 raspberrypi kernel: [  503.562429] unexport_store: invalid GPIO 60
Jul 14 16:18:50 raspberrypi kernel: [  503.562731] unexport_store: invalid GPIO 61
Jul 14 16:18:50 raspberrypi kernel: [  503.563032] unexport_store: invalid GPIO 62
Jul 14 16:18:56 raspberrypi kernel: [  509.852933] unexport_store: invalid GPIO 54
Jul 14 16:18:56 raspberrypi kernel: [  509.853252] unexport_store: invalid GPIO 55
Jul 14 16:18:56 raspberrypi kernel: [  509.853567] unexport_store: invalid GPIO 56
Jul 14 16:18:56 raspberrypi kernel: [  509.853871] unexport_store: invalid GPIO 57
Jul 14 16:18:56 raspberrypi kernel: [  509.854181] unexport_store: invalid GPIO 58
Jul 14 16:18:56 raspberrypi kernel: [  509.854488] unexport_store: invalid GPIO 59
Jul 14 16:18:56 raspberrypi kernel: [  509.854883] unexport_store: invalid GPIO 60
Jul 14 16:18:56 raspberrypi kernel: [  509.855292] unexport_store: invalid GPIO 61
Jul 14 16:18:56 raspberrypi kernel: [  509.855608] unexport_store: invalid GPIO 62
Jul 14 16:19:02 raspberrypi kernel: [  516.127449] unexport_store: invalid GPIO 54
Jul 14 16:19:02 raspberrypi kernel: [  516.127853] unexport_store: invalid GPIO 55
Jul 14 16:19:02 raspberrypi kernel: [  516.128251] unexport_store: invalid GPIO 56
Jul 14 16:19:02 raspberrypi kernel: [  516.128684] unexport_store: invalid GPIO 57
Jul 14 16:19:02 raspberrypi kernel: [  516.129089] unexport_store: invalid GPIO 58
Jul 14 16:19:02 raspberrypi kernel: [  516.129410] unexport_store: invalid GPIO 59
Jul 14 16:19:02 raspberrypi kernel: [  516.129714] unexport_store: invalid GPIO 60
Jul 14 16:19:02 raspberrypi kernel: [  516.130018] unexport_store: invalid GPIO 61
Jul 14 16:19:02 raspberrypi kernel: [  516.130320] unexport_store: invalid GPIO 62
Jul 14 16:22:12 raspberrypi kernel: [  705.379215] unexport_store: invalid GPIO 54
Jul 14 16:22:12 raspberrypi kernel: [  705.379537] unexport_store: invalid GPIO 55
Jul 14 16:22:12 raspberrypi kernel: [  705.379842] unexport_store: invalid GPIO 56
Jul 14 16:22:12 raspberrypi kernel: [  705.380145] unexport_store: invalid GPIO 57
Jul 14 16:22:12 raspberrypi kernel: [  705.380550] unexport_store: invalid GPIO 58
Jul 14 16:22:12 raspberrypi kernel: [  705.380946] unexport_store: invalid GPIO 59
Jul 14 16:22:12 raspberrypi kernel: [  705.381258] unexport_store: invalid GPIO 60
Jul 14 16:22:12 raspberrypi kernel: [  705.381560] unexport_store: invalid GPIO 61
Jul 14 16:22:12 raspberrypi kernel: [  705.381868] unexport_store: invalid GPIO 62
Jul 14 16:22:18 raspberrypi kernel: [  711.796613] unexport_store: invalid GPIO 54
Jul 14 16:22:18 raspberrypi kernel: [  711.796924] unexport_store: invalid GPIO 55
Jul 14 16:22:18 raspberrypi kernel: [  711.797302] unexport_store: invalid GPIO 56
Jul 14 16:22:18 raspberrypi kernel: [  711.800709] unexport_store: invalid GPIO 57
Jul 14 16:22:18 raspberrypi kernel: [  711.801175] unexport_store: invalid GPIO 58
Jul 14 16:22:18 raspberrypi kernel: [  711.801495] unexport_store: invalid GPIO 59
Jul 14 16:22:18 raspberrypi kernel: [  711.801805] unexport_store: invalid GPIO 60
Jul 14 16:22:18 raspberrypi kernel: [  711.802205] unexport_store: invalid GPIO 61
Jul 14 16:22:18 raspberrypi kernel: [  711.802627] unexport_store: invalid GPIO 62
Jul 14 16:22:24 raspberrypi kernel: [  718.227248] unexport_store: invalid GPIO 54
Jul 14 16:22:24 raspberrypi kernel: [  718.227667] unexport_store: invalid GPIO 55
Jul 14 16:22:24 raspberrypi kernel: [  718.233545] unexport_store: invalid GPIO 56
Jul 14 16:22:24 raspberrypi kernel: [  718.233890] unexport_store: invalid GPIO 57
Jul 14 16:22:24 raspberrypi kernel: [  718.234207] unexport_store: invalid GPIO 58
Jul 14 16:22:24 raspberrypi kernel: [  718.234516] unexport_store: invalid GPIO 59
Jul 14 16:22:24 raspberrypi kernel: [  718.234822] unexport_store: invalid GPIO 60
Jul 14 16:22:24 raspberrypi kernel: [  718.235253] unexport_store: invalid GPIO 61
Jul 14 16:22:24 raspberrypi kernel: [  718.235658] unexport_store: invalid GPIO 62
Jul 14 16:22:31 raspberrypi kernel: [  724.665427] unexport_store: invalid GPIO 54
Jul 14 16:22:31 raspberrypi kernel: [  724.665744] unexport_store: invalid GPIO 55
Jul 14 16:22:31 raspberrypi kernel: [  724.666044] unexport_store: invalid GPIO 56
Jul 14 16:22:31 raspberrypi kernel: [  724.666346] unexport_store: invalid GPIO 57
Jul 14 16:22:31 raspberrypi kernel: [  724.666653] unexport_store: invalid GPIO 58
Jul 14 16:22:31 raspberrypi kernel: [  724.666956] unexport_store: invalid GPIO 59
Jul 14 16:22:31 raspberrypi kernel: [  724.667260] unexport_store: invalid GPIO 60
Jul 14 16:22:31 raspberrypi kernel: [  724.667562] unexport_store: invalid GPIO 61
Jul 14 16:22:31 raspberrypi kernel: [  724.675419] unexport_store: invalid GPIO 62
Jul 14 16:22:37 raspberrypi kernel: [  730.994030] unexport_store: invalid GPIO 54
Jul 14 16:22:37 raspberrypi kernel: [  730.994346] unexport_store: invalid GPIO 55
Jul 14 16:22:37 raspberrypi kernel: [  730.994647] unexport_store: invalid GPIO 56
Jul 14 16:22:37 raspberrypi kernel: [  730.994949] unexport_store: invalid GPIO 57
Jul 14 16:22:37 raspberrypi kernel: [  730.995250] unexport_store: invalid GPIO 58
Jul 14 16:22:37 raspberrypi kernel: [  730.995553] unexport_store: invalid GPIO 59
Jul 14 16:22:37 raspberrypi kernel: [  730.995858] unexport_store: invalid GPIO 60
Jul 14 16:22:37 raspberrypi kernel: [  730.996159] unexport_store: invalid GPIO 61
Jul 14 16:22:37 raspberrypi kernel: [  730.996463] unexport_store: invalid GPIO 62
Jul 14 16:22:43 raspberrypi kernel: [  737.324494] unexport_store: invalid GPIO 54
Jul 14 16:22:43 raspberrypi kernel: [  737.324817] unexport_store: invalid GPIO 55
Jul 14 16:22:43 raspberrypi kernel: [  737.325122] unexport_store: invalid GPIO 56
Jul 14 16:22:43 raspberrypi kernel: [  737.325427] unexport_store: invalid GPIO 57
Jul 14 16:22:43 raspberrypi kernel: [  737.325825] unexport_store: invalid GPIO 58
Jul 14 16:22:43 raspberrypi kernel: [  737.326224] unexport_store: invalid GPIO 59
Jul 14 16:22:43 raspberrypi kernel: [  737.326541] unexport_store: invalid GPIO 60
Jul 14 16:22:43 raspberrypi kernel: [  737.327065] unexport_store: invalid GPIO 61
Jul 14 16:22:43 raspberrypi kernel: [  737.327392] unexport_store: invalid GPIO 62
Jul 14 16:22:50 raspberrypi kernel: [  743.655605] unexport_store: invalid GPIO 54
Jul 14 16:22:50 raspberrypi kernel: [  743.656048] unexport_store: invalid GPIO 55
Jul 14 16:22:50 raspberrypi kernel: [  743.656373] unexport_store: invalid GPIO 56
Jul 14 16:22:50 raspberrypi kernel: [  743.656687] unexport_store: invalid GPIO 57
Jul 14 16:22:50 raspberrypi kernel: [  743.656996] unexport_store: invalid GPIO 58
Jul 14 16:22:50 raspberrypi kernel: [  743.657306] unexport_store: invalid GPIO 59
Jul 14 16:22:50 raspberrypi kernel: [  743.657710] unexport_store: invalid GPIO 60
Jul 14 16:22:50 raspberrypi kernel: [  743.665215] unexport_store: invalid GPIO 61
Jul 14 16:22:50 raspberrypi kernel: [  743.665575] unexport_store: invalid GPIO 62
Jul 14 16:22:56 raspberrypi kernel: [  749.989251] unexport_store: invalid GPIO 54
Jul 14 16:22:56 raspberrypi kernel: [  749.989571] unexport_store: invalid GPIO 55
Jul 14 16:22:56 raspberrypi kernel: [  749.989876] unexport_store: invalid GPIO 56
Jul 14 16:22:56 raspberrypi kernel: [  749.990181] unexport_store: invalid GPIO 57
Jul 14 16:22:56 raspberrypi kernel: [  749.990489] unexport_store: invalid GPIO 58
Jul 14 16:22:56 raspberrypi kernel: [  749.990796] unexport_store: invalid GPIO 59
Jul 14 16:22:56 raspberrypi kernel: [  749.991103] unexport_store: invalid GPIO 60
Jul 14 16:22:56 raspberrypi kernel: [  749.991500] unexport_store: invalid GPIO 61
Jul 14 16:22:56 raspberrypi kernel: [  749.991912] unexport_store: invalid GPIO 62
Jul 14 16:23:02 raspberrypi kernel: [  756.324999] unexport_store: invalid GPIO 54
Jul 14 16:23:02 raspberrypi kernel: [  756.325325] unexport_store: invalid GPIO 55
Jul 14 16:23:02 raspberrypi kernel: [  756.325635] unexport_store: invalid GPIO 56
Jul 14 16:23:02 raspberrypi kernel: [  756.325939] unexport_store: invalid GPIO 57
Jul 14 16:23:02 raspberrypi kernel: [  756.326241] unexport_store: invalid GPIO 58
Jul 14 16:23:02 raspberrypi kernel: [  756.326549] unexport_store: invalid GPIO 59
Jul 14 16:23:02 raspberrypi kernel: [  756.326857] unexport_store: invalid GPIO 60
Jul 14 16:23:02 raspberrypi kernel: [  756.327164] unexport_store: invalid GPIO 61
Jul 14 16:23:02 raspberrypi kernel: [  756.327469] unexport_store: invalid GPIO 62
Jul 14 16:23:09 raspberrypi kernel: [  762.736634] unexport_store: invalid GPIO 54
Jul 14 16:23:09 raspberrypi kernel: [  762.736949] unexport_store: invalid GPIO 55
Jul 14 16:23:09 raspberrypi kernel: [  762.737355] unexport_store: invalid GPIO 56
Jul 14 16:23:09 raspberrypi kernel: [  762.737756] unexport_store: invalid GPIO 57
Jul 14 16:23:09 raspberrypi kernel: [  762.758477] unexport_store: invalid GPIO 58
Jul 14 16:23:09 raspberrypi kernel: [  762.758902] unexport_store: invalid GPIO 59
Jul 14 16:23:09 raspberrypi kernel: [  762.759217] unexport_store: invalid GPIO 60
Jul 14 16:23:09 raspberrypi kernel: [  762.759523] unexport_store: invalid GPIO 61
Jul 14 16:23:09 raspberrypi kernel: [  762.759822] unexport_store: invalid GPIO 62
Jul 14 16:23:16 raspberrypi kernel: [  769.389710] unexport_store: invalid GPIO 54
Jul 14 16:23:16 raspberrypi kernel: [  769.390034] unexport_store: invalid GPIO 55
Jul 14 16:23:16 raspberrypi kernel: [  769.390347] unexport_store: invalid GPIO 56
Jul 14 16:23:16 raspberrypi kernel: [  769.390651] unexport_store: invalid GPIO 57
Jul 14 16:23:16 raspberrypi kernel: [  769.390964] unexport_store: invalid GPIO 58
Jul 14 16:23:16 raspberrypi kernel: [  769.391271] unexport_store: invalid GPIO 59
Jul 14 16:23:16 raspberrypi kernel: [  769.391577] unexport_store: invalid GPIO 60
Jul 14 16:23:16 raspberrypi kernel: [  769.391893] unexport_store: invalid GPIO 61
Jul 14 16:23:16 raspberrypi kernel: [  769.392205] unexport_store: invalid GPIO 62
Jul 14 16:23:22 raspberrypi kernel: [  776.057249] unexport_store: invalid GPIO 54
Jul 14 16:23:22 raspberrypi kernel: [  776.057569] unexport_store: invalid GPIO 55
Jul 14 16:23:22 raspberrypi kernel: [  776.057875] unexport_store: invalid GPIO 56
Jul 14 16:23:22 raspberrypi kernel: [  776.063859] unexport_store: invalid GPIO 57
Jul 14 16:23:22 raspberrypi kernel: [  776.064315] unexport_store: invalid GPIO 58
Jul 14 16:23:22 raspberrypi kernel: [  776.064625] unexport_store: invalid GPIO 59
Jul 14 16:23:22 raspberrypi kernel: [  776.064927] unexport_store: invalid GPIO 60
Jul 14 16:23:22 raspberrypi kernel: [  776.065232] unexport_store: invalid GPIO 61
Jul 14 16:23:22 raspberrypi kernel: [  776.065536] unexport_store: invalid GPIO 62
Jul 14 16:23:29 raspberrypi kernel: [  782.704174] unexport_store: invalid GPIO 54
Jul 14 16:23:29 raspberrypi kernel: [  782.704494] unexport_store: invalid GPIO 55
Jul 14 16:23:29 raspberrypi kernel: [  782.704806] unexport_store: invalid GPIO 56
Jul 14 16:23:29 raspberrypi kernel: [  782.705111] unexport_store: invalid GPIO 57
Jul 14 16:23:29 raspberrypi kernel: [  782.705413] unexport_store: invalid GPIO 58
Jul 14 16:23:29 raspberrypi kernel: [  782.705719] unexport_store: invalid GPIO 59
Jul 14 16:23:29 raspberrypi kernel: [  782.706020] unexport_store: invalid GPIO 60
Jul 14 16:23:29 raspberrypi kernel: [  782.706323] unexport_store: invalid GPIO 61
Jul 14 16:23:29 raspberrypi kernel: [  782.706629] unexport_store: invalid GPIO 62
Jul 14 16:23:35 raspberrypi kernel: [  789.357170] unexport_store: invalid GPIO 54
Jul 14 16:23:35 raspberrypi kernel: [  789.357510] unexport_store: invalid GPIO 55
Jul 14 16:23:35 raspberrypi kernel: [  789.357984] unexport_store: invalid GPIO 56
Jul 14 16:23:36 raspberrypi kernel: [  789.368658] unexport_store: invalid GPIO 57
Jul 14 16:23:36 raspberrypi kernel: [  789.369084] unexport_store: invalid GPIO 58
Jul 14 16:23:36 raspberrypi kernel: [  789.369415] unexport_store: invalid GPIO 59
Jul 14 16:23:36 raspberrypi kernel: [  789.369726] unexport_store: invalid GPIO 60
Jul 14 16:23:36 raspberrypi kernel: [  789.370040] unexport_store: invalid GPIO 61
Jul 14 16:23:36 raspberrypi kernel: [  789.370348] unexport_store: invalid GPIO 62
Jul 14 16:23:42 raspberrypi kernel: [  796.126249] unexport_store: invalid GPIO 54
Jul 14 16:23:42 raspberrypi kernel: [  796.126650] unexport_store: invalid GPIO 55
Jul 14 16:23:42 raspberrypi kernel: [  796.127112] unexport_store: invalid GPIO 56
Jul 14 16:23:42 raspberrypi kernel: [  796.127440] unexport_store: invalid GPIO 57
Jul 14 16:23:42 raspberrypi kernel: [  796.127747] unexport_store: invalid GPIO 58
Jul 14 16:23:42 raspberrypi kernel: [  796.128055] unexport_store: invalid GPIO 59
Jul 14 16:23:42 raspberrypi kernel: [  796.148792] unexport_store: invalid GPIO 60
Jul 14 16:23:42 raspberrypi kernel: [  796.149213] unexport_store: invalid GPIO 61
Jul 14 16:23:42 raspberrypi kernel: [  796.149529] unexport_store: invalid GPIO 62
Jul 14 16:23:49 raspberrypi kernel: [  802.963147] unexport_store: invalid GPIO 54
Jul 14 16:23:49 raspberrypi kernel: [  802.963466] unexport_store: invalid GPIO 55
Jul 14 16:23:49 raspberrypi kernel: [  802.963767] unexport_store: invalid GPIO 56
Jul 14 16:23:49 raspberrypi kernel: [  802.964077] unexport_store: invalid GPIO 57
Jul 14 16:23:49 raspberrypi kernel: [  802.964383] unexport_store: invalid GPIO 58
Jul 14 16:23:49 raspberrypi kernel: [  802.964686] unexport_store: invalid GPIO 59
Jul 14 16:23:49 raspberrypi kernel: [  802.964994] unexport_store: invalid GPIO 60
Jul 14 16:23:49 raspberrypi kernel: [  802.965299] unexport_store: invalid GPIO 61
Jul 14 16:23:49 raspberrypi kernel: [  802.965603] unexport_store: invalid GPIO 62
Jul 14 16:23:56 raspberrypi kernel: [  809.917170] unexport_store: invalid GPIO 54
Jul 14 16:23:56 raspberrypi kernel: [  809.917453] unexport_store: invalid GPIO 55
Jul 14 16:23:56 raspberrypi kernel: [  809.917738] unexport_store: invalid GPIO 56
Jul 14 16:23:56 raspberrypi kernel: [  809.918017] unexport_store: invalid GPIO 57
Jul 14 16:23:56 raspberrypi kernel: [  809.918300] unexport_store: invalid GPIO 58
Jul 14 16:23:56 raspberrypi kernel: [  809.943644] unexport_store: invalid GPIO 59
Jul 14 16:23:56 raspberrypi kernel: [  809.944112] unexport_store: invalid GPIO 60
Jul 14 16:23:56 raspberrypi kernel: [  809.944513] unexport_store: invalid GPIO 61
Jul 14 16:23:56 raspberrypi kernel: [  809.944970] unexport_store: invalid GPIO 62
Jul 14 16:24:03 raspberrypi kernel: [  816.543426] unexport_store: invalid GPIO 54
Jul 14 16:24:03 raspberrypi kernel: [  816.543751] unexport_store: invalid GPIO 55
Jul 14 16:24:03 raspberrypi kernel: [  816.544058] unexport_store: invalid GPIO 56
Jul 14 16:24:03 raspberrypi kernel: [  816.544456] unexport_store: invalid GPIO 57
Jul 14 16:24:03 raspberrypi kernel: [  816.544870] unexport_store: invalid GPIO 58
Jul 14 16:24:03 raspberrypi kernel: [  816.545197] unexport_store: invalid GPIO 59
Jul 14 16:24:03 raspberrypi kernel: [  816.545664] unexport_store: invalid GPIO 60
Jul 14 16:24:03 raspberrypi kernel: [  816.546054] unexport_store: invalid GPIO 61
Jul 14 16:24:03 raspberrypi kernel: [  816.546350] unexport_store: invalid GPIO 62
Jul 14 16:24:09 raspberrypi kernel: [  823.280566] unexport_store: invalid GPIO 54
Jul 14 16:24:09 raspberrypi kernel: [  823.280891] unexport_store: invalid GPIO 55
Jul 14 16:24:09 raspberrypi kernel: [  823.281193] unexport_store: invalid GPIO 56
Jul 14 16:24:09 raspberrypi kernel: [  823.281696] unexport_store: invalid GPIO 57
Jul 14 16:24:09 raspberrypi kernel: [  823.282029] unexport_store: invalid GPIO 58
Jul 14 16:24:09 raspberrypi kernel: [  823.282471] unexport_store: invalid GPIO 59
Jul 14 16:24:09 raspberrypi kernel: [  823.282871] unexport_store: invalid GPIO 60
Jul 14 16:24:09 raspberrypi kernel: [  823.283182] unexport_store: invalid GPIO 61
Jul 14 16:24:09 raspberrypi kernel: [  823.283496] unexport_store: invalid GPIO 62
Jul 14 16:24:16 raspberrypi kernel: [  829.907085] unexport_store: invalid GPIO 54
Jul 14 16:24:16 raspberrypi kernel: [  829.907626] unexport_store: invalid GPIO 55
Jul 14 16:24:16 raspberrypi kernel: [  829.907958] unexport_store: invalid GPIO 56
Jul 14 16:24:16 raspberrypi kernel: [  829.908268] unexport_store: invalid GPIO 57
Jul 14 16:24:16 raspberrypi kernel: [  829.923267] unexport_store: invalid GPIO 58
Jul 14 16:24:16 raspberrypi kernel: [  829.923817] unexport_store: invalid GPIO 59
Jul 14 16:24:16 raspberrypi kernel: [  829.924146] unexport_store: invalid GPIO 60
Jul 14 16:24:16 raspberrypi kernel: [  829.924457] unexport_store: invalid GPIO 61
Jul 14 16:24:16 raspberrypi kernel: [  829.924761] unexport_store: invalid GPIO 62
Jul 14 16:24:23 raspberrypi kernel: [  836.557605] unexport_store: invalid GPIO 54
Jul 14 16:24:23 raspberrypi kernel: [  836.557926] unexport_store: invalid GPIO 55
Jul 14 16:24:23 raspberrypi kernel: [  836.558234] unexport_store: invalid GPIO 56
Jul 14 16:24:23 raspberrypi kernel: [  836.558540] unexport_store: invalid GPIO 57
Jul 14 16:24:23 raspberrypi kernel: [  836.572027] unexport_store: invalid GPIO 58
Jul 14 16:24:23 raspberrypi kernel: [  836.572596] unexport_store: invalid GPIO 59
Jul 14 16:24:23 raspberrypi kernel: [  836.572919] unexport_store: invalid GPIO 60
Jul 14 16:24:23 raspberrypi kernel: [  836.573216] unexport_store: invalid GPIO 61
Jul 14 16:24:23 raspberrypi kernel: [  836.573524] unexport_store: invalid GPIO 62
Jul 14 16:24:29 raspberrypi kernel: [  843.217330] unexport_store: invalid GPIO 54
Jul 14 16:24:29 raspberrypi kernel: [  843.217645] unexport_store: invalid GPIO 55
Jul 14 16:24:29 raspberrypi kernel: [  843.217953] unexport_store: invalid GPIO 56
Jul 14 16:24:29 raspberrypi kernel: [  843.218258] unexport_store: invalid GPIO 57
Jul 14 16:24:29 raspberrypi kernel: [  843.218564] unexport_store: invalid GPIO 58
Jul 14 16:24:29 raspberrypi kernel: [  843.229487] unexport_store: invalid GPIO 59
Jul 14 16:24:29 raspberrypi kernel: [  843.229853] unexport_store: invalid GPIO 60
Jul 14 16:24:29 raspberrypi kernel: [  843.230164] unexport_store: invalid GPIO 61
Jul 14 16:24:29 raspberrypi kernel: [  843.230474] unexport_store: invalid GPIO 62
Jul 14 16:24:36 raspberrypi kernel: [  849.995102] unexport_store: invalid GPIO 54
Jul 14 16:24:36 raspberrypi kernel: [  849.995417] unexport_store: invalid GPIO 55
Jul 14 16:24:36 raspberrypi kernel: [  849.995718] unexport_store: invalid GPIO 56
Jul 14 16:24:36 raspberrypi kernel: [  849.996020] unexport_store: invalid GPIO 57
Jul 14 16:24:36 raspberrypi kernel: [  849.996319] unexport_store: invalid GPIO 58
Jul 14 16:24:36 raspberrypi kernel: [  849.996623] unexport_store: invalid GPIO 59
Jul 14 16:24:36 raspberrypi kernel: [  849.997006] unexport_store: invalid GPIO 60
Jul 14 16:24:36 raspberrypi kernel: [  849.997423] unexport_store: invalid GPIO 61
Jul 14 16:24:36 raspberrypi kernel: [  849.997745] unexport_store: invalid GPIO 62
Jul 14 16:24:43 raspberrypi kernel: [  856.637574] unexport_store: invalid GPIO 54
Jul 14 16:24:43 raspberrypi kernel: [  856.637979] unexport_store: invalid GPIO 55
Jul 14 16:24:43 raspberrypi kernel: [  856.638389] unexport_store: invalid GPIO 56
Jul 14 16:24:43 raspberrypi kernel: [  856.638708] unexport_store: invalid GPIO 57
Jul 14 16:24:43 raspberrypi kernel: [  856.650938] unexport_store: invalid GPIO 58
Jul 14 16:24:43 raspberrypi kernel: [  856.651272] unexport_store: invalid GPIO 59
Jul 14 16:24:43 raspberrypi kernel: [  856.651577] unexport_store: invalid GPIO 60
Jul 14 16:24:43 raspberrypi kernel: [  856.651879] unexport_store: invalid GPIO 61
Jul 14 16:24:43 raspberrypi kernel: [  856.652182] unexport_store: invalid GPIO 62
Jul 14 16:24:50 raspberrypi kernel: [  863.367526] unexport_store: invalid GPIO 54
Jul 14 16:24:50 raspberrypi kernel: [  863.367999] unexport_store: invalid GPIO 55
Jul 14 16:24:50 raspberrypi kernel: [  863.368392] unexport_store: invalid GPIO 56
Jul 14 16:24:50 raspberrypi kernel: [  863.368712] unexport_store: invalid GPIO 57
Jul 14 16:24:50 raspberrypi kernel: [  863.399589] unexport_store: invalid GPIO 58
Jul 14 16:24:50 raspberrypi kernel: [  863.400155] unexport_store: invalid GPIO 59
Jul 14 16:24:50 raspberrypi kernel: [  863.400494] unexport_store: invalid GPIO 60
Jul 14 16:24:50 raspberrypi kernel: [  863.400803] unexport_store: invalid GPIO 61
Jul 14 16:24:50 raspberrypi kernel: [  863.401106] unexport_store: invalid GPIO 62
Jul 14 16:24:56 raspberrypi kernel: [  870.347725] unexport_store: invalid GPIO 54
Jul 14 16:24:56 raspberrypi kernel: [  870.348043] unexport_store: invalid GPIO 55
Jul 14 16:24:56 raspberrypi kernel: [  870.348348] unexport_store: invalid GPIO 56
Jul 14 16:24:56 raspberrypi kernel: [  870.348654] unexport_store: invalid GPIO 57
Jul 14 16:24:57 raspberrypi kernel: [  870.376863] unexport_store: invalid GPIO 58
Jul 14 16:24:57 raspberrypi kernel: [  870.377345] unexport_store: invalid GPIO 59
Jul 14 16:24:57 raspberrypi kernel: [  870.377668] unexport_store: invalid GPIO 60
Jul 14 16:24:57 raspberrypi kernel: [  870.377981] unexport_store: invalid GPIO 61
Jul 14 16:24:57 raspberrypi kernel: [  870.378294] unexport_store: invalid GPIO 62
Jul 14 16:25:04 raspberrypi kernel: [  877.446183] unexport_store: invalid GPIO 54
Jul 14 16:25:04 raspberrypi kernel: [  877.446500] unexport_store: invalid GPIO 55
Jul 14 16:25:04 raspberrypi kernel: [  877.446804] unexport_store: invalid GPIO 56
Jul 14 16:25:04 raspberrypi kernel: [  877.447111] unexport_store: invalid GPIO 57
Jul 14 16:25:04 raspberrypi kernel: [  877.447418] unexport_store: invalid GPIO 58
Jul 14 16:25:04 raspberrypi kernel: [  877.447723] unexport_store: invalid GPIO 59
Jul 14 16:25:04 raspberrypi kernel: [  877.448024] unexport_store: invalid GPIO 60
Jul 14 16:25:04 raspberrypi kernel: [  877.448329] unexport_store: invalid GPIO 61
Jul 14 16:25:04 raspberrypi kernel: [  877.448734] unexport_store: invalid GPIO 62
Jul 14 16:25:11 raspberrypi kernel: [  884.696763] unexport_store: invalid GPIO 54
Jul 14 16:25:11 raspberrypi kernel: [  884.697080] unexport_store: invalid GPIO 55
